[2022-06-06 17:43:13,944: INFO/Beat] beat: Starting...
[2022-06-06 17:43:14,000: INFO/Beat] Scheduler: Sending due task action-initial-task (initial_task)
[2022-06-06 17:43:14,307: INFO/MainProcess] Connected to amqp://guest:**@127.0.0.1:5672//
[2022-06-06 17:43:14,314: INFO/MainProcess] mingle: searching for neighbors
[2022-06-06 17:43:15,331: INFO/MainProcess] mingle: all alone
[2022-06-06 17:43:15,345: INFO/MainProcess] celery@Brad-Olson's-MacBook-Pro ready.
[2022-06-06 17:43:15,962: INFO/Beat] Scheduler: Sending due task action-initial-task (initial_task)
[2022-06-06 17:43:17,962: INFO/Beat] Scheduler: Sending due task action-initial-task (initial_task)
[2022-06-06 17:43:19,963: INFO/Beat] Scheduler: Sending due task action-initial-task (initial_task)
[2022-06-06 17:43:21,963: INFO/Beat] Scheduler: Sending due task action-initial-task (initial_task)
[2022-06-06 17:43:23,963: INFO/Beat] Scheduler: Sending due task action-initial-task (initial_task)
[2022-06-06 17:43:25,963: INFO/Beat] Scheduler: Sending due task action-initial-task (initial_task)
[2022-06-06 17:43:27,963: INFO/Beat] Scheduler: Sending due task action-initial-task (initial_task)
[2022-06-06 17:43:29,963: INFO/Beat] Scheduler: Sending due task action-initial-task (initial_task)
[2022-06-06 17:43:31,963: INFO/Beat] Scheduler: Sending due task action-initial-task (initial_task)
[2022-06-06 17:43:33,963: INFO/Beat] Scheduler: Sending due task action-initial-task (initial_task)
[2022-06-06 17:43:35,963: INFO/Beat] Scheduler: Sending due task action-initial-task (initial_task)
[2022-06-06 17:43:37,963: INFO/Beat] Scheduler: Sending due task action-initial-task (initial_task)
[2022-06-06 17:43:39,963: INFO/Beat] Scheduler: Sending due task action-initial-task (initial_task)
[2022-06-06 17:43:41,963: INFO/Beat] Scheduler: Sending due task action-initial-task (initial_task)
[2022-06-06 17:43:43,963: INFO/Beat] Scheduler: Sending due task action-initial-task (initial_task)
[2022-06-06 17:43:45,963: INFO/Beat] Scheduler: Sending due task action-initial-task (initial_task)
[2022-06-06 17:43:47,963: INFO/Beat] Scheduler: Sending due task action-initial-task (initial_task)
[2022-06-06 17:43:49,963: INFO/Beat] Scheduler: Sending due task action-initial-task (initial_task)
[2022-06-06 17:43:51,963: INFO/Beat] Scheduler: Sending due task action-initial-task (initial_task)
[2022-06-06 17:43:53,963: INFO/Beat] Scheduler: Sending due task action-initial-task (initial_task)
[2022-06-06 17:43:55,963: INFO/Beat] Scheduler: Sending due task action-initial-task (initial_task)
[2022-06-06 17:43:57,963: INFO/Beat] Scheduler: Sending due task action-initial-task (initial_task)
[2022-06-06 17:43:59,963: INFO/Beat] Scheduler: Sending due task action-initial-task (initial_task)
[2022-06-06 17:44:01,963: INFO/Beat] Scheduler: Sending due task action-initial-task (initial_task)
[2022-06-06 17:44:03,963: INFO/Beat] Scheduler: Sending due task action-initial-task (initial_task)
[2022-06-06 17:44:05,963: INFO/Beat] Scheduler: Sending due task action-initial-task (initial_task)
[2022-06-06 17:44:07,963: INFO/Beat] Scheduler: Sending due task action-initial-task (initial_task)
[2022-06-06 17:44:10,844: INFO/MainProcess] beat: Shutting down...
[2022-06-06 17:44:13,555: INFO/Beat] beat: Starting...
[2022-06-06 17:44:13,585: INFO/Beat] Scheduler: Sending due task action-initial-task (initial_task)
[2022-06-06 17:44:13,585: INFO/MainProcess] Connected to amqp://guest:**@127.0.0.1:5672//
[2022-06-06 17:44:13,594: INFO/MainProcess] mingle: searching for neighbors
[2022-06-06 17:44:14,611: INFO/MainProcess] mingle: all alone
[2022-06-06 17:44:14,625: INFO/MainProcess] celery@Brad-Olson's-MacBook-Pro ready.
[2022-06-06 17:44:15,573: INFO/Beat] Scheduler: Sending due task action-initial-task (initial_task)
[2022-06-06 17:44:17,573: INFO/Beat] Scheduler: Sending due task action-initial-task (initial_task)
[2022-06-06 17:44:19,573: INFO/Beat] Scheduler: Sending due task action-initial-task (initial_task)
[2022-06-06 17:44:21,573: INFO/Beat] Scheduler: Sending due task action-initial-task (initial_task)
[2022-06-06 17:44:23,573: INFO/Beat] Scheduler: Sending due task action-initial-task (initial_task)
[2022-06-06 17:44:25,573: INFO/Beat] Scheduler: Sending due task action-initial-task (initial_task)
[2022-06-06 17:44:27,573: INFO/Beat] Scheduler: Sending due task action-initial-task (initial_task)
[2022-06-06 17:44:29,573: INFO/Beat] Scheduler: Sending due task action-initial-task (initial_task)
[2022-06-06 17:44:31,573: INFO/Beat] Scheduler: Sending due task action-initial-task (initial_task)
[2022-06-06 17:44:33,573: INFO/Beat] Scheduler: Sending due task action-initial-task (initial_task)
[2022-06-06 17:44:35,573: INFO/Beat] Scheduler: Sending due task action-initial-task (initial_task)
[2022-06-06 17:44:37,573: INFO/Beat] Scheduler: Sending due task action-initial-task (initial_task)
[2022-06-06 17:44:39,573: INFO/Beat] Scheduler: Sending due task action-initial-task (initial_task)
[2022-06-06 17:44:41,573: INFO/Beat] Scheduler: Sending due task action-initial-task (initial_task)
[2022-06-06 17:44:43,573: INFO/Beat] Scheduler: Sending due task action-initial-task (initial_task)
[2022-06-06 17:44:45,573: INFO/Beat] Scheduler: Sending due task action-initial-task (initial_task)
[2022-06-06 17:44:47,573: INFO/Beat] Scheduler: Sending due task action-initial-task (initial_task)
[2022-06-06 17:44:49,573: INFO/Beat] Scheduler: Sending due task action-initial-task (initial_task)
[2022-06-06 17:44:51,573: INFO/Beat] Scheduler: Sending due task action-initial-task (initial_task)
[2022-06-06 17:44:52,229: INFO/MainProcess] beat: Shutting down...
[2022-06-06 17:44:54,950: INFO/Beat] beat: Starting...
[2022-06-06 17:44:54,962: INFO/MainProcess] Connected to amqp://guest:**@127.0.0.1:5672//
[2022-06-06 17:44:54,970: INFO/MainProcess] mingle: searching for neighbors
[2022-06-06 17:44:54,986: INFO/Beat] Scheduler: Sending due task action-initial-task (initial_task)
[2022-06-06 17:44:55,991: INFO/MainProcess] mingle: all alone
[2022-06-06 17:44:56,008: INFO/MainProcess] celery@Brad-Olson's-MacBook-Pro ready.
[2022-06-06 17:44:56,971: INFO/Beat] Scheduler: Sending due task action-initial-task (initial_task)
[2022-06-06 17:44:58,971: INFO/Beat] Scheduler: Sending due task action-initial-task (initial_task)
[2022-06-06 17:45:00,971: INFO/Beat] Scheduler: Sending due task action-initial-task (initial_task)
[2022-06-06 17:45:02,971: INFO/Beat] Scheduler: Sending due task action-initial-task (initial_task)
[2022-06-06 17:45:04,971: INFO/Beat] Scheduler: Sending due task action-initial-task (initial_task)
[2022-06-06 17:45:06,971: INFO/Beat] Scheduler: Sending due task action-initial-task (initial_task)
[2022-06-06 17:45:08,971: INFO/Beat] Scheduler: Sending due task action-initial-task (initial_task)
[2022-06-06 17:45:10,971: INFO/Beat] Scheduler: Sending due task action-initial-task (initial_task)
[2022-06-06 17:45:12,971: INFO/Beat] Scheduler: Sending due task action-initial-task (initial_task)
[2022-06-06 17:45:13,812: INFO/MainProcess] beat: Shutting down...
[2022-06-06 17:45:16,150: INFO/Beat] beat: Starting...
[2022-06-06 17:45:16,197: INFO/Beat] Scheduler: Sending due task action-initial-task (initial_task)
[2022-06-06 17:45:16,484: INFO/MainProcess] Connected to amqp://guest:**@127.0.0.1:5672//
[2022-06-06 17:45:16,490: INFO/MainProcess] mingle: searching for neighbors
[2022-06-06 17:45:17,510: INFO/MainProcess] mingle: all alone
[2022-06-06 17:45:17,526: INFO/MainProcess] celery@Brad-Olson's-MacBook-Pro ready.
[2022-06-06 17:45:18,166: INFO/Beat] Scheduler: Sending due task action-initial-task (initial_task)
[2022-06-06 17:45:20,166: INFO/Beat] Scheduler: Sending due task action-initial-task (initial_task)
[2022-06-06 17:45:22,166: INFO/Beat] Scheduler: Sending due task action-initial-task (initial_task)
[2022-06-06 17:45:24,166: INFO/Beat] Scheduler: Sending due task action-initial-task (initial_task)
[2022-06-06 17:45:26,166: INFO/Beat] Scheduler: Sending due task action-initial-task (initial_task)
[2022-06-06 17:45:28,166: INFO/Beat] Scheduler: Sending due task action-initial-task (initial_task)
[2022-06-06 17:45:30,167: INFO/Beat] Scheduler: Sending due task action-initial-task (initial_task)
[2022-06-06 17:45:32,167: INFO/Beat] Scheduler: Sending due task action-initial-task (initial_task)
[2022-06-06 17:45:34,167: INFO/Beat] Scheduler: Sending due task action-initial-task (initial_task)
[2022-06-06 17:45:36,167: INFO/Beat] Scheduler: Sending due task action-initial-task (initial_task)
[2022-06-06 17:45:38,167: INFO/Beat] Scheduler: Sending due task action-initial-task (initial_task)
[2022-06-06 17:45:40,167: INFO/Beat] Scheduler: Sending due task action-initial-task (initial_task)
[2022-06-06 17:45:42,167: INFO/Beat] Scheduler: Sending due task action-initial-task (initial_task)
[2022-06-06 17:45:44,739: INFO/MainProcess] beat: Shutting down...
[2022-06-06 17:45:46,659: INFO/Beat] beat: Starting...
[2022-06-06 17:45:46,709: INFO/Beat] Scheduler: Sending due task action-initial-task (initial_task)
[2022-06-06 17:45:47,019: INFO/MainProcess] Connected to amqp://guest:**@127.0.0.1:5672//
[2022-06-06 17:45:47,026: INFO/MainProcess] mingle: searching for neighbors
[2022-06-06 17:45:48,042: INFO/MainProcess] mingle: all alone
[2022-06-06 17:45:48,076: INFO/MainProcess] celery@Brad-Olson's-MacBook-Pro ready.
[2022-06-06 17:45:48,676: INFO/Beat] Scheduler: Sending due task action-initial-task (initial_task)
[2022-06-06 17:45:50,676: INFO/Beat] Scheduler: Sending due task action-initial-task (initial_task)
[2022-06-06 17:45:52,676: INFO/Beat] Scheduler: Sending due task action-initial-task (initial_task)
[2022-06-06 17:45:54,676: INFO/Beat] Scheduler: Sending due task action-initial-task (initial_task)
[2022-06-06 17:45:56,676: INFO/Beat] Scheduler: Sending due task action-initial-task (initial_task)
[2022-06-06 17:45:58,676: INFO/Beat] Scheduler: Sending due task action-initial-task (initial_task)
[2022-06-06 17:46:00,676: INFO/Beat] Scheduler: Sending due task action-initial-task (initial_task)
[2022-06-06 17:46:02,676: INFO/Beat] Scheduler: Sending due task action-initial-task (initial_task)
[2022-06-06 17:46:04,676: INFO/Beat] Scheduler: Sending due task action-initial-task (initial_task)
[2022-06-06 17:46:06,676: INFO/Beat] Scheduler: Sending due task action-initial-task (initial_task)
[2022-06-06 17:46:08,677: INFO/Beat] Scheduler: Sending due task action-initial-task (initial_task)
[2022-06-06 17:46:10,677: INFO/Beat] Scheduler: Sending due task action-initial-task (initial_task)
[2022-06-06 17:46:12,677: INFO/Beat] Scheduler: Sending due task action-initial-task (initial_task)
[2022-06-06 17:46:14,677: INFO/Beat] Scheduler: Sending due task action-initial-task (initial_task)
[2022-06-06 17:46:16,677: INFO/Beat] Scheduler: Sending due task action-initial-task (initial_task)
[2022-06-06 17:46:18,677: INFO/Beat] Scheduler: Sending due task action-initial-task (initial_task)
[2022-06-06 17:46:20,677: INFO/Beat] Scheduler: Sending due task action-initial-task (initial_task)
[2022-06-06 17:46:22,677: INFO/Beat] Scheduler: Sending due task action-initial-task (initial_task)
[2022-06-06 17:46:24,677: INFO/Beat] Scheduler: Sending due task action-initial-task (initial_task)
[2022-06-06 17:46:26,677: INFO/Beat] Scheduler: Sending due task action-initial-task (initial_task)
[2022-06-06 17:46:28,677: INFO/Beat] Scheduler: Sending due task action-initial-task (initial_task)
[2022-06-06 17:46:30,677: INFO/Beat] Scheduler: Sending due task action-initial-task (initial_task)
[2022-06-06 17:46:32,677: INFO/Beat] Scheduler: Sending due task action-initial-task (initial_task)
[2022-06-06 17:46:34,677: INFO/Beat] Scheduler: Sending due task action-initial-task (initial_task)
[2022-06-06 17:46:36,677: INFO/Beat] Scheduler: Sending due task action-initial-task (initial_task)
[2022-06-06 17:46:38,677: INFO/Beat] Scheduler: Sending due task action-initial-task (initial_task)
[2022-06-06 17:46:40,677: INFO/Beat] Scheduler: Sending due task action-initial-task (initial_task)
[2022-06-06 17:46:42,677: INFO/Beat] Scheduler: Sending due task action-initial-task (initial_task)
[2022-06-06 17:46:44,677: INFO/Beat] Scheduler: Sending due task action-initial-task (initial_task)
[2022-06-06 17:46:46,677: INFO/Beat] Scheduler: Sending due task action-initial-task (initial_task)
[2022-06-06 17:46:48,677: INFO/Beat] Scheduler: Sending due task action-initial-task (initial_task)
[2022-06-06 17:46:50,677: INFO/Beat] Scheduler: Sending due task action-initial-task (initial_task)
[2022-06-06 17:46:52,677: INFO/Beat] Scheduler: Sending due task action-initial-task (initial_task)
[2022-06-06 17:46:54,677: INFO/Beat] Scheduler: Sending due task action-initial-task (initial_task)
[2022-06-06 17:46:56,677: INFO/Beat] Scheduler: Sending due task action-initial-task (initial_task)
[2022-06-06 17:46:58,677: INFO/Beat] Scheduler: Sending due task action-initial-task (initial_task)
[2022-06-06 17:47:01,383: INFO/MainProcess] beat: Shutting down...
[2022-06-06 17:47:03,281: INFO/Beat] beat: Starting...
[2022-06-06 17:47:03,330: INFO/Beat] Scheduler: Sending due task action-initial-task (initial_task)
[2022-06-06 17:47:03,636: INFO/MainProcess] Connected to amqp://guest:**@127.0.0.1:5672//
[2022-06-06 17:47:03,642: INFO/MainProcess] mingle: searching for neighbors
[2022-06-06 17:47:04,666: INFO/MainProcess] mingle: all alone
[2022-06-06 17:47:04,697: INFO/MainProcess] celery@Brad-Olson's-MacBook-Pro ready.
[2022-06-06 17:47:05,300: INFO/Beat] Scheduler: Sending due task action-initial-task (initial_task)
[2022-06-06 17:47:07,300: INFO/Beat] Scheduler: Sending due task action-initial-task (initial_task)
[2022-06-06 17:47:09,300: INFO/Beat] Scheduler: Sending due task action-initial-task (initial_task)
[2022-06-06 17:47:11,300: INFO/Beat] Scheduler: Sending due task action-initial-task (initial_task)
[2022-06-06 17:47:13,300: INFO/Beat] Scheduler: Sending due task action-initial-task (initial_task)
[2022-06-06 17:47:15,301: INFO/Beat] Scheduler: Sending due task action-initial-task (initial_task)
[2022-06-06 17:47:17,301: INFO/Beat] Scheduler: Sending due task action-initial-task (initial_task)
[2022-06-06 17:47:19,301: INFO/Beat] Scheduler: Sending due task action-initial-task (initial_task)
[2022-06-06 17:47:21,301: INFO/Beat] Scheduler: Sending due task action-initial-task (initial_task)
[2022-06-06 17:47:23,301: INFO/Beat] Scheduler: Sending due task action-initial-task (initial_task)
[2022-06-06 17:47:25,301: INFO/Beat] Scheduler: Sending due task action-initial-task (initial_task)
[2022-06-06 17:47:27,301: INFO/Beat] Scheduler: Sending due task action-initial-task (initial_task)
[2022-06-06 17:47:29,301: INFO/Beat] Scheduler: Sending due task action-initial-task (initial_task)
[2022-06-06 17:47:31,301: INFO/Beat] Scheduler: Sending due task action-initial-task (initial_task)
[2022-06-06 17:47:33,301: INFO/Beat] Scheduler: Sending due task action-initial-task (initial_task)
[2022-06-06 17:47:35,301: INFO/Beat] Scheduler: Sending due task action-initial-task (initial_task)
[2022-06-06 17:47:37,301: INFO/Beat] Scheduler: Sending due task action-initial-task (initial_task)
[2022-06-06 17:47:39,301: INFO/Beat] Scheduler: Sending due task action-initial-task (initial_task)
[2022-06-06 17:47:41,301: INFO/Beat] Scheduler: Sending due task action-initial-task (initial_task)
[2022-06-06 17:47:43,301: INFO/Beat] Scheduler: Sending due task action-initial-task (initial_task)
[2022-06-06 17:47:45,301: INFO/Beat] Scheduler: Sending due task action-initial-task (initial_task)
[2022-06-06 17:47:47,301: INFO/Beat] Scheduler: Sending due task action-initial-task (initial_task)
[2022-06-06 17:47:49,301: INFO/Beat] Scheduler: Sending due task action-initial-task (initial_task)
[2022-06-06 17:47:51,301: INFO/Beat] Scheduler: Sending due task action-initial-task (initial_task)
[2022-06-06 17:47:53,301: INFO/Beat] Scheduler: Sending due task action-initial-task (initial_task)
[2022-06-06 17:47:55,301: INFO/Beat] Scheduler: Sending due task action-initial-task (initial_task)
[2022-06-06 17:47:57,301: INFO/Beat] Scheduler: Sending due task action-initial-task (initial_task)
[2022-06-06 17:47:59,301: INFO/Beat] Scheduler: Sending due task action-initial-task (initial_task)
[2022-06-06 17:48:01,301: INFO/Beat] Scheduler: Sending due task action-initial-task (initial_task)
[2022-06-06 17:48:03,301: INFO/Beat] Scheduler: Sending due task action-initial-task (initial_task)
[2022-06-06 17:48:05,301: INFO/Beat] Scheduler: Sending due task action-initial-task (initial_task)
[2022-06-06 17:48:07,301: INFO/Beat] Scheduler: Sending due task action-initial-task (initial_task)
[2022-06-06 17:48:09,301: INFO/Beat] Scheduler: Sending due task action-initial-task (initial_task)
[2022-06-06 17:48:11,301: INFO/Beat] Scheduler: Sending due task action-initial-task (initial_task)
[2022-06-06 17:48:13,301: INFO/Beat] Scheduler: Sending due task action-initial-task (initial_task)
[2022-06-06 17:48:15,301: INFO/Beat] Scheduler: Sending due task action-initial-task (initial_task)
[2022-06-06 17:48:17,301: INFO/Beat] Scheduler: Sending due task action-initial-task (initial_task)
[2022-06-06 17:48:19,302: INFO/Beat] Scheduler: Sending due task action-initial-task (initial_task)
[2022-06-06 17:48:21,302: INFO/Beat] Scheduler: Sending due task action-initial-task (initial_task)
[2022-06-06 17:48:23,302: INFO/Beat] Scheduler: Sending due task action-initial-task (initial_task)
[2022-06-06 17:48:25,302: INFO/Beat] Scheduler: Sending due task action-initial-task (initial_task)
[2022-06-06 17:48:27,302: INFO/Beat] Scheduler: Sending due task action-initial-task (initial_task)
[2022-06-06 17:48:29,302: INFO/Beat] Scheduler: Sending due task action-initial-task (initial_task)
[2022-06-06 17:48:31,302: INFO/Beat] Scheduler: Sending due task action-initial-task (initial_task)
[2022-06-06 17:48:33,302: INFO/Beat] Scheduler: Sending due task action-initial-task (initial_task)
[2022-06-06 17:48:35,491: INFO/MainProcess] beat: Shutting down...
[2022-06-06 17:48:37,987: INFO/Beat] beat: Starting...
[2022-06-06 17:48:38,038: INFO/Beat] Scheduler: Sending due task action-initial-task (initial_task)
[2022-06-06 17:48:38,337: INFO/MainProcess] Connected to amqp://guest:**@127.0.0.1:5672//
[2022-06-06 17:48:38,343: INFO/MainProcess] mingle: searching for neighbors
[2022-06-06 17:48:39,361: INFO/MainProcess] mingle: all alone
[2022-06-06 17:48:39,377: INFO/MainProcess] celery@Brad-Olson's-MacBook-Pro ready.
[2022-06-06 17:48:40,007: INFO/Beat] Scheduler: Sending due task action-initial-task (initial_task)
[2022-06-06 17:48:42,007: INFO/Beat] Scheduler: Sending due task action-initial-task (initial_task)
[2022-06-06 17:48:44,008: INFO/Beat] Scheduler: Sending due task action-initial-task (initial_task)
[2022-06-06 17:48:46,008: INFO/Beat] Scheduler: Sending due task action-initial-task (initial_task)
[2022-06-06 17:48:48,008: INFO/Beat] Scheduler: Sending due task action-initial-task (initial_task)
[2022-06-06 17:48:50,008: INFO/Beat] Scheduler: Sending due task action-initial-task (initial_task)
[2022-06-06 17:48:52,008: INFO/Beat] Scheduler: Sending due task action-initial-task (initial_task)
[2022-06-06 17:48:54,008: INFO/Beat] Scheduler: Sending due task action-initial-task (initial_task)
[2022-06-06 17:48:56,008: INFO/Beat] Scheduler: Sending due task action-initial-task (initial_task)
[2022-06-06 17:48:58,008: INFO/Beat] Scheduler: Sending due task action-initial-task (initial_task)
[2022-06-06 17:49:00,008: INFO/Beat] Scheduler: Sending due task action-initial-task (initial_task)
[2022-06-06 17:49:02,008: INFO/Beat] Scheduler: Sending due task action-initial-task (initial_task)
[2022-06-06 17:49:04,008: INFO/Beat] Scheduler: Sending due task action-initial-task (initial_task)
[2022-06-06 17:49:06,008: INFO/Beat] Scheduler: Sending due task action-initial-task (initial_task)
[2022-06-06 17:49:08,008: INFO/Beat] Scheduler: Sending due task action-initial-task (initial_task)
[2022-06-06 17:49:10,008: INFO/Beat] Scheduler: Sending due task action-initial-task (initial_task)
[2022-06-06 17:49:12,008: INFO/Beat] Scheduler: Sending due task action-initial-task (initial_task)
[2022-06-06 17:49:14,008: INFO/Beat] Scheduler: Sending due task action-initial-task (initial_task)
[2022-06-06 17:49:16,008: INFO/Beat] Scheduler: Sending due task action-initial-task (initial_task)
[2022-06-06 17:49:18,008: INFO/Beat] Scheduler: Sending due task action-initial-task (initial_task)
[2022-06-06 17:49:20,008: INFO/Beat] Scheduler: Sending due task action-initial-task (initial_task)
[2022-06-06 17:49:22,008: INFO/Beat] Scheduler: Sending due task action-initial-task (initial_task)
[2022-06-06 17:49:24,008: INFO/Beat] Scheduler: Sending due task action-initial-task (initial_task)
[2022-06-06 17:49:26,008: INFO/Beat] Scheduler: Sending due task action-initial-task (initial_task)
[2022-06-06 17:49:28,008: INFO/Beat] Scheduler: Sending due task action-initial-task (initial_task)
[2022-06-06 17:49:30,008: INFO/Beat] Scheduler: Sending due task action-initial-task (initial_task)
[2022-06-06 17:49:32,008: INFO/Beat] Scheduler: Sending due task action-initial-task (initial_task)
[2022-06-06 17:49:34,008: INFO/Beat] Scheduler: Sending due task action-initial-task (initial_task)
[2022-06-06 17:49:36,008: INFO/Beat] Scheduler: Sending due task action-initial-task (initial_task)
[2022-06-06 17:49:38,008: INFO/Beat] Scheduler: Sending due task action-initial-task (initial_task)
[2022-06-06 17:49:40,008: INFO/Beat] Scheduler: Sending due task action-initial-task (initial_task)
[2022-06-06 17:49:42,008: INFO/Beat] Scheduler: Sending due task action-initial-task (initial_task)
[2022-06-06 17:49:44,009: INFO/Beat] Scheduler: Sending due task action-initial-task (initial_task)
[2022-06-06 17:49:46,009: INFO/Beat] Scheduler: Sending due task action-initial-task (initial_task)
[2022-06-06 17:49:48,009: INFO/Beat] Scheduler: Sending due task action-initial-task (initial_task)
[2022-06-06 17:49:50,009: INFO/Beat] Scheduler: Sending due task action-initial-task (initial_task)
[2022-06-06 17:49:52,009: INFO/Beat] Scheduler: Sending due task action-initial-task (initial_task)
[2022-06-06 17:49:54,009: INFO/Beat] Scheduler: Sending due task action-initial-task (initial_task)
[2022-06-06 17:49:56,009: INFO/Beat] Scheduler: Sending due task action-initial-task (initial_task)
[2022-06-06 17:49:58,009: INFO/Beat] Scheduler: Sending due task action-initial-task (initial_task)
[2022-06-06 17:50:00,009: INFO/Beat] Scheduler: Sending due task action-initial-task (initial_task)
[2022-06-06 17:50:02,009: INFO/Beat] Scheduler: Sending due task action-initial-task (initial_task)
[2022-06-06 17:50:04,009: INFO/Beat] Scheduler: Sending due task action-initial-task (initial_task)
[2022-06-06 17:50:06,009: INFO/Beat] Scheduler: Sending due task action-initial-task (initial_task)
[2022-06-06 17:50:08,009: INFO/Beat] Scheduler: Sending due task action-initial-task (initial_task)
[2022-06-06 17:50:10,009: INFO/Beat] Scheduler: Sending due task action-initial-task (initial_task)
[2022-06-06 17:50:12,608: INFO/MainProcess] beat: Shutting down...
[2022-06-06 17:50:14,794: INFO/Beat] beat: Starting...
[2022-06-06 17:50:14,861: INFO/Beat] Scheduler: Sending due task action-initial-task (initial_task)
[2022-06-06 17:50:15,351: INFO/MainProcess] Connected to amqp://guest:**@127.0.0.1:5672//
[2022-06-06 17:50:15,358: INFO/MainProcess] mingle: searching for neighbors
[2022-06-06 17:50:16,378: INFO/MainProcess] mingle: all alone
[2022-06-06 17:50:16,390: INFO/MainProcess] celery@Brad-Olson's-MacBook-Pro ready.
[2022-06-06 17:50:16,834: INFO/Beat] Scheduler: Sending due task action-initial-task (initial_task)
[2022-06-06 17:50:18,834: INFO/Beat] Scheduler: Sending due task action-initial-task (initial_task)
[2022-06-06 17:50:20,834: INFO/Beat] Scheduler: Sending due task action-initial-task (initial_task)
[2022-06-06 17:50:22,834: INFO/Beat] Scheduler: Sending due task action-initial-task (initial_task)
[2022-06-06 17:50:24,834: INFO/Beat] Scheduler: Sending due task action-initial-task (initial_task)
[2022-06-06 17:50:26,834: INFO/Beat] Scheduler: Sending due task action-initial-task (initial_task)
[2022-06-06 17:50:28,834: INFO/Beat] Scheduler: Sending due task action-initial-task (initial_task)
[2022-06-06 17:50:30,834: INFO/Beat] Scheduler: Sending due task action-initial-task (initial_task)
[2022-06-06 17:50:32,834: INFO/Beat] Scheduler: Sending due task action-initial-task (initial_task)
[2022-06-06 17:50:34,834: INFO/Beat] Scheduler: Sending due task action-initial-task (initial_task)
[2022-06-06 17:50:36,834: INFO/Beat] Scheduler: Sending due task action-initial-task (initial_task)
[2022-06-06 17:50:38,834: INFO/Beat] Scheduler: Sending due task action-initial-task (initial_task)
[2022-06-06 17:50:40,834: INFO/Beat] Scheduler: Sending due task action-initial-task (initial_task)
[2022-06-06 17:50:42,834: INFO/Beat] Scheduler: Sending due task action-initial-task (initial_task)
[2022-06-06 17:50:44,834: INFO/Beat] Scheduler: Sending due task action-initial-task (initial_task)
[2022-06-06 17:50:46,834: INFO/Beat] Scheduler: Sending due task action-initial-task (initial_task)
[2022-06-06 17:50:48,834: INFO/Beat] Scheduler: Sending due task action-initial-task (initial_task)
[2022-06-06 17:50:50,834: INFO/Beat] Scheduler: Sending due task action-initial-task (initial_task)
[2022-06-06 17:50:52,834: INFO/Beat] Scheduler: Sending due task action-initial-task (initial_task)
[2022-06-06 17:50:54,834: INFO/Beat] Scheduler: Sending due task action-initial-task (initial_task)
[2022-06-06 17:50:56,834: INFO/Beat] Scheduler: Sending due task action-initial-task (initial_task)
[2022-06-06 17:50:58,834: INFO/Beat] Scheduler: Sending due task action-initial-task (initial_task)
[2022-06-06 17:51:00,834: INFO/Beat] Scheduler: Sending due task action-initial-task (initial_task)
[2022-06-06 17:51:02,834: INFO/Beat] Scheduler: Sending due task action-initial-task (initial_task)
[2022-06-06 17:51:04,834: INFO/Beat] Scheduler: Sending due task action-initial-task (initial_task)
[2022-06-06 17:51:06,834: INFO/Beat] Scheduler: Sending due task action-initial-task (initial_task)
[2022-06-06 17:51:08,834: INFO/Beat] Scheduler: Sending due task action-initial-task (initial_task)
[2022-06-06 17:51:10,834: INFO/Beat] Scheduler: Sending due task action-initial-task (initial_task)
[2022-06-06 17:51:12,834: INFO/Beat] Scheduler: Sending due task action-initial-task (initial_task)
[2022-06-06 17:51:14,834: INFO/Beat] Scheduler: Sending due task action-initial-task (initial_task)
[2022-06-06 17:51:16,834: INFO/Beat] Scheduler: Sending due task action-initial-task (initial_task)
[2022-06-06 17:51:18,834: INFO/Beat] Scheduler: Sending due task action-initial-task (initial_task)
[2022-06-06 17:51:20,835: INFO/Beat] Scheduler: Sending due task action-initial-task (initial_task)
[2022-06-06 17:51:22,835: INFO/Beat] Scheduler: Sending due task action-initial-task (initial_task)
[2022-06-06 17:51:24,835: INFO/Beat] Scheduler: Sending due task action-initial-task (initial_task)
[2022-06-06 17:51:26,835: INFO/Beat] Scheduler: Sending due task action-initial-task (initial_task)
[2022-06-06 17:51:28,835: INFO/Beat] Scheduler: Sending due task action-initial-task (initial_task)
[2022-06-06 17:51:30,835: INFO/Beat] Scheduler: Sending due task action-initial-task (initial_task)
[2022-06-06 17:51:32,835: INFO/Beat] Scheduler: Sending due task action-initial-task (initial_task)
[2022-06-06 17:51:34,835: INFO/Beat] Scheduler: Sending due task action-initial-task (initial_task)
[2022-06-06 17:51:36,835: INFO/Beat] Scheduler: Sending due task action-initial-task (initial_task)
[2022-06-06 17:51:38,835: INFO/Beat] Scheduler: Sending due task action-initial-task (initial_task)
[2022-06-06 17:51:40,835: INFO/Beat] Scheduler: Sending due task action-initial-task (initial_task)
[2022-06-06 17:51:42,835: INFO/Beat] Scheduler: Sending due task action-initial-task (initial_task)
[2022-06-06 17:51:44,835: INFO/Beat] Scheduler: Sending due task action-initial-task (initial_task)
[2022-06-06 17:51:46,835: INFO/Beat] Scheduler: Sending due task action-initial-task (initial_task)
[2022-06-06 17:51:48,835: INFO/Beat] Scheduler: Sending due task action-initial-task (initial_task)
[2022-06-06 17:51:50,835: INFO/Beat] Scheduler: Sending due task action-initial-task (initial_task)
[2022-06-06 17:51:52,835: INFO/Beat] Scheduler: Sending due task action-initial-task (initial_task)
[2022-06-06 17:51:54,835: INFO/Beat] Scheduler: Sending due task action-initial-task (initial_task)
[2022-06-06 17:51:56,835: INFO/Beat] Scheduler: Sending due task action-initial-task (initial_task)
[2022-06-06 17:51:58,835: INFO/Beat] Scheduler: Sending due task action-initial-task (initial_task)
[2022-06-06 17:52:00,835: INFO/Beat] Scheduler: Sending due task action-initial-task (initial_task)
[2022-06-06 17:52:02,835: INFO/Beat] Scheduler: Sending due task action-initial-task (initial_task)
[2022-06-06 17:52:04,835: INFO/Beat] Scheduler: Sending due task action-initial-task (initial_task)
[2022-06-06 17:52:06,835: INFO/Beat] Scheduler: Sending due task action-initial-task (initial_task)
[2022-06-06 17:52:08,835: INFO/Beat] Scheduler: Sending due task action-initial-task (initial_task)
[2022-06-06 17:52:10,835: INFO/Beat] Scheduler: Sending due task action-initial-task (initial_task)
[2022-06-06 17:52:12,835: INFO/Beat] Scheduler: Sending due task action-initial-task (initial_task)
[2022-06-06 17:52:14,836: INFO/Beat] Scheduler: Sending due task action-initial-task (initial_task)
[2022-06-06 17:52:16,836: INFO/Beat] Scheduler: Sending due task action-initial-task (initial_task)
[2022-06-06 17:52:18,836: INFO/Beat] Scheduler: Sending due task action-initial-task (initial_task)
[2022-06-06 17:52:20,836: INFO/Beat] Scheduler: Sending due task action-initial-task (initial_task)
[2022-06-06 17:52:22,836: INFO/Beat] Scheduler: Sending due task action-initial-task (initial_task)
[2022-06-06 17:52:24,836: INFO/Beat] Scheduler: Sending due task action-initial-task (initial_task)
[2022-06-06 17:52:26,836: INFO/Beat] Scheduler: Sending due task action-initial-task (initial_task)
[2022-06-06 17:52:28,836: INFO/Beat] Scheduler: Sending due task action-initial-task (initial_task)
[2022-06-06 17:52:30,836: INFO/Beat] Scheduler: Sending due task action-initial-task (initial_task)
[2022-06-06 17:52:32,836: INFO/Beat] Scheduler: Sending due task action-initial-task (initial_task)
[2022-06-06 17:52:34,836: INFO/Beat] Scheduler: Sending due task action-initial-task (initial_task)
[2022-06-06 17:52:36,836: INFO/Beat] Scheduler: Sending due task action-initial-task (initial_task)
[2022-06-06 17:52:38,836: INFO/Beat] Scheduler: Sending due task action-initial-task (initial_task)
[2022-06-06 17:52:40,836: INFO/Beat] Scheduler: Sending due task action-initial-task (initial_task)
[2022-06-06 17:52:42,836: INFO/Beat] Scheduler: Sending due task action-initial-task (initial_task)
[2022-06-06 17:52:44,836: INFO/Beat] Scheduler: Sending due task action-initial-task (initial_task)
[2022-06-06 17:52:46,836: INFO/Beat] Scheduler: Sending due task action-initial-task (initial_task)
[2022-06-06 17:52:48,836: INFO/Beat] Scheduler: Sending due task action-initial-task (initial_task)
[2022-06-06 17:52:50,836: INFO/Beat] Scheduler: Sending due task action-initial-task (initial_task)
[2022-06-06 17:52:52,836: INFO/Beat] Scheduler: Sending due task action-initial-task (initial_task)
[2022-06-06 17:52:54,836: INFO/Beat] Scheduler: Sending due task action-initial-task (initial_task)
[2022-06-06 17:52:56,836: INFO/Beat] Scheduler: Sending due task action-initial-task (initial_task)
[2022-06-06 17:52:58,836: INFO/Beat] Scheduler: Sending due task action-initial-task (initial_task)
[2022-06-06 17:53:00,836: INFO/Beat] Scheduler: Sending due task action-initial-task (initial_task)
[2022-06-06 17:53:02,836: INFO/Beat] Scheduler: Sending due task action-initial-task (initial_task)
[2022-06-06 17:53:04,836: INFO/Beat] Scheduler: Sending due task action-initial-task (initial_task)
[2022-06-06 17:53:06,836: INFO/Beat] Scheduler: Sending due task action-initial-task (initial_task)
[2022-06-06 17:53:08,836: INFO/Beat] Scheduler: Sending due task action-initial-task (initial_task)
[2022-06-06 17:53:10,836: INFO/Beat] Scheduler: Sending due task action-initial-task (initial_task)
[2022-06-06 17:53:12,837: INFO/Beat] Scheduler: Sending due task action-initial-task (initial_task)
[2022-06-06 17:53:14,837: INFO/Beat] Scheduler: Sending due task action-initial-task (initial_task)
[2022-06-06 17:53:16,837: INFO/Beat] Scheduler: Sending due task action-initial-task (initial_task)
[2022-06-06 17:53:18,837: INFO/Beat] Scheduler: Sending due task action-initial-task (initial_task)
[2022-06-06 17:53:20,837: INFO/Beat] Scheduler: Sending due task action-initial-task (initial_task)
[2022-06-06 17:53:22,837: INFO/Beat] Scheduler: Sending due task action-initial-task (initial_task)
[2022-06-06 17:53:24,837: INFO/Beat] Scheduler: Sending due task action-initial-task (initial_task)
[2022-06-06 17:53:26,837: INFO/Beat] Scheduler: Sending due task action-initial-task (initial_task)
[2022-06-06 17:53:28,837: INFO/Beat] Scheduler: Sending due task action-initial-task (initial_task)
[2022-06-06 17:53:30,837: INFO/Beat] Scheduler: Sending due task action-initial-task (initial_task)
[2022-06-06 17:53:32,837: INFO/Beat] Scheduler: Sending due task action-initial-task (initial_task)
[2022-06-06 17:53:34,837: INFO/Beat] Scheduler: Sending due task action-initial-task (initial_task)
[2022-06-06 17:53:36,837: INFO/Beat] Scheduler: Sending due task action-initial-task (initial_task)
[2022-06-06 17:53:38,837: INFO/Beat] Scheduler: Sending due task action-initial-task (initial_task)
[2022-06-06 17:53:40,837: INFO/Beat] Scheduler: Sending due task action-initial-task (initial_task)
[2022-06-06 17:53:42,837: INFO/Beat] Scheduler: Sending due task action-initial-task (initial_task)
[2022-06-06 17:53:44,837: INFO/Beat] Scheduler: Sending due task action-initial-task (initial_task)
[2022-06-06 17:53:46,837: INFO/Beat] Scheduler: Sending due task action-initial-task (initial_task)
[2022-06-06 17:53:48,837: INFO/Beat] Scheduler: Sending due task action-initial-task (initial_task)
[2022-06-06 17:53:50,837: INFO/Beat] Scheduler: Sending due task action-initial-task (initial_task)
[2022-06-06 17:53:52,837: INFO/Beat] Scheduler: Sending due task action-initial-task (initial_task)
[2022-06-06 17:53:54,837: INFO/Beat] Scheduler: Sending due task action-initial-task (initial_task)
[2022-06-06 17:53:57,292: INFO/MainProcess] beat: Shutting down...
[2022-06-06 17:53:59,620: INFO/Beat] beat: Starting...
[2022-06-06 17:53:59,651: INFO/MainProcess] Connected to amqp://guest:**@127.0.0.1:5672//
[2022-06-06 17:53:59,653: INFO/Beat] Scheduler: Sending due task action-initial-task (initial_task)
[2022-06-06 17:53:59,660: INFO/MainProcess] mingle: searching for neighbors
[2022-06-06 17:54:00,681: INFO/MainProcess] mingle: all alone
[2022-06-06 17:54:00,696: INFO/MainProcess] celery@Brad-Olson's-MacBook-Pro ready.
[2022-06-06 17:54:01,639: INFO/Beat] Scheduler: Sending due task action-initial-task (initial_task)
[2022-06-06 17:54:03,639: INFO/Beat] Scheduler: Sending due task action-initial-task (initial_task)
[2022-06-06 17:54:05,639: INFO/Beat] Scheduler: Sending due task action-initial-task (initial_task)
[2022-06-06 17:54:07,639: INFO/Beat] Scheduler: Sending due task action-initial-task (initial_task)
[2022-06-06 17:54:09,639: INFO/Beat] Scheduler: Sending due task action-initial-task (initial_task)
[2022-06-06 17:54:11,639: INFO/Beat] Scheduler: Sending due task action-initial-task (initial_task)
[2022-06-06 17:54:13,639: INFO/Beat] Scheduler: Sending due task action-initial-task (initial_task)
[2022-06-06 17:54:15,639: INFO/Beat] Scheduler: Sending due task action-initial-task (initial_task)
[2022-06-06 17:54:17,639: INFO/Beat] Scheduler: Sending due task action-initial-task (initial_task)
[2022-06-06 17:54:19,639: INFO/Beat] Scheduler: Sending due task action-initial-task (initial_task)
[2022-06-06 17:54:21,639: INFO/Beat] Scheduler: Sending due task action-initial-task (initial_task)
[2022-06-06 17:54:23,639: INFO/Beat] Scheduler: Sending due task action-initial-task (initial_task)
[2022-06-06 17:54:25,639: INFO/Beat] Scheduler: Sending due task action-initial-task (initial_task)
[2022-06-06 17:54:27,639: INFO/Beat] Scheduler: Sending due task action-initial-task (initial_task)
[2022-06-06 17:54:29,639: INFO/Beat] Scheduler: Sending due task action-initial-task (initial_task)
[2022-06-06 17:54:31,639: INFO/Beat] Scheduler: Sending due task action-initial-task (initial_task)
[2022-06-06 17:54:33,639: INFO/Beat] Scheduler: Sending due task action-initial-task (initial_task)
[2022-06-06 17:54:35,639: INFO/Beat] Scheduler: Sending due task action-initial-task (initial_task)
[2022-06-06 17:54:35,812: INFO/MainProcess] beat: Shutting down...
[2022-06-06 17:54:41,029: INFO/Beat] beat: Starting...
[2022-06-06 17:54:41,058: INFO/MainProcess] Connected to amqp://guest:**@127.0.0.1:5672//
[2022-06-06 17:54:41,068: INFO/MainProcess] mingle: searching for neighbors
[2022-06-06 17:54:41,083: INFO/Beat] Scheduler: Sending due task action-initial-task (initial_task)
[2022-06-06 17:54:42,090: INFO/MainProcess] mingle: all alone
[2022-06-06 17:54:42,113: INFO/MainProcess] celery@Brad-Olson's-MacBook-Pro ready.
[2022-06-06 17:54:42,115: INFO/MainProcess] Received task: initial_task[260d4c81-0e51-468c-9ebf-29ad3fb86c9a]  
[2022-06-06 17:54:42,220: INFO/ForkPoolWorker-9] initial_task[260d4c81-0e51-468c-9ebf-29ad3fb86c9a]: test
[2022-06-06 17:54:42,313: WARNING/ForkPoolWorker-9] /Users/bradolson/.pyenv/versions/3.9.12/lib/python3.9/site-packages/celery/app/trace.py:615: RuntimeWarning: Exception raised outside body: ConnectionError('Error 8 connecting to redis:6379. nodename nor servname provided, or not known.'):
Traceback (most recent call last):
  File "/Users/bradolson/.pyenv/versions/3.9.12/lib/python3.9/site-packages/redis/connection.py", line 609, in connect
    sock = self.retry.call_with_retry(
  File "/Users/bradolson/.pyenv/versions/3.9.12/lib/python3.9/site-packages/redis/retry.py", line 46, in call_with_retry
    return do()
  File "/Users/bradolson/.pyenv/versions/3.9.12/lib/python3.9/site-packages/redis/connection.py", line 610, in <lambda>
    lambda: self._connect(), lambda error: self.disconnect(error)
  File "/Users/bradolson/.pyenv/versions/3.9.12/lib/python3.9/site-packages/redis/connection.py", line 643, in _connect
    for res in socket.getaddrinfo(
  File "/Users/bradolson/.pyenv/versions/3.9.12/lib/python3.9/socket.py", line 954, in getaddrinfo
    for res in _socket.getaddrinfo(host, port, family, type, proto, flags):
socket.gaierror: [Errno 8] nodename nor servname provided, or not known

During handling of the above exception, another exception occurred:

Traceback (most recent call last):
  File "/Users/bradolson/.pyenv/versions/3.9.12/lib/python3.9/site-packages/celery/app/trace.py", line 472, in trace_task
    mark_as_done(
  File "/Users/bradolson/.pyenv/versions/3.9.12/lib/python3.9/site-packages/celery/backends/base.py", line 154, in mark_as_done
    self.store_result(task_id, result, state, request=request)
  File "/Users/bradolson/.pyenv/versions/3.9.12/lib/python3.9/site-packages/celery/backends/base.py", line 434, in store_result
    self._store_result(task_id, result, state, traceback,
  File "/Users/bradolson/.pyenv/versions/3.9.12/lib/python3.9/site-packages/celery/backends/base.py", line 851, in _store_result
    current_meta = self._get_task_meta_for(task_id)
  File "/Users/bradolson/.pyenv/versions/3.9.12/lib/python3.9/site-packages/celery/backends/base.py", line 869, in _get_task_meta_for
    meta = self.get(self.get_key_for_task(task_id))
  File "/Users/bradolson/.pyenv/versions/3.9.12/lib/python3.9/site-packages/celery/backends/redis.py", line 346, in get
    return self.client.get(key)
  File "/Users/bradolson/.pyenv/versions/3.9.12/lib/python3.9/site-packages/redis/commands/core.py", line 1699, in get
    return self.execute_command("GET", name)
  File "/Users/bradolson/.pyenv/versions/3.9.12/lib/python3.9/site-packages/redis/client.py", line 1232, in execute_command
    conn = self.connection or pool.get_connection(command_name, **options)
  File "/Users/bradolson/.pyenv/versions/3.9.12/lib/python3.9/site-packages/redis/connection.py", line 1383, in get_connection
    connection.connect()
  File "/Users/bradolson/.pyenv/versions/3.9.12/lib/python3.9/site-packages/redis/connection.py", line 615, in connect
    raise ConnectionError(self._error_message(e))
redis.exceptions.ConnectionError: Error 8 connecting to redis:6379. nodename nor servname provided, or not known.

  warn(RuntimeWarning(

[2022-06-06 17:54:42,318: WARNING/ForkPoolWorker-9] /Users/bradolson/.pyenv/versions/3.9.12/lib/python3.9/site-packages/celery/app/trace.py:615: RuntimeWarning: Exception raised outside body: ConnectionError('Error 8 connecting to redis:6379. nodename nor servname provided, or not known.'):
Traceback (most recent call last):
  File "/Users/bradolson/.pyenv/versions/3.9.12/lib/python3.9/site-packages/redis/connection.py", line 609, in connect
    sock = self.retry.call_with_retry(
  File "/Users/bradolson/.pyenv/versions/3.9.12/lib/python3.9/site-packages/redis/retry.py", line 46, in call_with_retry
    return do()
  File "/Users/bradolson/.pyenv/versions/3.9.12/lib/python3.9/site-packages/redis/connection.py", line 610, in <lambda>
    lambda: self._connect(), lambda error: self.disconnect(error)
  File "/Users/bradolson/.pyenv/versions/3.9.12/lib/python3.9/site-packages/redis/connection.py", line 643, in _connect
    for res in socket.getaddrinfo(
  File "/Users/bradolson/.pyenv/versions/3.9.12/lib/python3.9/socket.py", line 954, in getaddrinfo
    for res in _socket.getaddrinfo(host, port, family, type, proto, flags):
socket.gaierror: [Errno 8] nodename nor servname provided, or not known

During handling of the above exception, another exception occurred:

Traceback (most recent call last):
  File "/Users/bradolson/.pyenv/versions/3.9.12/lib/python3.9/site-packages/celery/app/trace.py", line 472, in trace_task
    mark_as_done(
  File "/Users/bradolson/.pyenv/versions/3.9.12/lib/python3.9/site-packages/celery/backends/base.py", line 154, in mark_as_done
    self.store_result(task_id, result, state, request=request)
  File "/Users/bradolson/.pyenv/versions/3.9.12/lib/python3.9/site-packages/celery/backends/base.py", line 434, in store_result
    self._store_result(task_id, result, state, traceback,
  File "/Users/bradolson/.pyenv/versions/3.9.12/lib/python3.9/site-packages/celery/backends/base.py", line 851, in _store_result
    current_meta = self._get_task_meta_for(task_id)
  File "/Users/bradolson/.pyenv/versions/3.9.12/lib/python3.9/site-packages/celery/backends/base.py", line 869, in _get_task_meta_for
    meta = self.get(self.get_key_for_task(task_id))
  File "/Users/bradolson/.pyenv/versions/3.9.12/lib/python3.9/site-packages/celery/backends/redis.py", line 346, in get
    return self.client.get(key)
  File "/Users/bradolson/.pyenv/versions/3.9.12/lib/python3.9/site-packages/redis/commands/core.py", line 1699, in get
    return self.execute_command("GET", name)
  File "/Users/bradolson/.pyenv/versions/3.9.12/lib/python3.9/site-packages/redis/client.py", line 1232, in execute_command
    conn = self.connection or pool.get_connection(command_name, **options)
  File "/Users/bradolson/.pyenv/versions/3.9.12/lib/python3.9/site-packages/redis/connection.py", line 1383, in get_connection
    connection.connect()
  File "/Users/bradolson/.pyenv/versions/3.9.12/lib/python3.9/site-packages/redis/connection.py", line 615, in connect
    raise ConnectionError(self._error_message(e))
redis.exceptions.ConnectionError: Error 8 connecting to redis:6379. nodename nor servname provided, or not known.

During handling of the above exception, another exception occurred:

Traceback (most recent call last):
  File "/Users/bradolson/.pyenv/versions/3.9.12/lib/python3.9/site-packages/redis/connection.py", line 609, in connect
    sock = self.retry.call_with_retry(
  File "/Users/bradolson/.pyenv/versions/3.9.12/lib/python3.9/site-packages/redis/retry.py", line 46, in call_with_retry
    return do()
  File "/Users/bradolson/.pyenv/versions/3.9.12/lib/python3.9/site-packages/redis/connection.py", line 610, in <lambda>
    lambda: self._connect(), lambda error: self.disconnect(error)
  File "/Users/bradolson/.pyenv/versions/3.9.12/lib/python3.9/site-packages/redis/connection.py", line 643, in _connect
    for res in socket.getaddrinfo(
  File "/Users/bradolson/.pyenv/versions/3.9.12/lib/python3.9/socket.py", line 954, in getaddrinfo
    for res in _socket.getaddrinfo(host, port, family, type, proto, flags):
socket.gaierror: [Errno 8] nodename nor servname provided, or not known

During handling of the above exception, another exception occurred:

Traceback (most recent call last):
  File "/Users/bradolson/.pyenv/versions/3.9.12/lib/python3.9/site-packages/celery/app/trace.py", line 536, in trace_task
    return task.__trace__(uuid, args, kwargs, request)
  File "/Users/bradolson/.pyenv/versions/3.9.12/lib/python3.9/site-packages/celery/app/trace.py", line 524, in trace_task
    I, _, _, _ = on_error(task_request, exc, uuid)
  File "/Users/bradolson/.pyenv/versions/3.9.12/lib/python3.9/site-packages/celery/app/trace.py", line 358, in on_error
    R = I.handle_error_state(
  File "/Users/bradolson/.pyenv/versions/3.9.12/lib/python3.9/site-packages/celery/app/trace.py", line 165, in handle_error_state
    return {
  File "/Users/bradolson/.pyenv/versions/3.9.12/lib/python3.9/site-packages/celery/app/trace.py", line 212, in handle_failure
    task.backend.mark_as_failure(
  File "/Users/bradolson/.pyenv/versions/3.9.12/lib/python3.9/site-packages/celery/backends/base.py", line 164, in mark_as_failure
    self.store_result(task_id, exc, state,
  File "/Users/bradolson/.pyenv/versions/3.9.12/lib/python3.9/site-packages/celery/backends/base.py", line 434, in store_result
    self._store_result(task_id, result, state, traceback,
  File "/Users/bradolson/.pyenv/versions/3.9.12/lib/python3.9/site-packages/celery/backends/base.py", line 851, in _store_result
    current_meta = self._get_task_meta_for(task_id)
  File "/Users/bradolson/.pyenv/versions/3.9.12/lib/python3.9/site-packages/celery/backends/base.py", line 869, in _get_task_meta_for
    meta = self.get(self.get_key_for_task(task_id))
  File "/Users/bradolson/.pyenv/versions/3.9.12/lib/python3.9/site-packages/celery/backends/redis.py", line 346, in get
    return self.client.get(key)
  File "/Users/bradolson/.pyenv/versions/3.9.12/lib/python3.9/site-packages/redis/commands/core.py", line 1699, in get
    return self.execute_command("GET", name)
  File "/Users/bradolson/.pyenv/versions/3.9.12/lib/python3.9/site-packages/redis/client.py", line 1232, in execute_command
    conn = self.connection or pool.get_connection(command_name, **options)
  File "/Users/bradolson/.pyenv/versions/3.9.12/lib/python3.9/site-packages/redis/connection.py", line 1383, in get_connection
    connection.connect()
  File "/Users/bradolson/.pyenv/versions/3.9.12/lib/python3.9/site-packages/redis/connection.py", line 615, in connect
    raise ConnectionError(self._error_message(e))
redis.exceptions.ConnectionError: Error 8 connecting to redis:6379. nodename nor servname provided, or not known.

  warn(RuntimeWarning(

[2022-06-06 17:54:43,053: INFO/Beat] Scheduler: Sending due task action-initial-task (initial_task)
[2022-06-06 17:54:43,056: INFO/MainProcess] Received task: initial_task[b317c6eb-e371-48c9-a1b6-aa5698bf1859]  
[2022-06-06 17:54:43,057: INFO/ForkPoolWorker-9] initial_task[b317c6eb-e371-48c9-a1b6-aa5698bf1859]: test
[2022-06-06 17:54:45,053: INFO/Beat] Scheduler: Sending due task action-initial-task (initial_task)
[2022-06-06 17:54:45,055: INFO/MainProcess] Received task: initial_task[ff56e71f-33fa-4915-862f-87655e83a462]  
[2022-06-06 17:54:45,056: INFO/ForkPoolWorker-9] initial_task[ff56e71f-33fa-4915-862f-87655e83a462]: test
[2022-06-06 17:54:47,053: INFO/Beat] Scheduler: Sending due task action-initial-task (initial_task)
[2022-06-06 17:54:47,055: INFO/MainProcess] Received task: initial_task[94a80eae-a4bc-41c6-a41a-562b7dc257dd]  
[2022-06-06 17:54:47,056: INFO/ForkPoolWorker-9] initial_task[94a80eae-a4bc-41c6-a41a-562b7dc257dd]: test
[2022-06-06 17:54:49,053: INFO/Beat] Scheduler: Sending due task action-initial-task (initial_task)
[2022-06-06 17:54:49,055: INFO/MainProcess] Received task: initial_task[e81dfc9f-8482-4131-bff3-68fcdf29d01d]  
[2022-06-06 17:54:49,056: INFO/ForkPoolWorker-9] initial_task[e81dfc9f-8482-4131-bff3-68fcdf29d01d]: test
[2022-06-06 17:54:51,053: INFO/Beat] Scheduler: Sending due task action-initial-task (initial_task)
[2022-06-06 17:54:51,055: INFO/MainProcess] Received task: initial_task[b791b50b-7db8-432a-8cc8-7e5eb0935476]  
[2022-06-06 17:54:51,056: INFO/ForkPoolWorker-9] initial_task[b791b50b-7db8-432a-8cc8-7e5eb0935476]: test
[2022-06-06 17:54:53,053: INFO/Beat] Scheduler: Sending due task action-initial-task (initial_task)
[2022-06-06 17:54:53,055: INFO/MainProcess] Received task: initial_task[97a800ce-21c1-44a6-8bfa-728d2ac20778]  
[2022-06-06 17:54:53,056: INFO/ForkPoolWorker-9] initial_task[97a800ce-21c1-44a6-8bfa-728d2ac20778]: test
[2022-06-06 17:54:55,053: INFO/Beat] Scheduler: Sending due task action-initial-task (initial_task)
[2022-06-06 17:54:55,055: INFO/MainProcess] Received task: initial_task[880984e6-aa69-4344-ae26-1f63981666dc]  
[2022-06-06 17:54:55,056: INFO/ForkPoolWorker-9] initial_task[880984e6-aa69-4344-ae26-1f63981666dc]: test
[2022-06-06 17:54:57,053: INFO/Beat] Scheduler: Sending due task action-initial-task (initial_task)
[2022-06-06 17:54:57,055: INFO/MainProcess] Received task: initial_task[039eaa5e-f038-4788-8aa7-c94351a9bc76]  
[2022-06-06 17:54:57,056: INFO/ForkPoolWorker-9] initial_task[039eaa5e-f038-4788-8aa7-c94351a9bc76]: test
[2022-06-06 17:54:59,053: INFO/Beat] Scheduler: Sending due task action-initial-task (initial_task)
[2022-06-06 17:54:59,055: INFO/MainProcess] Received task: initial_task[fbc01dbc-1a37-4301-ad6a-451c3e0f75b2]  
[2022-06-06 17:54:59,056: INFO/ForkPoolWorker-9] initial_task[fbc01dbc-1a37-4301-ad6a-451c3e0f75b2]: test
[2022-06-06 17:55:01,053: INFO/Beat] Scheduler: Sending due task action-initial-task (initial_task)
[2022-06-06 17:55:01,055: INFO/MainProcess] Received task: initial_task[e844b276-f5f7-4c88-bd82-d6281c35d796]  
[2022-06-06 17:55:01,056: INFO/ForkPoolWorker-9] initial_task[e844b276-f5f7-4c88-bd82-d6281c35d796]: test
[2022-06-06 17:55:03,053: INFO/Beat] Scheduler: Sending due task action-initial-task (initial_task)
[2022-06-06 17:55:03,055: INFO/MainProcess] Received task: initial_task[e2c54351-4a93-478f-bae0-41af6d5786e8]  
[2022-06-06 17:55:03,056: INFO/ForkPoolWorker-9] initial_task[e2c54351-4a93-478f-bae0-41af6d5786e8]: test
[2022-06-06 17:55:05,053: INFO/Beat] Scheduler: Sending due task action-initial-task (initial_task)
[2022-06-06 17:55:05,056: INFO/MainProcess] Received task: initial_task[f97ad9c5-6d84-49cf-8680-184b8b087dc8]  
[2022-06-06 17:55:05,057: INFO/ForkPoolWorker-9] initial_task[f97ad9c5-6d84-49cf-8680-184b8b087dc8]: test
[2022-06-06 17:55:07,053: INFO/Beat] Scheduler: Sending due task action-initial-task (initial_task)
[2022-06-06 17:55:07,055: INFO/MainProcess] Received task: initial_task[3ef9138d-9612-4411-9de7-343fb4dfc66e]  
[2022-06-06 17:55:07,056: INFO/ForkPoolWorker-9] initial_task[3ef9138d-9612-4411-9de7-343fb4dfc66e]: test
[2022-06-06 17:55:09,053: INFO/Beat] Scheduler: Sending due task action-initial-task (initial_task)
[2022-06-06 17:55:09,055: INFO/MainProcess] Received task: initial_task[86cae4b4-664a-4c3b-9e6b-9124b57952ea]  
[2022-06-06 17:55:09,056: INFO/ForkPoolWorker-9] initial_task[86cae4b4-664a-4c3b-9e6b-9124b57952ea]: test
[2022-06-06 17:55:11,053: INFO/Beat] Scheduler: Sending due task action-initial-task (initial_task)
[2022-06-06 17:55:11,055: INFO/MainProcess] Received task: initial_task[52ea57e4-e65c-4944-991e-7ced1d4ada14]  
[2022-06-06 17:55:11,056: INFO/ForkPoolWorker-9] initial_task[52ea57e4-e65c-4944-991e-7ced1d4ada14]: test
[2022-06-06 17:55:13,053: INFO/Beat] Scheduler: Sending due task action-initial-task (initial_task)
[2022-06-06 17:55:13,056: INFO/MainProcess] Received task: initial_task[7dc8e482-4783-4365-a4d9-4dd95fe9cbaf]  
[2022-06-06 17:55:13,057: INFO/ForkPoolWorker-9] initial_task[7dc8e482-4783-4365-a4d9-4dd95fe9cbaf]: test
[2022-06-06 17:55:15,053: INFO/Beat] Scheduler: Sending due task action-initial-task (initial_task)
[2022-06-06 17:55:15,055: INFO/MainProcess] Received task: initial_task[734c454f-f365-41b1-989a-c1e4f9abcad5]  
[2022-06-06 17:55:15,056: INFO/ForkPoolWorker-9] initial_task[734c454f-f365-41b1-989a-c1e4f9abcad5]: test
[2022-06-06 17:55:17,053: INFO/Beat] Scheduler: Sending due task action-initial-task (initial_task)
[2022-06-06 17:55:17,055: INFO/MainProcess] Received task: initial_task[05702ecd-4c09-4871-9fa5-c18d8d8fb9b6]  
[2022-06-06 17:55:17,056: INFO/ForkPoolWorker-9] initial_task[05702ecd-4c09-4871-9fa5-c18d8d8fb9b6]: test
[2022-06-06 17:55:19,053: INFO/Beat] Scheduler: Sending due task action-initial-task (initial_task)
[2022-06-06 17:55:19,055: INFO/MainProcess] Received task: initial_task[7eba94dc-80be-49a2-bd50-ca8e614fc1bd]  
[2022-06-06 17:55:19,056: INFO/ForkPoolWorker-9] initial_task[7eba94dc-80be-49a2-bd50-ca8e614fc1bd]: test
[2022-06-06 17:55:21,053: INFO/Beat] Scheduler: Sending due task action-initial-task (initial_task)
[2022-06-06 17:55:21,055: INFO/MainProcess] Received task: initial_task[a20fdd03-dd23-4795-8a66-6fb28d3f1f38]  
[2022-06-06 17:55:21,056: INFO/ForkPoolWorker-9] initial_task[a20fdd03-dd23-4795-8a66-6fb28d3f1f38]: test
[2022-06-06 17:55:23,053: INFO/Beat] Scheduler: Sending due task action-initial-task (initial_task)
[2022-06-06 17:55:23,055: INFO/MainProcess] Received task: initial_task[062ff103-6444-4756-963f-44f0ff2d9c6d]  
[2022-06-06 17:55:23,056: INFO/ForkPoolWorker-9] initial_task[062ff103-6444-4756-963f-44f0ff2d9c6d]: test
[2022-06-06 17:55:25,053: INFO/Beat] Scheduler: Sending due task action-initial-task (initial_task)
[2022-06-06 17:55:25,056: INFO/MainProcess] Received task: initial_task[11d2813b-90d8-4959-8552-327da5855e2b]  
[2022-06-06 17:55:25,057: INFO/ForkPoolWorker-9] initial_task[11d2813b-90d8-4959-8552-327da5855e2b]: test
[2022-06-06 17:55:27,053: INFO/Beat] Scheduler: Sending due task action-initial-task (initial_task)
[2022-06-06 17:55:27,055: INFO/MainProcess] Received task: initial_task[b7fdc644-b2c2-4907-bd7c-382ce86ffe4c]  
[2022-06-06 17:55:27,057: INFO/ForkPoolWorker-9] initial_task[b7fdc644-b2c2-4907-bd7c-382ce86ffe4c]: test
[2022-06-06 17:55:29,053: INFO/Beat] Scheduler: Sending due task action-initial-task (initial_task)
[2022-06-06 17:55:29,055: INFO/MainProcess] Received task: initial_task[db868729-100c-424f-86a0-eeaf08ff4fe5]  
[2022-06-06 17:55:29,056: INFO/ForkPoolWorker-9] initial_task[db868729-100c-424f-86a0-eeaf08ff4fe5]: test
[2022-06-06 17:55:31,053: INFO/Beat] Scheduler: Sending due task action-initial-task (initial_task)
[2022-06-06 17:55:31,055: INFO/MainProcess] Received task: initial_task[39770e42-f085-467d-b3e4-6c0cb1ebb80b]  
[2022-06-06 17:55:31,056: INFO/ForkPoolWorker-9] initial_task[39770e42-f085-467d-b3e4-6c0cb1ebb80b]: test
[2022-06-06 17:55:33,053: INFO/Beat] Scheduler: Sending due task action-initial-task (initial_task)
[2022-06-06 17:55:33,055: INFO/MainProcess] Received task: initial_task[8fa8ad99-bd92-490d-9dae-0b8ab36be071]  
[2022-06-06 17:55:33,056: INFO/ForkPoolWorker-9] initial_task[8fa8ad99-bd92-490d-9dae-0b8ab36be071]: test
[2022-06-06 17:55:35,053: INFO/Beat] Scheduler: Sending due task action-initial-task (initial_task)
[2022-06-06 17:55:35,055: INFO/MainProcess] Received task: initial_task[32d09f7f-6c15-4223-9a49-19575bce141f]  
[2022-06-06 17:55:35,056: INFO/ForkPoolWorker-9] initial_task[32d09f7f-6c15-4223-9a49-19575bce141f]: test
[2022-06-06 17:55:37,054: INFO/Beat] Scheduler: Sending due task action-initial-task (initial_task)
[2022-06-06 17:55:37,056: INFO/MainProcess] Received task: initial_task[ee6dd8c6-34ee-4f43-9259-4538c1347971]  
[2022-06-06 17:55:37,060: INFO/ForkPoolWorker-9] initial_task[ee6dd8c6-34ee-4f43-9259-4538c1347971]: test
[2022-06-06 17:55:39,054: INFO/Beat] Scheduler: Sending due task action-initial-task (initial_task)
[2022-06-06 17:55:39,056: INFO/MainProcess] Received task: initial_task[70a503ce-59ca-4c09-bda0-19071446a53a]  
[2022-06-06 17:55:39,057: INFO/ForkPoolWorker-9] initial_task[70a503ce-59ca-4c09-bda0-19071446a53a]: test
[2022-06-06 17:55:41,054: INFO/Beat] Scheduler: Sending due task action-initial-task (initial_task)
[2022-06-06 17:55:41,060: INFO/MainProcess] Received task: initial_task[8bd3b5fa-0086-4ed1-945f-ca27907f1dea]  
[2022-06-06 17:55:41,065: INFO/ForkPoolWorker-9] initial_task[8bd3b5fa-0086-4ed1-945f-ca27907f1dea]: test
[2022-06-06 17:55:43,054: INFO/Beat] Scheduler: Sending due task action-initial-task (initial_task)
[2022-06-06 17:55:43,056: INFO/MainProcess] Received task: initial_task[4d3286ce-5e54-407f-b2d6-cd3774d95c58]  
[2022-06-06 17:55:43,057: INFO/ForkPoolWorker-9] initial_task[4d3286ce-5e54-407f-b2d6-cd3774d95c58]: test
[2022-06-06 17:55:45,054: INFO/Beat] Scheduler: Sending due task action-initial-task (initial_task)
[2022-06-06 17:55:45,056: INFO/MainProcess] Received task: initial_task[63d3b824-fab2-42a4-b156-f10485dede11]  
[2022-06-06 17:55:45,057: INFO/ForkPoolWorker-9] initial_task[63d3b824-fab2-42a4-b156-f10485dede11]: test
[2022-06-06 17:55:47,054: INFO/Beat] Scheduler: Sending due task action-initial-task (initial_task)
[2022-06-06 17:55:47,056: INFO/MainProcess] Received task: initial_task[f2953b94-d335-456f-a743-f40e5f0d7950]  
[2022-06-06 17:55:47,057: INFO/ForkPoolWorker-9] initial_task[f2953b94-d335-456f-a743-f40e5f0d7950]: test
[2022-06-06 17:55:49,054: INFO/Beat] Scheduler: Sending due task action-initial-task (initial_task)
[2022-06-06 17:55:49,056: INFO/MainProcess] Received task: initial_task[8b9999bb-7e83-4b52-927d-64a43220e9b4]  
[2022-06-06 17:55:49,057: INFO/ForkPoolWorker-9] initial_task[8b9999bb-7e83-4b52-927d-64a43220e9b4]: test
[2022-06-06 17:55:51,054: INFO/Beat] Scheduler: Sending due task action-initial-task (initial_task)
[2022-06-06 17:55:51,056: INFO/MainProcess] Received task: initial_task[66c42ebc-742c-4760-9f2e-350774d1689a]  
[2022-06-06 17:55:51,057: INFO/ForkPoolWorker-9] initial_task[66c42ebc-742c-4760-9f2e-350774d1689a]: test
[2022-06-06 17:55:53,054: INFO/Beat] Scheduler: Sending due task action-initial-task (initial_task)
[2022-06-06 17:55:53,056: INFO/MainProcess] Received task: initial_task[949f86b6-abb5-4b0e-b2d0-53288ad764e2]  
[2022-06-06 17:55:53,057: INFO/ForkPoolWorker-9] initial_task[949f86b6-abb5-4b0e-b2d0-53288ad764e2]: test
[2022-06-06 17:55:55,054: INFO/Beat] Scheduler: Sending due task action-initial-task (initial_task)
[2022-06-06 17:55:55,056: INFO/MainProcess] Received task: initial_task[9a64d3e8-a994-44a0-bdc8-f9a624f98138]  
[2022-06-06 17:55:55,057: INFO/ForkPoolWorker-9] initial_task[9a64d3e8-a994-44a0-bdc8-f9a624f98138]: test
[2022-06-06 17:55:57,054: INFO/Beat] Scheduler: Sending due task action-initial-task (initial_task)
[2022-06-06 17:55:57,056: INFO/MainProcess] Received task: initial_task[51388685-8dc5-4c79-8865-27836d36bcf5]  
[2022-06-06 17:55:57,057: INFO/ForkPoolWorker-9] initial_task[51388685-8dc5-4c79-8865-27836d36bcf5]: test
[2022-06-06 17:55:59,054: INFO/Beat] Scheduler: Sending due task action-initial-task (initial_task)
[2022-06-06 17:55:59,056: INFO/MainProcess] Received task: initial_task[5dad07ad-67c1-4659-9192-05c367294e65]  
[2022-06-06 17:55:59,057: INFO/ForkPoolWorker-9] initial_task[5dad07ad-67c1-4659-9192-05c367294e65]: test
[2022-06-06 17:56:01,054: INFO/Beat] Scheduler: Sending due task action-initial-task (initial_task)
[2022-06-06 17:56:01,056: INFO/MainProcess] Received task: initial_task[5f64f92f-76b1-4b2d-9462-faf4dae8659f]  
[2022-06-06 17:56:01,057: INFO/ForkPoolWorker-9] initial_task[5f64f92f-76b1-4b2d-9462-faf4dae8659f]: test
[2022-06-06 17:56:03,054: INFO/Beat] Scheduler: Sending due task action-initial-task (initial_task)
[2022-06-06 17:56:03,056: INFO/MainProcess] Received task: initial_task[c94b52b0-6ac0-4e9f-8290-21472db12864]  
[2022-06-06 17:56:03,057: INFO/ForkPoolWorker-9] initial_task[c94b52b0-6ac0-4e9f-8290-21472db12864]: test
[2022-06-06 17:56:05,054: INFO/Beat] Scheduler: Sending due task action-initial-task (initial_task)
[2022-06-06 17:56:05,056: INFO/MainProcess] Received task: initial_task[9e3fd711-936e-448b-86d2-42f2a79bfadd]  
[2022-06-06 17:56:05,057: INFO/ForkPoolWorker-9] initial_task[9e3fd711-936e-448b-86d2-42f2a79bfadd]: test
[2022-06-06 17:56:07,054: INFO/Beat] Scheduler: Sending due task action-initial-task (initial_task)
[2022-06-06 17:56:07,056: INFO/MainProcess] Received task: initial_task[7c64f7de-ccb3-4f91-94c2-36557a709b06]  
[2022-06-06 17:56:07,057: INFO/ForkPoolWorker-9] initial_task[7c64f7de-ccb3-4f91-94c2-36557a709b06]: test
[2022-06-06 17:56:09,054: INFO/Beat] Scheduler: Sending due task action-initial-task (initial_task)
[2022-06-06 17:56:09,056: INFO/MainProcess] Received task: initial_task[42426faa-9aaa-45e7-8b63-6c266b984662]  
[2022-06-06 17:56:09,057: INFO/ForkPoolWorker-9] initial_task[42426faa-9aaa-45e7-8b63-6c266b984662]: test
[2022-06-06 17:56:11,054: INFO/Beat] Scheduler: Sending due task action-initial-task (initial_task)
[2022-06-06 17:56:11,056: INFO/MainProcess] Received task: initial_task[0141492d-fe38-4145-8376-982e6994a40b]  
[2022-06-06 17:56:11,057: INFO/ForkPoolWorker-9] initial_task[0141492d-fe38-4145-8376-982e6994a40b]: test
[2022-06-06 17:56:13,054: INFO/Beat] Scheduler: Sending due task action-initial-task (initial_task)
[2022-06-06 17:56:13,056: INFO/MainProcess] Received task: initial_task[55bce27c-78a5-458f-ae3a-b2deedf2c49c]  
[2022-06-06 17:56:13,057: INFO/ForkPoolWorker-9] initial_task[55bce27c-78a5-458f-ae3a-b2deedf2c49c]: test
[2022-06-06 17:56:15,054: INFO/Beat] Scheduler: Sending due task action-initial-task (initial_task)
[2022-06-06 17:56:15,056: INFO/MainProcess] Received task: initial_task[6f527c28-95a1-4eef-af5f-e3931bda4b21]  
[2022-06-06 17:56:15,057: INFO/ForkPoolWorker-9] initial_task[6f527c28-95a1-4eef-af5f-e3931bda4b21]: test
[2022-06-06 17:56:17,054: INFO/Beat] Scheduler: Sending due task action-initial-task (initial_task)
[2022-06-06 17:56:17,057: INFO/MainProcess] Received task: initial_task[282908ae-407c-4f5d-8a40-295456ea4436]  
[2022-06-06 17:56:17,058: INFO/ForkPoolWorker-9] initial_task[282908ae-407c-4f5d-8a40-295456ea4436]: test
[2022-06-06 17:56:19,054: INFO/Beat] Scheduler: Sending due task action-initial-task (initial_task)
[2022-06-06 17:56:19,056: INFO/MainProcess] Received task: initial_task[8e768f9c-792b-4b47-903e-d50981e0bdd2]  
[2022-06-06 17:56:19,057: INFO/ForkPoolWorker-9] initial_task[8e768f9c-792b-4b47-903e-d50981e0bdd2]: test
[2022-06-06 17:56:21,054: INFO/Beat] Scheduler: Sending due task action-initial-task (initial_task)
[2022-06-06 17:56:21,056: INFO/MainProcess] Received task: initial_task[8f9fb203-e014-45df-a5ee-aab4667b1a46]  
[2022-06-06 17:56:21,057: INFO/ForkPoolWorker-9] initial_task[8f9fb203-e014-45df-a5ee-aab4667b1a46]: test
[2022-06-06 17:56:23,054: INFO/Beat] Scheduler: Sending due task action-initial-task (initial_task)
[2022-06-06 17:56:23,056: INFO/MainProcess] Received task: initial_task[e1c3018f-6797-4682-b823-6a5ceee00de1]  
[2022-06-06 17:56:23,057: INFO/ForkPoolWorker-9] initial_task[e1c3018f-6797-4682-b823-6a5ceee00de1]: test
[2022-06-06 17:56:25,054: INFO/Beat] Scheduler: Sending due task action-initial-task (initial_task)
[2022-06-06 17:56:25,056: INFO/MainProcess] Received task: initial_task[e69cbb5a-5c5b-4125-ae2c-a61cc3f9a661]  
[2022-06-06 17:56:25,057: INFO/ForkPoolWorker-9] initial_task[e69cbb5a-5c5b-4125-ae2c-a61cc3f9a661]: test
[2022-06-06 17:56:27,054: INFO/Beat] Scheduler: Sending due task action-initial-task (initial_task)
[2022-06-06 17:56:27,056: INFO/MainProcess] Received task: initial_task[04c5304d-9c92-4a9d-b95b-4fd0e384d3ee]  
[2022-06-06 17:56:27,057: INFO/ForkPoolWorker-9] initial_task[04c5304d-9c92-4a9d-b95b-4fd0e384d3ee]: test
[2022-06-06 17:56:29,054: INFO/Beat] Scheduler: Sending due task action-initial-task (initial_task)
[2022-06-06 17:56:29,056: INFO/MainProcess] Received task: initial_task[b916012e-7e68-4c0f-a512-8f36eb7df628]  
[2022-06-06 17:56:29,057: INFO/ForkPoolWorker-9] initial_task[b916012e-7e68-4c0f-a512-8f36eb7df628]: test
[2022-06-06 17:56:31,054: INFO/Beat] Scheduler: Sending due task action-initial-task (initial_task)
[2022-06-06 17:56:31,056: INFO/MainProcess] Received task: initial_task[dd53bc02-da4c-49e4-a4da-3c3ec540af60]  
[2022-06-06 17:56:31,057: INFO/ForkPoolWorker-9] initial_task[dd53bc02-da4c-49e4-a4da-3c3ec540af60]: test
[2022-06-06 17:56:33,054: INFO/Beat] Scheduler: Sending due task action-initial-task (initial_task)
[2022-06-06 17:56:33,056: INFO/MainProcess] Received task: initial_task[51f0837f-c9e9-4a1c-87c8-bd9068543730]  
[2022-06-06 17:56:33,057: INFO/ForkPoolWorker-9] initial_task[51f0837f-c9e9-4a1c-87c8-bd9068543730]: test
[2022-06-06 17:56:35,054: INFO/Beat] Scheduler: Sending due task action-initial-task (initial_task)
[2022-06-06 17:56:35,056: INFO/MainProcess] Received task: initial_task[51084a09-36e0-4a28-8718-e21a2a4b51a7]  
[2022-06-06 17:56:35,057: INFO/ForkPoolWorker-9] initial_task[51084a09-36e0-4a28-8718-e21a2a4b51a7]: test
[2022-06-06 17:56:37,054: INFO/Beat] Scheduler: Sending due task action-initial-task (initial_task)
[2022-06-06 17:56:37,056: INFO/MainProcess] Received task: initial_task[fc1a5ebf-1213-4c7a-b738-2cc0ac6f2762]  
[2022-06-06 17:56:37,057: INFO/ForkPoolWorker-9] initial_task[fc1a5ebf-1213-4c7a-b738-2cc0ac6f2762]: test
[2022-06-06 17:56:39,054: INFO/Beat] Scheduler: Sending due task action-initial-task (initial_task)
[2022-06-06 17:56:39,056: INFO/MainProcess] Received task: initial_task[6a0cbe0e-dba5-4f2e-b86b-0649f6e7e2fb]  
[2022-06-06 17:56:39,057: INFO/ForkPoolWorker-9] initial_task[6a0cbe0e-dba5-4f2e-b86b-0649f6e7e2fb]: test
[2022-06-06 17:56:41,054: INFO/Beat] Scheduler: Sending due task action-initial-task (initial_task)
[2022-06-06 17:56:41,056: INFO/MainProcess] Received task: initial_task[b98bc4d5-16c0-414f-86ed-ad04c00a0279]  
[2022-06-06 17:56:41,057: INFO/ForkPoolWorker-9] initial_task[b98bc4d5-16c0-414f-86ed-ad04c00a0279]: test
[2022-06-06 17:56:43,054: INFO/Beat] Scheduler: Sending due task action-initial-task (initial_task)
[2022-06-06 17:56:43,057: INFO/MainProcess] Received task: initial_task[705edbff-f138-4cf3-9307-be03d2e68f38]  
[2022-06-06 17:56:43,058: INFO/ForkPoolWorker-9] initial_task[705edbff-f138-4cf3-9307-be03d2e68f38]: test
[2022-06-06 17:56:45,054: INFO/Beat] Scheduler: Sending due task action-initial-task (initial_task)
[2022-06-06 17:56:45,056: INFO/MainProcess] Received task: initial_task[84da53c3-bede-4e00-8701-b4637cb1f839]  
[2022-06-06 17:56:45,057: INFO/ForkPoolWorker-9] initial_task[84da53c3-bede-4e00-8701-b4637cb1f839]: test
[2022-06-06 17:56:47,054: INFO/Beat] Scheduler: Sending due task action-initial-task (initial_task)
[2022-06-06 17:56:47,056: INFO/MainProcess] Received task: initial_task[4802e69d-de20-4fe3-baa3-92a3c22b1f36]  
[2022-06-06 17:56:47,057: INFO/ForkPoolWorker-9] initial_task[4802e69d-de20-4fe3-baa3-92a3c22b1f36]: test
[2022-06-06 17:56:49,054: INFO/Beat] Scheduler: Sending due task action-initial-task (initial_task)
[2022-06-06 17:56:49,056: INFO/MainProcess] Received task: initial_task[376c040e-d070-4e76-9b7d-1567c6b6cb32]  
[2022-06-06 17:56:49,057: INFO/ForkPoolWorker-9] initial_task[376c040e-d070-4e76-9b7d-1567c6b6cb32]: test
[2022-06-06 17:56:51,055: INFO/Beat] Scheduler: Sending due task action-initial-task (initial_task)
[2022-06-06 17:56:51,057: INFO/MainProcess] Received task: initial_task[bfe84049-069d-4db1-bbc9-28e59257fed2]  
[2022-06-06 17:56:51,058: INFO/ForkPoolWorker-9] initial_task[bfe84049-069d-4db1-bbc9-28e59257fed2]: test
[2022-06-06 17:56:53,055: INFO/Beat] Scheduler: Sending due task action-initial-task (initial_task)
[2022-06-06 17:56:53,056: INFO/MainProcess] Received task: initial_task[b6452006-88d9-483f-ad6b-ab7ccf2fe0de]  
[2022-06-06 17:56:53,057: INFO/ForkPoolWorker-9] initial_task[b6452006-88d9-483f-ad6b-ab7ccf2fe0de]: test
[2022-06-06 17:56:55,055: INFO/Beat] Scheduler: Sending due task action-initial-task (initial_task)
[2022-06-06 17:56:55,056: INFO/MainProcess] Received task: initial_task[29742fd7-0252-458d-9795-5ee1fb6abfd3]  
[2022-06-06 17:56:55,058: INFO/ForkPoolWorker-9] initial_task[29742fd7-0252-458d-9795-5ee1fb6abfd3]: test
[2022-06-06 17:56:57,055: INFO/Beat] Scheduler: Sending due task action-initial-task (initial_task)
[2022-06-06 17:56:57,057: INFO/MainProcess] Received task: initial_task[1f2c1b54-2006-4646-9cfc-f2081308eca0]  
[2022-06-06 17:56:57,058: INFO/ForkPoolWorker-9] initial_task[1f2c1b54-2006-4646-9cfc-f2081308eca0]: test
[2022-06-06 17:56:59,055: INFO/Beat] Scheduler: Sending due task action-initial-task (initial_task)
[2022-06-06 17:56:59,057: INFO/MainProcess] Received task: initial_task[0bc3372a-b339-4327-85fb-fb4fe1db987b]  
[2022-06-06 17:56:59,058: INFO/ForkPoolWorker-9] initial_task[0bc3372a-b339-4327-85fb-fb4fe1db987b]: test
[2022-06-06 17:57:01,055: INFO/Beat] Scheduler: Sending due task action-initial-task (initial_task)
[2022-06-06 17:57:01,057: INFO/MainProcess] Received task: initial_task[be75167f-6858-4e2a-aac1-2121b5fc4c26]  
[2022-06-06 17:57:01,058: INFO/ForkPoolWorker-9] initial_task[be75167f-6858-4e2a-aac1-2121b5fc4c26]: test
[2022-06-06 17:57:03,055: INFO/Beat] Scheduler: Sending due task action-initial-task (initial_task)
[2022-06-06 17:57:03,057: INFO/MainProcess] Received task: initial_task[9504913c-f0bf-45f6-8b76-4da9aeb7f249]  
[2022-06-06 17:57:03,058: INFO/ForkPoolWorker-9] initial_task[9504913c-f0bf-45f6-8b76-4da9aeb7f249]: test
[2022-06-06 17:57:05,055: INFO/Beat] Scheduler: Sending due task action-initial-task (initial_task)
[2022-06-06 17:57:05,057: INFO/MainProcess] Received task: initial_task[c98683c0-c726-40fe-ab26-7c9659faedb0]  
[2022-06-06 17:57:05,058: INFO/ForkPoolWorker-9] initial_task[c98683c0-c726-40fe-ab26-7c9659faedb0]: test
[2022-06-06 17:57:07,055: INFO/Beat] Scheduler: Sending due task action-initial-task (initial_task)
[2022-06-06 17:57:07,057: INFO/MainProcess] Received task: initial_task[de044529-4322-4857-ace5-82173b5bece5]  
[2022-06-06 17:57:07,058: INFO/ForkPoolWorker-9] initial_task[de044529-4322-4857-ace5-82173b5bece5]: test
[2022-06-06 17:57:09,055: INFO/Beat] Scheduler: Sending due task action-initial-task (initial_task)
[2022-06-06 17:57:09,057: INFO/MainProcess] Received task: initial_task[0f66aa76-4b45-4607-82ea-f5f2d383dcb7]  
[2022-06-06 17:57:09,058: INFO/ForkPoolWorker-9] initial_task[0f66aa76-4b45-4607-82ea-f5f2d383dcb7]: test
[2022-06-06 17:57:11,055: INFO/Beat] Scheduler: Sending due task action-initial-task (initial_task)
[2022-06-06 17:57:11,057: INFO/MainProcess] Received task: initial_task[9e3d385a-6f34-4cd6-8cc8-c12c3a0bd0b4]  
[2022-06-06 17:57:11,058: INFO/ForkPoolWorker-9] initial_task[9e3d385a-6f34-4cd6-8cc8-c12c3a0bd0b4]: test
[2022-06-06 17:57:13,055: INFO/Beat] Scheduler: Sending due task action-initial-task (initial_task)
[2022-06-06 17:57:13,057: INFO/MainProcess] Received task: initial_task[e5b42ff0-8adb-4a5c-9622-2aa82957cf30]  
[2022-06-06 17:57:13,058: INFO/ForkPoolWorker-9] initial_task[e5b42ff0-8adb-4a5c-9622-2aa82957cf30]: test
[2022-06-06 17:57:15,055: INFO/Beat] Scheduler: Sending due task action-initial-task (initial_task)
[2022-06-06 17:57:15,057: INFO/MainProcess] Received task: initial_task[83418bfb-0951-4296-a24c-d4bbf9beba71]  
[2022-06-06 17:57:15,058: INFO/ForkPoolWorker-9] initial_task[83418bfb-0951-4296-a24c-d4bbf9beba71]: test
[2022-06-06 17:57:17,055: INFO/Beat] Scheduler: Sending due task action-initial-task (initial_task)
[2022-06-06 17:57:17,057: INFO/MainProcess] Received task: initial_task[59c32429-5de5-42a4-8a71-699f4f546c5f]  
[2022-06-06 17:57:17,058: INFO/ForkPoolWorker-9] initial_task[59c32429-5de5-42a4-8a71-699f4f546c5f]: test
[2022-06-06 17:57:19,055: INFO/Beat] Scheduler: Sending due task action-initial-task (initial_task)
[2022-06-06 17:57:19,057: INFO/MainProcess] Received task: initial_task[9c0d119e-cbe7-46bd-9764-497b77f64f95]  
[2022-06-06 17:57:19,058: INFO/ForkPoolWorker-9] initial_task[9c0d119e-cbe7-46bd-9764-497b77f64f95]: test
[2022-06-06 17:57:21,055: INFO/Beat] Scheduler: Sending due task action-initial-task (initial_task)
[2022-06-06 17:57:21,057: INFO/MainProcess] Received task: initial_task[01060c1d-bec5-46ca-89d0-95bbb7646c79]  
[2022-06-06 17:57:21,058: INFO/ForkPoolWorker-9] initial_task[01060c1d-bec5-46ca-89d0-95bbb7646c79]: test
[2022-06-06 17:57:23,055: INFO/Beat] Scheduler: Sending due task action-initial-task (initial_task)
[2022-06-06 17:57:23,057: INFO/MainProcess] Received task: initial_task[3a7bdc14-9e59-4bb2-b41b-30449c201faf]  
[2022-06-06 17:57:23,058: INFO/ForkPoolWorker-9] initial_task[3a7bdc14-9e59-4bb2-b41b-30449c201faf]: test
[2022-06-06 17:57:25,055: INFO/Beat] Scheduler: Sending due task action-initial-task (initial_task)
[2022-06-06 17:57:25,057: INFO/MainProcess] Received task: initial_task[2393733e-99e8-4399-b70f-b5d11459f466]  
[2022-06-06 17:57:25,058: INFO/ForkPoolWorker-9] initial_task[2393733e-99e8-4399-b70f-b5d11459f466]: test
[2022-06-06 17:57:27,055: INFO/Beat] Scheduler: Sending due task action-initial-task (initial_task)
[2022-06-06 17:57:27,057: INFO/MainProcess] Received task: initial_task[a585a9c1-2b30-4f5a-9af9-3b31827df5d4]  
[2022-06-06 17:57:27,058: INFO/ForkPoolWorker-9] initial_task[a585a9c1-2b30-4f5a-9af9-3b31827df5d4]: test
[2022-06-06 17:57:29,055: INFO/Beat] Scheduler: Sending due task action-initial-task (initial_task)
[2022-06-06 17:57:29,057: INFO/MainProcess] Received task: initial_task[0d19f9d7-29a8-493e-add8-2509fa576389]  
[2022-06-06 17:57:29,058: INFO/ForkPoolWorker-9] initial_task[0d19f9d7-29a8-493e-add8-2509fa576389]: test
[2022-06-06 17:57:31,055: INFO/Beat] Scheduler: Sending due task action-initial-task (initial_task)
[2022-06-06 17:57:31,057: INFO/MainProcess] Received task: initial_task[2eec8fef-80af-4f94-b4ba-02db4a417176]  
[2022-06-06 17:57:31,058: INFO/ForkPoolWorker-9] initial_task[2eec8fef-80af-4f94-b4ba-02db4a417176]: test
[2022-06-06 17:57:33,055: INFO/Beat] Scheduler: Sending due task action-initial-task (initial_task)
[2022-06-06 17:57:33,057: INFO/MainProcess] Received task: initial_task[543cd67b-d262-484c-a663-d9050ccfca00]  
[2022-06-06 17:57:33,058: INFO/ForkPoolWorker-9] initial_task[543cd67b-d262-484c-a663-d9050ccfca00]: test
[2022-06-06 17:57:35,055: INFO/Beat] Scheduler: Sending due task action-initial-task (initial_task)
[2022-06-06 17:57:35,057: INFO/MainProcess] Received task: initial_task[177a0f09-9e59-4129-995a-e17e4c482b7d]  
[2022-06-06 17:57:35,058: INFO/ForkPoolWorker-9] initial_task[177a0f09-9e59-4129-995a-e17e4c482b7d]: test
[2022-06-06 17:57:37,055: INFO/Beat] Scheduler: Sending due task action-initial-task (initial_task)
[2022-06-06 17:57:37,057: INFO/MainProcess] Received task: initial_task[9f3b174e-fd2a-4497-af99-70a9a25de660]  
[2022-06-06 17:57:37,058: INFO/ForkPoolWorker-9] initial_task[9f3b174e-fd2a-4497-af99-70a9a25de660]: test
[2022-06-06 17:57:39,055: INFO/Beat] Scheduler: Sending due task action-initial-task (initial_task)
[2022-06-06 17:57:39,057: INFO/MainProcess] Received task: initial_task[ebb474bd-af0d-4057-b6cb-fc6612b6f5f0]  
[2022-06-06 17:57:39,058: INFO/ForkPoolWorker-9] initial_task[ebb474bd-af0d-4057-b6cb-fc6612b6f5f0]: test
[2022-06-06 17:57:41,055: INFO/Beat] Scheduler: Sending due task action-initial-task (initial_task)
[2022-06-06 17:57:41,057: INFO/MainProcess] Received task: initial_task[27340e2e-e421-4d24-8932-447bb387473c]  
[2022-06-06 17:57:41,058: INFO/ForkPoolWorker-9] initial_task[27340e2e-e421-4d24-8932-447bb387473c]: test
[2022-06-06 17:57:43,055: INFO/Beat] Scheduler: Sending due task action-initial-task (initial_task)
[2022-06-06 17:57:43,057: INFO/MainProcess] Received task: initial_task[313f9888-aa9b-4992-b9f7-3c836321ce56]  
[2022-06-06 17:57:43,058: INFO/ForkPoolWorker-9] initial_task[313f9888-aa9b-4992-b9f7-3c836321ce56]: test
[2022-06-06 17:57:45,055: INFO/Beat] Scheduler: Sending due task action-initial-task (initial_task)
[2022-06-06 17:57:45,057: INFO/MainProcess] Received task: initial_task[d94144ac-9f1f-42e8-9965-9751556c6b8c]  
[2022-06-06 17:57:45,058: INFO/ForkPoolWorker-9] initial_task[d94144ac-9f1f-42e8-9965-9751556c6b8c]: test
[2022-06-06 17:57:47,055: INFO/Beat] Scheduler: Sending due task action-initial-task (initial_task)
[2022-06-06 17:57:47,057: INFO/MainProcess] Received task: initial_task[483fbf30-26d3-4e79-b151-2e0c86563750]  
[2022-06-06 17:57:47,058: INFO/ForkPoolWorker-9] initial_task[483fbf30-26d3-4e79-b151-2e0c86563750]: test
[2022-06-06 17:57:49,055: INFO/Beat] Scheduler: Sending due task action-initial-task (initial_task)
[2022-06-06 17:57:49,057: INFO/MainProcess] Received task: initial_task[848803a1-2784-4ba1-8fa8-a0a5b7e062d4]  
[2022-06-06 17:57:49,058: INFO/ForkPoolWorker-9] initial_task[848803a1-2784-4ba1-8fa8-a0a5b7e062d4]: test
[2022-06-06 17:57:51,055: INFO/Beat] Scheduler: Sending due task action-initial-task (initial_task)
[2022-06-06 17:57:51,057: INFO/MainProcess] Received task: initial_task[3cb9276b-14d0-46d2-84cb-93adf23098a7]  
[2022-06-06 17:57:51,058: INFO/ForkPoolWorker-9] initial_task[3cb9276b-14d0-46d2-84cb-93adf23098a7]: test
[2022-06-06 17:57:53,055: INFO/Beat] Scheduler: Sending due task action-initial-task (initial_task)
[2022-06-06 17:57:53,057: INFO/MainProcess] Received task: initial_task[663b850c-5abb-4d05-ad54-bdef8ef1479b]  
[2022-06-06 17:57:53,058: INFO/ForkPoolWorker-9] initial_task[663b850c-5abb-4d05-ad54-bdef8ef1479b]: test
[2022-06-06 17:57:55,055: INFO/Beat] Scheduler: Sending due task action-initial-task (initial_task)
[2022-06-06 17:57:55,057: INFO/MainProcess] Received task: initial_task[29342134-6c1c-485d-a9ab-08b5b29d0899]  
[2022-06-06 17:57:55,058: INFO/ForkPoolWorker-9] initial_task[29342134-6c1c-485d-a9ab-08b5b29d0899]: test
[2022-06-06 17:57:57,055: INFO/Beat] Scheduler: Sending due task action-initial-task (initial_task)
[2022-06-06 17:57:57,057: INFO/MainProcess] Received task: initial_task[63564c63-bb15-4aae-ac6a-e959f6076493]  
[2022-06-06 17:57:57,058: INFO/ForkPoolWorker-9] initial_task[63564c63-bb15-4aae-ac6a-e959f6076493]: test
[2022-06-06 17:57:59,056: INFO/Beat] Scheduler: Sending due task action-initial-task (initial_task)
[2022-06-06 17:57:59,057: INFO/MainProcess] Received task: initial_task[ec932a1e-7cb5-4d0f-a1f4-8c1c969b92d8]  
[2022-06-06 17:57:59,058: INFO/ForkPoolWorker-9] initial_task[ec932a1e-7cb5-4d0f-a1f4-8c1c969b92d8]: test
[2022-06-06 17:58:01,056: INFO/Beat] Scheduler: Sending due task action-initial-task (initial_task)
[2022-06-06 17:58:01,057: INFO/MainProcess] Received task: initial_task[1d287cb8-17d9-4f3e-b45c-927cdcb34e0c]  
[2022-06-06 17:58:01,058: INFO/ForkPoolWorker-9] initial_task[1d287cb8-17d9-4f3e-b45c-927cdcb34e0c]: test
[2022-06-06 17:58:03,056: INFO/Beat] Scheduler: Sending due task action-initial-task (initial_task)
[2022-06-06 17:58:03,058: INFO/MainProcess] Received task: initial_task[b6178f94-2a94-4776-b14e-a8277e5b9719]  
[2022-06-06 17:58:03,059: INFO/ForkPoolWorker-9] initial_task[b6178f94-2a94-4776-b14e-a8277e5b9719]: test
[2022-06-06 17:58:05,056: INFO/Beat] Scheduler: Sending due task action-initial-task (initial_task)
[2022-06-06 17:58:05,057: INFO/MainProcess] Received task: initial_task[2592569c-4606-41cd-9a40-e6f3bb59fb61]  
[2022-06-06 17:58:05,059: INFO/ForkPoolWorker-9] initial_task[2592569c-4606-41cd-9a40-e6f3bb59fb61]: test
[2022-06-06 17:58:07,056: INFO/Beat] Scheduler: Sending due task action-initial-task (initial_task)
[2022-06-06 17:58:07,058: INFO/MainProcess] Received task: initial_task[aadddc55-8d4f-4ee8-8de3-b4333ccafed6]  
[2022-06-06 17:58:07,058: INFO/ForkPoolWorker-9] initial_task[aadddc55-8d4f-4ee8-8de3-b4333ccafed6]: test
[2022-06-06 17:58:09,056: INFO/Beat] Scheduler: Sending due task action-initial-task (initial_task)
[2022-06-06 17:58:09,058: INFO/MainProcess] Received task: initial_task[53252020-69f7-4bee-bab6-169167b7741a]  
[2022-06-06 17:58:09,059: INFO/ForkPoolWorker-9] initial_task[53252020-69f7-4bee-bab6-169167b7741a]: test
[2022-06-06 17:58:11,056: INFO/Beat] Scheduler: Sending due task action-initial-task (initial_task)
[2022-06-06 17:58:11,058: INFO/MainProcess] Received task: initial_task[9674cfbf-7ada-447c-bbe6-8fd6fdafc07d]  
[2022-06-06 17:58:11,059: INFO/ForkPoolWorker-9] initial_task[9674cfbf-7ada-447c-bbe6-8fd6fdafc07d]: test
[2022-06-06 17:58:13,056: INFO/Beat] Scheduler: Sending due task action-initial-task (initial_task)
[2022-06-06 17:58:13,058: INFO/MainProcess] Received task: initial_task[63aaeab4-224a-42b2-a6a1-3d2fe3c5e1ae]  
[2022-06-06 17:58:13,059: INFO/ForkPoolWorker-9] initial_task[63aaeab4-224a-42b2-a6a1-3d2fe3c5e1ae]: test
[2022-06-06 17:58:15,056: INFO/Beat] Scheduler: Sending due task action-initial-task (initial_task)
[2022-06-06 17:58:15,058: INFO/MainProcess] Received task: initial_task[751ed799-b8d7-4c22-853e-31a66ccb0d66]  
[2022-06-06 17:58:15,059: INFO/ForkPoolWorker-9] initial_task[751ed799-b8d7-4c22-853e-31a66ccb0d66]: test
[2022-06-06 17:58:17,056: INFO/Beat] Scheduler: Sending due task action-initial-task (initial_task)
[2022-06-06 17:58:17,058: INFO/MainProcess] Received task: initial_task[77ec31f0-9647-43e8-861e-2bb5e7bb85b0]  
[2022-06-06 17:58:17,059: INFO/ForkPoolWorker-9] initial_task[77ec31f0-9647-43e8-861e-2bb5e7bb85b0]: test
[2022-06-06 17:58:19,056: INFO/Beat] Scheduler: Sending due task action-initial-task (initial_task)
[2022-06-06 17:58:19,057: INFO/MainProcess] Received task: initial_task[c065f4b7-5442-4c1e-b427-30814d77f9dd]  
[2022-06-06 17:58:19,058: INFO/ForkPoolWorker-9] initial_task[c065f4b7-5442-4c1e-b427-30814d77f9dd]: test
[2022-06-06 17:58:21,056: INFO/Beat] Scheduler: Sending due task action-initial-task (initial_task)
[2022-06-06 17:58:21,058: INFO/MainProcess] Received task: initial_task[67c80b4a-5767-4946-9dae-9eb3cc80fb73]  
[2022-06-06 17:58:21,059: INFO/ForkPoolWorker-9] initial_task[67c80b4a-5767-4946-9dae-9eb3cc80fb73]: test
[2022-06-06 17:58:23,056: INFO/Beat] Scheduler: Sending due task action-initial-task (initial_task)
[2022-06-06 17:58:23,058: INFO/MainProcess] Received task: initial_task[df7c8241-0b10-4608-90ca-3f0024ab5a97]  
[2022-06-06 17:58:23,059: INFO/ForkPoolWorker-9] initial_task[df7c8241-0b10-4608-90ca-3f0024ab5a97]: test
[2022-06-06 17:58:25,056: INFO/Beat] Scheduler: Sending due task action-initial-task (initial_task)
[2022-06-06 17:58:25,058: INFO/MainProcess] Received task: initial_task[06903213-8e2c-4f63-a600-53d7be00e172]  
[2022-06-06 17:58:25,059: INFO/ForkPoolWorker-9] initial_task[06903213-8e2c-4f63-a600-53d7be00e172]: test
[2022-06-06 17:58:27,056: INFO/Beat] Scheduler: Sending due task action-initial-task (initial_task)
[2022-06-06 17:58:27,058: INFO/MainProcess] Received task: initial_task[3f06896f-4b45-44e8-a525-76f2a8b157d1]  
[2022-06-06 17:58:27,058: INFO/ForkPoolWorker-9] initial_task[3f06896f-4b45-44e8-a525-76f2a8b157d1]: test
[2022-06-06 17:58:29,056: INFO/Beat] Scheduler: Sending due task action-initial-task (initial_task)
[2022-06-06 17:58:29,058: INFO/MainProcess] Received task: initial_task[84b6d15d-e60c-4eab-b155-7d5c871d879f]  
[2022-06-06 17:58:29,059: INFO/ForkPoolWorker-9] initial_task[84b6d15d-e60c-4eab-b155-7d5c871d879f]: test
[2022-06-06 17:58:31,056: INFO/Beat] Scheduler: Sending due task action-initial-task (initial_task)
[2022-06-06 17:58:31,058: INFO/MainProcess] Received task: initial_task[0ae0b42f-f44a-4933-8dce-492f3d62ee45]  
[2022-06-06 17:58:31,059: INFO/ForkPoolWorker-9] initial_task[0ae0b42f-f44a-4933-8dce-492f3d62ee45]: test
[2022-06-06 17:58:33,056: INFO/Beat] Scheduler: Sending due task action-initial-task (initial_task)
[2022-06-06 17:58:33,061: INFO/MainProcess] Received task: initial_task[3e1886a4-e09d-4590-a28a-0e3de5ca5342]  
[2022-06-06 17:58:33,063: INFO/ForkPoolWorker-9] initial_task[3e1886a4-e09d-4590-a28a-0e3de5ca5342]: test
[2022-06-06 17:58:35,056: INFO/Beat] Scheduler: Sending due task action-initial-task (initial_task)
[2022-06-06 17:58:35,058: INFO/MainProcess] Received task: initial_task[76d3747b-34a7-4adb-9902-a774163efa95]  
[2022-06-06 17:58:35,059: INFO/ForkPoolWorker-9] initial_task[76d3747b-34a7-4adb-9902-a774163efa95]: test
[2022-06-06 17:58:37,056: INFO/Beat] Scheduler: Sending due task action-initial-task (initial_task)
[2022-06-06 17:58:37,058: INFO/MainProcess] Received task: initial_task[9cf8132f-a9be-437c-aa90-95ac7f2fd7cd]  
[2022-06-06 17:58:37,059: INFO/ForkPoolWorker-9] initial_task[9cf8132f-a9be-437c-aa90-95ac7f2fd7cd]: test
[2022-06-06 17:58:39,056: INFO/Beat] Scheduler: Sending due task action-initial-task (initial_task)
[2022-06-06 17:58:39,058: INFO/MainProcess] Received task: initial_task[4efd8579-3a64-4064-bf34-4c936409c519]  
[2022-06-06 17:58:39,059: INFO/ForkPoolWorker-9] initial_task[4efd8579-3a64-4064-bf34-4c936409c519]: test
[2022-06-06 17:58:41,056: INFO/Beat] Scheduler: Sending due task action-initial-task (initial_task)
[2022-06-06 17:58:41,060: INFO/MainProcess] Received task: initial_task[345990d9-72ab-4430-9331-e6befd1484c3]  
[2022-06-06 17:58:41,062: INFO/ForkPoolWorker-9] initial_task[345990d9-72ab-4430-9331-e6befd1484c3]: test
[2022-06-06 17:58:43,056: INFO/Beat] Scheduler: Sending due task action-initial-task (initial_task)
[2022-06-06 17:58:43,058: INFO/MainProcess] Received task: initial_task[f306c939-9a99-4c89-8121-36e5973d2990]  
[2022-06-06 17:58:43,059: INFO/ForkPoolWorker-9] initial_task[f306c939-9a99-4c89-8121-36e5973d2990]: test
[2022-06-06 17:58:45,056: INFO/Beat] Scheduler: Sending due task action-initial-task (initial_task)
[2022-06-06 17:58:45,058: INFO/MainProcess] Received task: initial_task[dc6c62f6-383b-46fd-9964-df164f45b188]  
[2022-06-06 17:58:45,059: INFO/ForkPoolWorker-9] initial_task[dc6c62f6-383b-46fd-9964-df164f45b188]: test
[2022-06-06 17:58:47,056: INFO/Beat] Scheduler: Sending due task action-initial-task (initial_task)
[2022-06-06 17:58:47,058: INFO/MainProcess] Received task: initial_task[c4a15441-4259-403a-8aa4-ef3995371345]  
[2022-06-06 17:58:47,059: INFO/ForkPoolWorker-9] initial_task[c4a15441-4259-403a-8aa4-ef3995371345]: test
[2022-06-06 17:58:49,056: INFO/Beat] Scheduler: Sending due task action-initial-task (initial_task)
[2022-06-06 17:58:49,058: INFO/MainProcess] Received task: initial_task[297be67b-de59-447d-acae-b2b89034aedc]  
[2022-06-06 17:58:49,059: INFO/ForkPoolWorker-9] initial_task[297be67b-de59-447d-acae-b2b89034aedc]: test
[2022-06-06 17:58:51,056: INFO/Beat] Scheduler: Sending due task action-initial-task (initial_task)
[2022-06-06 17:58:51,058: INFO/MainProcess] Received task: initial_task[82c9e07a-881e-4463-9eac-dc8b4ae67773]  
[2022-06-06 17:58:51,059: INFO/ForkPoolWorker-9] initial_task[82c9e07a-881e-4463-9eac-dc8b4ae67773]: test
[2022-06-06 17:58:53,056: INFO/Beat] Scheduler: Sending due task action-initial-task (initial_task)
[2022-06-06 17:58:53,058: INFO/MainProcess] Received task: initial_task[da76dc5d-92a4-48c6-ac4a-6e471a687a9a]  
[2022-06-06 17:58:53,059: INFO/ForkPoolWorker-9] initial_task[da76dc5d-92a4-48c6-ac4a-6e471a687a9a]: test
[2022-06-06 17:58:55,056: INFO/Beat] Scheduler: Sending due task action-initial-task (initial_task)
[2022-06-06 17:58:55,058: INFO/MainProcess] Received task: initial_task[d36b4153-34e7-4251-9593-3f63c184dad8]  
[2022-06-06 17:58:55,059: INFO/ForkPoolWorker-9] initial_task[d36b4153-34e7-4251-9593-3f63c184dad8]: test
[2022-06-06 17:58:57,056: INFO/Beat] Scheduler: Sending due task action-initial-task (initial_task)
[2022-06-06 17:58:57,058: INFO/MainProcess] Received task: initial_task[ab716c44-28c4-41d0-b3ff-b64b4be40582]  
[2022-06-06 17:58:57,059: INFO/ForkPoolWorker-9] initial_task[ab716c44-28c4-41d0-b3ff-b64b4be40582]: test
[2022-06-06 17:58:59,056: INFO/Beat] Scheduler: Sending due task action-initial-task (initial_task)
[2022-06-06 17:58:59,058: INFO/MainProcess] Received task: initial_task[1cd28b9c-f675-4ece-9eab-87803d498557]  
[2022-06-06 17:58:59,060: INFO/ForkPoolWorker-9] initial_task[1cd28b9c-f675-4ece-9eab-87803d498557]: test
[2022-06-06 17:59:01,056: INFO/Beat] Scheduler: Sending due task action-initial-task (initial_task)
[2022-06-06 17:59:01,059: INFO/MainProcess] Received task: initial_task[b6858055-3174-414b-8b70-3969ff5396fe]  
[2022-06-06 17:59:01,060: INFO/ForkPoolWorker-9] initial_task[b6858055-3174-414b-8b70-3969ff5396fe]: test
[2022-06-06 17:59:03,056: INFO/Beat] Scheduler: Sending due task action-initial-task (initial_task)
[2022-06-06 17:59:03,058: INFO/MainProcess] Received task: initial_task[506399f7-6b05-4eb1-897a-839f794f13bd]  
[2022-06-06 17:59:03,059: INFO/ForkPoolWorker-9] initial_task[506399f7-6b05-4eb1-897a-839f794f13bd]: test
[2022-06-06 17:59:05,057: INFO/Beat] Scheduler: Sending due task action-initial-task (initial_task)
[2022-06-06 17:59:05,059: INFO/MainProcess] Received task: initial_task[eac375c6-80ef-4fba-9bc7-e2a455833289]  
[2022-06-06 17:59:05,060: INFO/ForkPoolWorker-9] initial_task[eac375c6-80ef-4fba-9bc7-e2a455833289]: test
[2022-06-06 17:59:07,057: INFO/Beat] Scheduler: Sending due task action-initial-task (initial_task)
[2022-06-06 17:59:07,059: INFO/MainProcess] Received task: initial_task[74e5b958-bff3-4759-bb65-0c9674e3f0c0]  
[2022-06-06 17:59:07,060: INFO/ForkPoolWorker-9] initial_task[74e5b958-bff3-4759-bb65-0c9674e3f0c0]: test
[2022-06-06 17:59:09,057: INFO/Beat] Scheduler: Sending due task action-initial-task (initial_task)
[2022-06-06 17:59:09,059: INFO/MainProcess] Received task: initial_task[eecb5983-8d16-4d4e-ae1c-401d8efe2dfa]  
[2022-06-06 17:59:09,060: INFO/ForkPoolWorker-9] initial_task[eecb5983-8d16-4d4e-ae1c-401d8efe2dfa]: test
[2022-06-06 17:59:11,057: INFO/Beat] Scheduler: Sending due task action-initial-task (initial_task)
[2022-06-06 17:59:11,059: INFO/MainProcess] Received task: initial_task[70bcfd8a-aeaa-43ee-b4d6-e4bb584dbda4]  
[2022-06-06 17:59:11,060: INFO/ForkPoolWorker-9] initial_task[70bcfd8a-aeaa-43ee-b4d6-e4bb584dbda4]: test
[2022-06-06 17:59:13,057: INFO/Beat] Scheduler: Sending due task action-initial-task (initial_task)
[2022-06-06 17:59:13,059: INFO/MainProcess] Received task: initial_task[b4ea92d9-f48e-4d0c-9061-c3dd0fb15028]  
[2022-06-06 17:59:13,060: INFO/ForkPoolWorker-9] initial_task[b4ea92d9-f48e-4d0c-9061-c3dd0fb15028]: test
[2022-06-06 17:59:15,057: INFO/Beat] Scheduler: Sending due task action-initial-task (initial_task)
[2022-06-06 17:59:15,059: INFO/MainProcess] Received task: initial_task[d72d1855-6b7c-47b9-98e3-9173fdbd2cc7]  
[2022-06-06 17:59:15,060: INFO/ForkPoolWorker-9] initial_task[d72d1855-6b7c-47b9-98e3-9173fdbd2cc7]: test
[2022-06-06 17:59:17,057: INFO/Beat] Scheduler: Sending due task action-initial-task (initial_task)
[2022-06-06 17:59:17,059: INFO/MainProcess] Received task: initial_task[51800178-e37c-4620-be95-228cc406456d]  
[2022-06-06 17:59:17,060: INFO/ForkPoolWorker-9] initial_task[51800178-e37c-4620-be95-228cc406456d]: test
[2022-06-06 17:59:19,057: INFO/Beat] Scheduler: Sending due task action-initial-task (initial_task)
[2022-06-06 17:59:19,059: INFO/MainProcess] Received task: initial_task[318fe3bb-df73-44f2-b44c-11204c892afb]  
[2022-06-06 17:59:19,060: INFO/ForkPoolWorker-9] initial_task[318fe3bb-df73-44f2-b44c-11204c892afb]: test
[2022-06-06 17:59:21,057: INFO/Beat] Scheduler: Sending due task action-initial-task (initial_task)
[2022-06-06 17:59:21,059: INFO/MainProcess] Received task: initial_task[38eafd55-4299-4800-b651-455cfd3e6fcc]  
[2022-06-06 17:59:21,060: INFO/ForkPoolWorker-9] initial_task[38eafd55-4299-4800-b651-455cfd3e6fcc]: test
[2022-06-06 17:59:23,057: INFO/Beat] Scheduler: Sending due task action-initial-task (initial_task)
[2022-06-06 17:59:23,059: INFO/MainProcess] Received task: initial_task[f3ef929b-1850-4a67-9f79-18fc64795589]  
[2022-06-06 17:59:23,060: INFO/ForkPoolWorker-9] initial_task[f3ef929b-1850-4a67-9f79-18fc64795589]: test
[2022-06-06 17:59:25,057: INFO/Beat] Scheduler: Sending due task action-initial-task (initial_task)
[2022-06-06 17:59:25,059: INFO/MainProcess] Received task: initial_task[b9c2f3e4-231a-4fdc-a322-d2494861d2e3]  
[2022-06-06 17:59:25,060: INFO/ForkPoolWorker-9] initial_task[b9c2f3e4-231a-4fdc-a322-d2494861d2e3]: test
[2022-06-06 17:59:27,057: INFO/Beat] Scheduler: Sending due task action-initial-task (initial_task)
[2022-06-06 17:59:27,059: INFO/MainProcess] Received task: initial_task[e1e23007-1c0f-4004-8ae8-b91858a1d810]  
[2022-06-06 17:59:27,060: INFO/ForkPoolWorker-9] initial_task[e1e23007-1c0f-4004-8ae8-b91858a1d810]: test
[2022-06-06 17:59:29,057: INFO/Beat] Scheduler: Sending due task action-initial-task (initial_task)
[2022-06-06 17:59:29,059: INFO/MainProcess] Received task: initial_task[738b72e7-b6eb-41b5-8093-c0569bf97afc]  
[2022-06-06 17:59:29,060: INFO/ForkPoolWorker-9] initial_task[738b72e7-b6eb-41b5-8093-c0569bf97afc]: test
[2022-06-06 17:59:31,057: INFO/Beat] Scheduler: Sending due task action-initial-task (initial_task)
[2022-06-06 17:59:31,059: INFO/MainProcess] Received task: initial_task[bbab62e1-6547-4b7d-81c4-bdaa1de69342]  
[2022-06-06 17:59:31,060: INFO/ForkPoolWorker-9] initial_task[bbab62e1-6547-4b7d-81c4-bdaa1de69342]: test
[2022-06-06 17:59:33,057: INFO/Beat] Scheduler: Sending due task action-initial-task (initial_task)
[2022-06-06 17:59:33,059: INFO/MainProcess] Received task: initial_task[eba13064-e4b8-40ac-a000-4f53c81ea8f8]  
[2022-06-06 17:59:33,060: INFO/ForkPoolWorker-9] initial_task[eba13064-e4b8-40ac-a000-4f53c81ea8f8]: test
[2022-06-06 17:59:35,057: INFO/Beat] Scheduler: Sending due task action-initial-task (initial_task)
[2022-06-06 17:59:35,059: INFO/MainProcess] Received task: initial_task[65af034f-d3b0-4ea3-a3ed-20542818307e]  
[2022-06-06 17:59:35,060: INFO/ForkPoolWorker-9] initial_task[65af034f-d3b0-4ea3-a3ed-20542818307e]: test
[2022-06-06 17:59:37,057: INFO/Beat] Scheduler: Sending due task action-initial-task (initial_task)
[2022-06-06 17:59:37,059: INFO/MainProcess] Received task: initial_task[19d059f7-2825-43ae-af80-781f1233675b]  
[2022-06-06 17:59:37,060: INFO/ForkPoolWorker-9] initial_task[19d059f7-2825-43ae-af80-781f1233675b]: test
[2022-06-06 17:59:39,057: INFO/Beat] Scheduler: Sending due task action-initial-task (initial_task)
[2022-06-06 17:59:39,059: INFO/MainProcess] Received task: initial_task[dccff7f3-ab67-464d-a025-1c80456291f5]  
[2022-06-06 17:59:39,060: INFO/ForkPoolWorker-9] initial_task[dccff7f3-ab67-464d-a025-1c80456291f5]: test
[2022-06-06 17:59:41,057: INFO/Beat] Scheduler: Sending due task action-initial-task (initial_task)
[2022-06-06 17:59:41,059: INFO/MainProcess] Received task: initial_task[984a11e0-2ef9-419a-b665-47bdd91a381e]  
[2022-06-06 17:59:41,060: INFO/ForkPoolWorker-9] initial_task[984a11e0-2ef9-419a-b665-47bdd91a381e]: test
[2022-06-06 17:59:43,057: INFO/Beat] Scheduler: Sending due task action-initial-task (initial_task)
[2022-06-06 17:59:43,059: INFO/MainProcess] Received task: initial_task[cd3ec7f0-f8b6-4bda-aa67-9609b2dc00ea]  
[2022-06-06 17:59:43,060: INFO/ForkPoolWorker-9] initial_task[cd3ec7f0-f8b6-4bda-aa67-9609b2dc00ea]: test
[2022-06-06 17:59:45,057: INFO/Beat] Scheduler: Sending due task action-initial-task (initial_task)
[2022-06-06 17:59:45,059: INFO/MainProcess] Received task: initial_task[2a9c5a2c-b228-4b93-9da4-18840667b79d]  
[2022-06-06 17:59:45,060: INFO/ForkPoolWorker-9] initial_task[2a9c5a2c-b228-4b93-9da4-18840667b79d]: test
[2022-06-06 17:59:47,057: INFO/Beat] Scheduler: Sending due task action-initial-task (initial_task)
[2022-06-06 17:59:47,059: INFO/MainProcess] Received task: initial_task[dec996d9-3159-45af-8e03-45f1954a6576]  
[2022-06-06 17:59:47,060: INFO/ForkPoolWorker-9] initial_task[dec996d9-3159-45af-8e03-45f1954a6576]: test
[2022-06-06 17:59:49,057: INFO/Beat] Scheduler: Sending due task action-initial-task (initial_task)
[2022-06-06 17:59:49,059: INFO/MainProcess] Received task: initial_task[64196c64-b821-4aad-88e9-794746eb5014]  
[2022-06-06 17:59:49,060: INFO/ForkPoolWorker-9] initial_task[64196c64-b821-4aad-88e9-794746eb5014]: test
[2022-06-06 17:59:51,057: INFO/Beat] Scheduler: Sending due task action-initial-task (initial_task)
[2022-06-06 17:59:51,059: INFO/MainProcess] Received task: initial_task[c13d5d22-8541-4f26-84b3-34b4cf0af75b]  
[2022-06-06 17:59:51,060: INFO/ForkPoolWorker-9] initial_task[c13d5d22-8541-4f26-84b3-34b4cf0af75b]: test
[2022-06-06 17:59:53,057: INFO/Beat] Scheduler: Sending due task action-initial-task (initial_task)
[2022-06-06 17:59:53,059: INFO/MainProcess] Received task: initial_task[15de94e8-efee-4c82-81d7-7da2404b21c2]  
[2022-06-06 17:59:53,060: INFO/ForkPoolWorker-9] initial_task[15de94e8-efee-4c82-81d7-7da2404b21c2]: test
[2022-06-06 17:59:55,057: INFO/Beat] Scheduler: Sending due task action-initial-task (initial_task)
[2022-06-06 17:59:55,059: INFO/MainProcess] Received task: initial_task[b5067679-396e-4441-aa01-8c56358c8809]  
[2022-06-06 17:59:55,060: INFO/ForkPoolWorker-9] initial_task[b5067679-396e-4441-aa01-8c56358c8809]: test
[2022-06-06 17:59:57,057: INFO/Beat] Scheduler: Sending due task action-initial-task (initial_task)
[2022-06-06 17:59:57,059: INFO/MainProcess] Received task: initial_task[c7578d01-dfc0-4e71-8aa1-cd66eacdd2be]  
[2022-06-06 17:59:57,060: INFO/ForkPoolWorker-9] initial_task[c7578d01-dfc0-4e71-8aa1-cd66eacdd2be]: test
[2022-06-06 17:59:59,057: INFO/Beat] Scheduler: Sending due task action-initial-task (initial_task)
[2022-06-06 17:59:59,059: INFO/MainProcess] Received task: initial_task[1aaa627b-ddd6-40b9-91f5-2ec69b473784]  
[2022-06-06 17:59:59,060: INFO/ForkPoolWorker-9] initial_task[1aaa627b-ddd6-40b9-91f5-2ec69b473784]: test
[2022-06-06 18:00:01,057: INFO/Beat] Scheduler: Sending due task action-initial-task (initial_task)
[2022-06-06 18:00:01,059: INFO/MainProcess] Received task: initial_task[b57f8c19-8160-4299-bb33-b5d3bc3b002b]  
[2022-06-06 18:00:01,060: INFO/ForkPoolWorker-9] initial_task[b57f8c19-8160-4299-bb33-b5d3bc3b002b]: test
[2022-06-06 18:00:03,057: INFO/Beat] Scheduler: Sending due task action-initial-task (initial_task)
[2022-06-06 18:00:03,059: INFO/MainProcess] Received task: initial_task[c0ba814e-95f6-4f35-8924-022a2b836f13]  
[2022-06-06 18:00:03,060: INFO/ForkPoolWorker-9] initial_task[c0ba814e-95f6-4f35-8924-022a2b836f13]: test
[2022-06-06 18:00:05,057: INFO/Beat] Scheduler: Sending due task action-initial-task (initial_task)
[2022-06-06 18:00:05,059: INFO/MainProcess] Received task: initial_task[2dcde46f-eba4-4d3c-a11b-0890e76ff62b]  
[2022-06-06 18:00:05,060: INFO/ForkPoolWorker-9] initial_task[2dcde46f-eba4-4d3c-a11b-0890e76ff62b]: test
[2022-06-06 18:00:07,057: INFO/Beat] Scheduler: Sending due task action-initial-task (initial_task)
[2022-06-06 18:00:07,059: INFO/MainProcess] Received task: initial_task[79db2e30-f74a-4800-824b-0671033e4c69]  
[2022-06-06 18:00:07,060: INFO/ForkPoolWorker-9] initial_task[79db2e30-f74a-4800-824b-0671033e4c69]: test
[2022-06-06 18:00:09,058: INFO/Beat] Scheduler: Sending due task action-initial-task (initial_task)
[2022-06-06 18:00:09,060: INFO/MainProcess] Received task: initial_task[5858bd71-7d72-4aba-b713-52927dd30bee]  
[2022-06-06 18:00:09,061: INFO/ForkPoolWorker-9] initial_task[5858bd71-7d72-4aba-b713-52927dd30bee]: test
[2022-06-06 18:00:11,058: INFO/Beat] Scheduler: Sending due task action-initial-task (initial_task)
[2022-06-06 18:00:11,059: INFO/MainProcess] Received task: initial_task[ca6f0160-0959-4f58-b7be-d7ab481cb20d]  
[2022-06-06 18:00:11,060: INFO/ForkPoolWorker-9] initial_task[ca6f0160-0959-4f58-b7be-d7ab481cb20d]: test
[2022-06-06 18:00:13,058: INFO/Beat] Scheduler: Sending due task action-initial-task (initial_task)
[2022-06-06 18:00:13,059: INFO/MainProcess] Received task: initial_task[b23c762c-e8fa-426a-8f87-8431fac2bc37]  
[2022-06-06 18:00:13,060: INFO/ForkPoolWorker-9] initial_task[b23c762c-e8fa-426a-8f87-8431fac2bc37]: test
[2022-06-06 18:00:15,058: INFO/Beat] Scheduler: Sending due task action-initial-task (initial_task)
[2022-06-06 18:00:15,060: INFO/MainProcess] Received task: initial_task[bdde290c-e254-4052-8c1f-03dd59d8a296]  
[2022-06-06 18:00:15,061: INFO/ForkPoolWorker-9] initial_task[bdde290c-e254-4052-8c1f-03dd59d8a296]: test
[2022-06-06 18:00:17,058: INFO/Beat] Scheduler: Sending due task action-initial-task (initial_task)
[2022-06-06 18:00:17,059: INFO/MainProcess] Received task: initial_task[092c3e36-58b3-49a1-bfdb-6dd39cb7b4f8]  
[2022-06-06 18:00:17,060: INFO/ForkPoolWorker-9] initial_task[092c3e36-58b3-49a1-bfdb-6dd39cb7b4f8]: test
[2022-06-06 18:00:19,058: INFO/Beat] Scheduler: Sending due task action-initial-task (initial_task)
[2022-06-06 18:00:19,060: INFO/MainProcess] Received task: initial_task[3415da14-58c5-40b5-928b-38c91c11ef7d]  
[2022-06-06 18:00:19,061: INFO/ForkPoolWorker-9] initial_task[3415da14-58c5-40b5-928b-38c91c11ef7d]: test
[2022-06-06 18:00:21,058: INFO/Beat] Scheduler: Sending due task action-initial-task (initial_task)
[2022-06-06 18:00:21,060: INFO/MainProcess] Received task: initial_task[7b47809d-bcbf-43c0-ab3a-7198efaa296c]  
[2022-06-06 18:00:21,061: INFO/ForkPoolWorker-9] initial_task[7b47809d-bcbf-43c0-ab3a-7198efaa296c]: test
[2022-06-06 18:00:23,058: INFO/Beat] Scheduler: Sending due task action-initial-task (initial_task)
[2022-06-06 18:00:23,060: INFO/MainProcess] Received task: initial_task[0f98db25-501c-40a4-9113-4306a0337fca]  
[2022-06-06 18:00:23,060: INFO/ForkPoolWorker-9] initial_task[0f98db25-501c-40a4-9113-4306a0337fca]: test
[2022-06-06 18:00:25,058: INFO/Beat] Scheduler: Sending due task action-initial-task (initial_task)
[2022-06-06 18:00:25,060: INFO/MainProcess] Received task: initial_task[50d39e1f-e875-4b48-b3c8-50768a6a6b7f]  
[2022-06-06 18:00:25,061: INFO/ForkPoolWorker-9] initial_task[50d39e1f-e875-4b48-b3c8-50768a6a6b7f]: test
[2022-06-06 18:00:27,058: INFO/Beat] Scheduler: Sending due task action-initial-task (initial_task)
[2022-06-06 18:00:27,060: INFO/MainProcess] Received task: initial_task[e6203ce8-61ca-4c9c-b29b-1ec0da7ed925]  
[2022-06-06 18:00:27,060: INFO/ForkPoolWorker-9] initial_task[e6203ce8-61ca-4c9c-b29b-1ec0da7ed925]: test
[2022-06-06 18:00:29,058: INFO/Beat] Scheduler: Sending due task action-initial-task (initial_task)
[2022-06-06 18:00:29,060: INFO/MainProcess] Received task: initial_task[2679da9f-d3af-4153-a461-0a4dd3d28aec]  
[2022-06-06 18:00:29,061: INFO/ForkPoolWorker-9] initial_task[2679da9f-d3af-4153-a461-0a4dd3d28aec]: test
[2022-06-06 18:00:31,058: INFO/Beat] Scheduler: Sending due task action-initial-task (initial_task)
[2022-06-06 18:00:31,060: INFO/MainProcess] Received task: initial_task[07f92c21-1d3b-45a0-b62b-7d894f5cc4a7]  
[2022-06-06 18:00:31,061: INFO/ForkPoolWorker-9] initial_task[07f92c21-1d3b-45a0-b62b-7d894f5cc4a7]: test
[2022-06-06 18:00:31,382: INFO/MainProcess] beat: Shutting down...
[2022-06-06 18:00:40,552: INFO/MainProcess] Connected to amqp://guest:**@127.0.0.1:5672//
[2022-06-06 18:00:40,560: INFO/MainProcess] mingle: searching for neighbors
[2022-06-06 18:00:41,580: INFO/MainProcess] mingle: all alone
[2022-06-06 18:00:41,594: INFO/MainProcess] celery@Brad-Olson's-MacBook-Pro ready.
[2022-06-06 18:02:02,487: INFO/MainProcess] Connected to amqp://guest:**@127.0.0.1:5672//
[2022-06-06 18:02:02,495: INFO/MainProcess] mingle: searching for neighbors
[2022-06-06 18:02:03,511: INFO/MainProcess] mingle: all alone
[2022-06-06 18:02:03,524: INFO/MainProcess] celery@Brad-Olson's-MacBook-Pro ready.
[2022-06-06 18:06:57,081: INFO/Beat] beat: Starting...
[2022-06-06 18:06:57,146: INFO/Beat] Scheduler: Sending due task action-initial-task (initial_task)
[2022-06-06 18:06:57,448: INFO/MainProcess] Connected to amqp://guest:**@127.0.0.1:5672//
[2022-06-06 18:06:57,455: INFO/MainProcess] mingle: searching for neighbors
[2022-06-06 18:06:58,475: INFO/MainProcess] mingle: all alone
[2022-06-06 18:06:58,489: INFO/MainProcess] celery@Brad-Olson's-MacBook-Pro ready.
[2022-06-06 18:06:58,490: INFO/MainProcess] Received task: initial_task[1be683f6-b18d-4b25-9995-aa486d0a4ab7]  
[2022-06-06 18:06:58,594: INFO/ForkPoolWorker-8] initial_task[1be683f6-b18d-4b25-9995-aa486d0a4ab7]: creating group
[2022-06-06 18:06:58,620: WARNING/ForkPoolWorker-8] /Users/bradolson/.pyenv/versions/3.9.12/lib/python3.9/site-packages/celery/app/trace.py:615: RuntimeWarning: Exception raised outside body: ConnectionError('Error 8 connecting to redis:6379. nodename nor servname provided, or not known.'):
Traceback (most recent call last):
  File "/Users/bradolson/.pyenv/versions/3.9.12/lib/python3.9/site-packages/redis/connection.py", line 609, in connect
    sock = self.retry.call_with_retry(
  File "/Users/bradolson/.pyenv/versions/3.9.12/lib/python3.9/site-packages/redis/retry.py", line 46, in call_with_retry
    return do()
  File "/Users/bradolson/.pyenv/versions/3.9.12/lib/python3.9/site-packages/redis/connection.py", line 610, in <lambda>
    lambda: self._connect(), lambda error: self.disconnect(error)
  File "/Users/bradolson/.pyenv/versions/3.9.12/lib/python3.9/site-packages/redis/connection.py", line 643, in _connect
    for res in socket.getaddrinfo(
  File "/Users/bradolson/.pyenv/versions/3.9.12/lib/python3.9/socket.py", line 954, in getaddrinfo
    for res in _socket.getaddrinfo(host, port, family, type, proto, flags):
socket.gaierror: [Errno 8] nodename nor servname provided, or not known

During handling of the above exception, another exception occurred:

Traceback (most recent call last):
  File "/Users/bradolson/.pyenv/versions/3.9.12/lib/python3.9/site-packages/celery/app/trace.py", line 472, in trace_task
    mark_as_done(
  File "/Users/bradolson/.pyenv/versions/3.9.12/lib/python3.9/site-packages/celery/backends/base.py", line 154, in mark_as_done
    self.store_result(task_id, result, state, request=request)
  File "/Users/bradolson/.pyenv/versions/3.9.12/lib/python3.9/site-packages/celery/backends/base.py", line 434, in store_result
    self._store_result(task_id, result, state, traceback,
  File "/Users/bradolson/.pyenv/versions/3.9.12/lib/python3.9/site-packages/celery/backends/base.py", line 851, in _store_result
    current_meta = self._get_task_meta_for(task_id)
  File "/Users/bradolson/.pyenv/versions/3.9.12/lib/python3.9/site-packages/celery/backends/base.py", line 869, in _get_task_meta_for
    meta = self.get(self.get_key_for_task(task_id))
  File "/Users/bradolson/.pyenv/versions/3.9.12/lib/python3.9/site-packages/celery/backends/redis.py", line 346, in get
    return self.client.get(key)
  File "/Users/bradolson/.pyenv/versions/3.9.12/lib/python3.9/site-packages/redis/commands/core.py", line 1699, in get
    return self.execute_command("GET", name)
  File "/Users/bradolson/.pyenv/versions/3.9.12/lib/python3.9/site-packages/redis/client.py", line 1232, in execute_command
    conn = self.connection or pool.get_connection(command_name, **options)
  File "/Users/bradolson/.pyenv/versions/3.9.12/lib/python3.9/site-packages/redis/connection.py", line 1383, in get_connection
    connection.connect()
  File "/Users/bradolson/.pyenv/versions/3.9.12/lib/python3.9/site-packages/redis/connection.py", line 615, in connect
    raise ConnectionError(self._error_message(e))
redis.exceptions.ConnectionError: Error 8 connecting to redis:6379. nodename nor servname provided, or not known.

  warn(RuntimeWarning(

[2022-06-06 18:06:58,625: WARNING/ForkPoolWorker-8] /Users/bradolson/.pyenv/versions/3.9.12/lib/python3.9/site-packages/celery/app/trace.py:615: RuntimeWarning: Exception raised outside body: ConnectionError('Error 8 connecting to redis:6379. nodename nor servname provided, or not known.'):
Traceback (most recent call last):
  File "/Users/bradolson/.pyenv/versions/3.9.12/lib/python3.9/site-packages/redis/connection.py", line 609, in connect
    sock = self.retry.call_with_retry(
  File "/Users/bradolson/.pyenv/versions/3.9.12/lib/python3.9/site-packages/redis/retry.py", line 46, in call_with_retry
    return do()
  File "/Users/bradolson/.pyenv/versions/3.9.12/lib/python3.9/site-packages/redis/connection.py", line 610, in <lambda>
    lambda: self._connect(), lambda error: self.disconnect(error)
  File "/Users/bradolson/.pyenv/versions/3.9.12/lib/python3.9/site-packages/redis/connection.py", line 643, in _connect
    for res in socket.getaddrinfo(
  File "/Users/bradolson/.pyenv/versions/3.9.12/lib/python3.9/socket.py", line 954, in getaddrinfo
    for res in _socket.getaddrinfo(host, port, family, type, proto, flags):
socket.gaierror: [Errno 8] nodename nor servname provided, or not known

During handling of the above exception, another exception occurred:

Traceback (most recent call last):
  File "/Users/bradolson/.pyenv/versions/3.9.12/lib/python3.9/site-packages/celery/app/trace.py", line 472, in trace_task
    mark_as_done(
  File "/Users/bradolson/.pyenv/versions/3.9.12/lib/python3.9/site-packages/celery/backends/base.py", line 154, in mark_as_done
    self.store_result(task_id, result, state, request=request)
  File "/Users/bradolson/.pyenv/versions/3.9.12/lib/python3.9/site-packages/celery/backends/base.py", line 434, in store_result
    self._store_result(task_id, result, state, traceback,
  File "/Users/bradolson/.pyenv/versions/3.9.12/lib/python3.9/site-packages/celery/backends/base.py", line 851, in _store_result
    current_meta = self._get_task_meta_for(task_id)
  File "/Users/bradolson/.pyenv/versions/3.9.12/lib/python3.9/site-packages/celery/backends/base.py", line 869, in _get_task_meta_for
    meta = self.get(self.get_key_for_task(task_id))
  File "/Users/bradolson/.pyenv/versions/3.9.12/lib/python3.9/site-packages/celery/backends/redis.py", line 346, in get
    return self.client.get(key)
  File "/Users/bradolson/.pyenv/versions/3.9.12/lib/python3.9/site-packages/redis/commands/core.py", line 1699, in get
    return self.execute_command("GET", name)
  File "/Users/bradolson/.pyenv/versions/3.9.12/lib/python3.9/site-packages/redis/client.py", line 1232, in execute_command
    conn = self.connection or pool.get_connection(command_name, **options)
  File "/Users/bradolson/.pyenv/versions/3.9.12/lib/python3.9/site-packages/redis/connection.py", line 1383, in get_connection
    connection.connect()
  File "/Users/bradolson/.pyenv/versions/3.9.12/lib/python3.9/site-packages/redis/connection.py", line 615, in connect
    raise ConnectionError(self._error_message(e))
redis.exceptions.ConnectionError: Error 8 connecting to redis:6379. nodename nor servname provided, or not known.

During handling of the above exception, another exception occurred:

Traceback (most recent call last):
  File "/Users/bradolson/.pyenv/versions/3.9.12/lib/python3.9/site-packages/redis/connection.py", line 609, in connect
    sock = self.retry.call_with_retry(
  File "/Users/bradolson/.pyenv/versions/3.9.12/lib/python3.9/site-packages/redis/retry.py", line 46, in call_with_retry
    return do()
  File "/Users/bradolson/.pyenv/versions/3.9.12/lib/python3.9/site-packages/redis/connection.py", line 610, in <lambda>
    lambda: self._connect(), lambda error: self.disconnect(error)
  File "/Users/bradolson/.pyenv/versions/3.9.12/lib/python3.9/site-packages/redis/connection.py", line 643, in _connect
    for res in socket.getaddrinfo(
  File "/Users/bradolson/.pyenv/versions/3.9.12/lib/python3.9/socket.py", line 954, in getaddrinfo
    for res in _socket.getaddrinfo(host, port, family, type, proto, flags):
socket.gaierror: [Errno 8] nodename nor servname provided, or not known

During handling of the above exception, another exception occurred:

Traceback (most recent call last):
  File "/Users/bradolson/.pyenv/versions/3.9.12/lib/python3.9/site-packages/celery/app/trace.py", line 536, in trace_task
    return task.__trace__(uuid, args, kwargs, request)
  File "/Users/bradolson/.pyenv/versions/3.9.12/lib/python3.9/site-packages/celery/app/trace.py", line 524, in trace_task
    I, _, _, _ = on_error(task_request, exc, uuid)
  File "/Users/bradolson/.pyenv/versions/3.9.12/lib/python3.9/site-packages/celery/app/trace.py", line 358, in on_error
    R = I.handle_error_state(
  File "/Users/bradolson/.pyenv/versions/3.9.12/lib/python3.9/site-packages/celery/app/trace.py", line 165, in handle_error_state
    return {
  File "/Users/bradolson/.pyenv/versions/3.9.12/lib/python3.9/site-packages/celery/app/trace.py", line 212, in handle_failure
    task.backend.mark_as_failure(
  File "/Users/bradolson/.pyenv/versions/3.9.12/lib/python3.9/site-packages/celery/backends/base.py", line 164, in mark_as_failure
    self.store_result(task_id, exc, state,
  File "/Users/bradolson/.pyenv/versions/3.9.12/lib/python3.9/site-packages/celery/backends/base.py", line 434, in store_result
    self._store_result(task_id, result, state, traceback,
  File "/Users/bradolson/.pyenv/versions/3.9.12/lib/python3.9/site-packages/celery/backends/base.py", line 851, in _store_result
    current_meta = self._get_task_meta_for(task_id)
  File "/Users/bradolson/.pyenv/versions/3.9.12/lib/python3.9/site-packages/celery/backends/base.py", line 869, in _get_task_meta_for
    meta = self.get(self.get_key_for_task(task_id))
  File "/Users/bradolson/.pyenv/versions/3.9.12/lib/python3.9/site-packages/celery/backends/redis.py", line 346, in get
    return self.client.get(key)
  File "/Users/bradolson/.pyenv/versions/3.9.12/lib/python3.9/site-packages/redis/commands/core.py", line 1699, in get
    return self.execute_command("GET", name)
  File "/Users/bradolson/.pyenv/versions/3.9.12/lib/python3.9/site-packages/redis/client.py", line 1232, in execute_command
    conn = self.connection or pool.get_connection(command_name, **options)
  File "/Users/bradolson/.pyenv/versions/3.9.12/lib/python3.9/site-packages/redis/connection.py", line 1383, in get_connection
    connection.connect()
  File "/Users/bradolson/.pyenv/versions/3.9.12/lib/python3.9/site-packages/redis/connection.py", line 615, in connect
    raise ConnectionError(self._error_message(e))
redis.exceptions.ConnectionError: Error 8 connecting to redis:6379. nodename nor servname provided, or not known.

  warn(RuntimeWarning(

[2022-06-06 18:07:07,108: INFO/Beat] Scheduler: Sending due task action-initial-task (initial_task)
[2022-06-06 18:07:07,110: INFO/MainProcess] Received task: initial_task[57f54cd8-0875-439d-bbea-84115417eb7e]  
[2022-06-06 18:07:07,112: INFO/ForkPoolWorker-8] initial_task[57f54cd8-0875-439d-bbea-84115417eb7e]: creating group
[2022-06-06 18:07:17,108: INFO/Beat] Scheduler: Sending due task action-initial-task (initial_task)
[2022-06-06 18:07:17,110: INFO/MainProcess] Received task: initial_task[132fa2a5-79db-4549-9f80-eded8cfcfe37]  
[2022-06-06 18:07:17,111: INFO/ForkPoolWorker-8] initial_task[132fa2a5-79db-4549-9f80-eded8cfcfe37]: creating group
[2022-06-06 18:07:27,108: INFO/Beat] Scheduler: Sending due task action-initial-task (initial_task)
[2022-06-06 18:07:27,110: INFO/MainProcess] Received task: initial_task[5203c91a-3cf4-494e-b60d-09aa0cd51c54]  
[2022-06-06 18:07:27,111: INFO/ForkPoolWorker-8] initial_task[5203c91a-3cf4-494e-b60d-09aa0cd51c54]: creating group
[2022-06-06 18:07:31,113: INFO/MainProcess] beat: Shutting down...
[2022-06-06 18:08:30,052: INFO/MainProcess] Connected to amqp://guest:**@127.0.0.1:5672//
[2022-06-06 18:08:30,059: INFO/MainProcess] mingle: searching for neighbors
[2022-06-06 18:08:31,094: INFO/MainProcess] mingle: all alone
[2022-06-06 18:08:31,112: INFO/MainProcess] celery@Brad-Olson's-MacBook-Pro ready.
[2022-06-06 18:15:31,239: INFO/Beat] beat: Starting...
[2022-06-06 18:15:31,301: INFO/Beat] Scheduler: Sending due task action-initial-task (initial_task)
[2022-06-06 18:15:31,610: INFO/MainProcess] Connected to amqp://guest:**@127.0.0.1:5672//
[2022-06-06 18:15:31,617: INFO/MainProcess] mingle: searching for neighbors
[2022-06-06 18:15:32,636: INFO/MainProcess] mingle: all alone
[2022-06-06 18:15:32,656: INFO/MainProcess] celery@Brad-Olson's-MacBook-Pro ready.
[2022-06-06 18:15:32,657: INFO/MainProcess] Received task: initial_task[4146847c-c9f1-4f2b-917f-72b5f0f28a54]  
[2022-06-06 18:15:32,763: INFO/ForkPoolWorker-8] initial_task[4146847c-c9f1-4f2b-917f-72b5f0f28a54]: creating group
[2022-06-06 18:15:32,791: WARNING/ForkPoolWorker-8] /Users/bradolson/.pyenv/versions/3.9.12/lib/python3.9/site-packages/celery/app/trace.py:615: RuntimeWarning: Exception raised outside body: ConnectionError('Error 8 connecting to redis:6379. nodename nor servname provided, or not known.'):
Traceback (most recent call last):
  File "/Users/bradolson/.pyenv/versions/3.9.12/lib/python3.9/site-packages/redis/connection.py", line 609, in connect
    sock = self.retry.call_with_retry(
  File "/Users/bradolson/.pyenv/versions/3.9.12/lib/python3.9/site-packages/redis/retry.py", line 46, in call_with_retry
    return do()
  File "/Users/bradolson/.pyenv/versions/3.9.12/lib/python3.9/site-packages/redis/connection.py", line 610, in <lambda>
    lambda: self._connect(), lambda error: self.disconnect(error)
  File "/Users/bradolson/.pyenv/versions/3.9.12/lib/python3.9/site-packages/redis/connection.py", line 643, in _connect
    for res in socket.getaddrinfo(
  File "/Users/bradolson/.pyenv/versions/3.9.12/lib/python3.9/socket.py", line 954, in getaddrinfo
    for res in _socket.getaddrinfo(host, port, family, type, proto, flags):
socket.gaierror: [Errno 8] nodename nor servname provided, or not known

During handling of the above exception, another exception occurred:

Traceback (most recent call last):
  File "/Users/bradolson/.pyenv/versions/3.9.12/lib/python3.9/site-packages/celery/app/trace.py", line 472, in trace_task
    mark_as_done(
  File "/Users/bradolson/.pyenv/versions/3.9.12/lib/python3.9/site-packages/celery/backends/base.py", line 154, in mark_as_done
    self.store_result(task_id, result, state, request=request)
  File "/Users/bradolson/.pyenv/versions/3.9.12/lib/python3.9/site-packages/celery/backends/base.py", line 434, in store_result
    self._store_result(task_id, result, state, traceback,
  File "/Users/bradolson/.pyenv/versions/3.9.12/lib/python3.9/site-packages/celery/backends/base.py", line 851, in _store_result
    current_meta = self._get_task_meta_for(task_id)
  File "/Users/bradolson/.pyenv/versions/3.9.12/lib/python3.9/site-packages/celery/backends/base.py", line 869, in _get_task_meta_for
    meta = self.get(self.get_key_for_task(task_id))
  File "/Users/bradolson/.pyenv/versions/3.9.12/lib/python3.9/site-packages/celery/backends/redis.py", line 346, in get
    return self.client.get(key)
  File "/Users/bradolson/.pyenv/versions/3.9.12/lib/python3.9/site-packages/redis/commands/core.py", line 1699, in get
    return self.execute_command("GET", name)
  File "/Users/bradolson/.pyenv/versions/3.9.12/lib/python3.9/site-packages/redis/client.py", line 1232, in execute_command
    conn = self.connection or pool.get_connection(command_name, **options)
  File "/Users/bradolson/.pyenv/versions/3.9.12/lib/python3.9/site-packages/redis/connection.py", line 1383, in get_connection
    connection.connect()
  File "/Users/bradolson/.pyenv/versions/3.9.12/lib/python3.9/site-packages/redis/connection.py", line 615, in connect
    raise ConnectionError(self._error_message(e))
redis.exceptions.ConnectionError: Error 8 connecting to redis:6379. nodename nor servname provided, or not known.

  warn(RuntimeWarning(

[2022-06-06 18:15:32,796: WARNING/ForkPoolWorker-8] /Users/bradolson/.pyenv/versions/3.9.12/lib/python3.9/site-packages/celery/app/trace.py:615: RuntimeWarning: Exception raised outside body: ConnectionError('Error 8 connecting to redis:6379. nodename nor servname provided, or not known.'):
Traceback (most recent call last):
  File "/Users/bradolson/.pyenv/versions/3.9.12/lib/python3.9/site-packages/redis/connection.py", line 609, in connect
    sock = self.retry.call_with_retry(
  File "/Users/bradolson/.pyenv/versions/3.9.12/lib/python3.9/site-packages/redis/retry.py", line 46, in call_with_retry
    return do()
  File "/Users/bradolson/.pyenv/versions/3.9.12/lib/python3.9/site-packages/redis/connection.py", line 610, in <lambda>
    lambda: self._connect(), lambda error: self.disconnect(error)
  File "/Users/bradolson/.pyenv/versions/3.9.12/lib/python3.9/site-packages/redis/connection.py", line 643, in _connect
    for res in socket.getaddrinfo(
  File "/Users/bradolson/.pyenv/versions/3.9.12/lib/python3.9/socket.py", line 954, in getaddrinfo
    for res in _socket.getaddrinfo(host, port, family, type, proto, flags):
socket.gaierror: [Errno 8] nodename nor servname provided, or not known

During handling of the above exception, another exception occurred:

Traceback (most recent call last):
  File "/Users/bradolson/.pyenv/versions/3.9.12/lib/python3.9/site-packages/celery/app/trace.py", line 472, in trace_task
    mark_as_done(
  File "/Users/bradolson/.pyenv/versions/3.9.12/lib/python3.9/site-packages/celery/backends/base.py", line 154, in mark_as_done
    self.store_result(task_id, result, state, request=request)
  File "/Users/bradolson/.pyenv/versions/3.9.12/lib/python3.9/site-packages/celery/backends/base.py", line 434, in store_result
    self._store_result(task_id, result, state, traceback,
  File "/Users/bradolson/.pyenv/versions/3.9.12/lib/python3.9/site-packages/celery/backends/base.py", line 851, in _store_result
    current_meta = self._get_task_meta_for(task_id)
  File "/Users/bradolson/.pyenv/versions/3.9.12/lib/python3.9/site-packages/celery/backends/base.py", line 869, in _get_task_meta_for
    meta = self.get(self.get_key_for_task(task_id))
  File "/Users/bradolson/.pyenv/versions/3.9.12/lib/python3.9/site-packages/celery/backends/redis.py", line 346, in get
    return self.client.get(key)
  File "/Users/bradolson/.pyenv/versions/3.9.12/lib/python3.9/site-packages/redis/commands/core.py", line 1699, in get
    return self.execute_command("GET", name)
  File "/Users/bradolson/.pyenv/versions/3.9.12/lib/python3.9/site-packages/redis/client.py", line 1232, in execute_command
    conn = self.connection or pool.get_connection(command_name, **options)
  File "/Users/bradolson/.pyenv/versions/3.9.12/lib/python3.9/site-packages/redis/connection.py", line 1383, in get_connection
    connection.connect()
  File "/Users/bradolson/.pyenv/versions/3.9.12/lib/python3.9/site-packages/redis/connection.py", line 615, in connect
    raise ConnectionError(self._error_message(e))
redis.exceptions.ConnectionError: Error 8 connecting to redis:6379. nodename nor servname provided, or not known.

During handling of the above exception, another exception occurred:

Traceback (most recent call last):
  File "/Users/bradolson/.pyenv/versions/3.9.12/lib/python3.9/site-packages/redis/connection.py", line 609, in connect
    sock = self.retry.call_with_retry(
  File "/Users/bradolson/.pyenv/versions/3.9.12/lib/python3.9/site-packages/redis/retry.py", line 46, in call_with_retry
    return do()
  File "/Users/bradolson/.pyenv/versions/3.9.12/lib/python3.9/site-packages/redis/connection.py", line 610, in <lambda>
    lambda: self._connect(), lambda error: self.disconnect(error)
  File "/Users/bradolson/.pyenv/versions/3.9.12/lib/python3.9/site-packages/redis/connection.py", line 643, in _connect
    for res in socket.getaddrinfo(
  File "/Users/bradolson/.pyenv/versions/3.9.12/lib/python3.9/socket.py", line 954, in getaddrinfo
    for res in _socket.getaddrinfo(host, port, family, type, proto, flags):
socket.gaierror: [Errno 8] nodename nor servname provided, or not known

During handling of the above exception, another exception occurred:

Traceback (most recent call last):
  File "/Users/bradolson/.pyenv/versions/3.9.12/lib/python3.9/site-packages/celery/app/trace.py", line 536, in trace_task
    return task.__trace__(uuid, args, kwargs, request)
  File "/Users/bradolson/.pyenv/versions/3.9.12/lib/python3.9/site-packages/celery/app/trace.py", line 524, in trace_task
    I, _, _, _ = on_error(task_request, exc, uuid)
  File "/Users/bradolson/.pyenv/versions/3.9.12/lib/python3.9/site-packages/celery/app/trace.py", line 358, in on_error
    R = I.handle_error_state(
  File "/Users/bradolson/.pyenv/versions/3.9.12/lib/python3.9/site-packages/celery/app/trace.py", line 165, in handle_error_state
    return {
  File "/Users/bradolson/.pyenv/versions/3.9.12/lib/python3.9/site-packages/celery/app/trace.py", line 212, in handle_failure
    task.backend.mark_as_failure(
  File "/Users/bradolson/.pyenv/versions/3.9.12/lib/python3.9/site-packages/celery/backends/base.py", line 164, in mark_as_failure
    self.store_result(task_id, exc, state,
  File "/Users/bradolson/.pyenv/versions/3.9.12/lib/python3.9/site-packages/celery/backends/base.py", line 434, in store_result
    self._store_result(task_id, result, state, traceback,
  File "/Users/bradolson/.pyenv/versions/3.9.12/lib/python3.9/site-packages/celery/backends/base.py", line 851, in _store_result
    current_meta = self._get_task_meta_for(task_id)
  File "/Users/bradolson/.pyenv/versions/3.9.12/lib/python3.9/site-packages/celery/backends/base.py", line 869, in _get_task_meta_for
    meta = self.get(self.get_key_for_task(task_id))
  File "/Users/bradolson/.pyenv/versions/3.9.12/lib/python3.9/site-packages/celery/backends/redis.py", line 346, in get
    return self.client.get(key)
  File "/Users/bradolson/.pyenv/versions/3.9.12/lib/python3.9/site-packages/redis/commands/core.py", line 1699, in get
    return self.execute_command("GET", name)
  File "/Users/bradolson/.pyenv/versions/3.9.12/lib/python3.9/site-packages/redis/client.py", line 1232, in execute_command
    conn = self.connection or pool.get_connection(command_name, **options)
  File "/Users/bradolson/.pyenv/versions/3.9.12/lib/python3.9/site-packages/redis/connection.py", line 1383, in get_connection
    connection.connect()
  File "/Users/bradolson/.pyenv/versions/3.9.12/lib/python3.9/site-packages/redis/connection.py", line 615, in connect
    raise ConnectionError(self._error_message(e))
redis.exceptions.ConnectionError: Error 8 connecting to redis:6379. nodename nor servname provided, or not known.

  warn(RuntimeWarning(

[2022-06-06 18:15:41,262: INFO/Beat] Scheduler: Sending due task action-initial-task (initial_task)
[2022-06-06 18:15:41,265: INFO/MainProcess] Received task: initial_task[6f77d1ee-55eb-427e-b9b6-b2b4b6713b68]  
[2022-06-06 18:15:41,267: INFO/ForkPoolWorker-8] initial_task[6f77d1ee-55eb-427e-b9b6-b2b4b6713b68]: creating group
[2022-06-06 18:15:51,262: INFO/Beat] Scheduler: Sending due task action-initial-task (initial_task)
[2022-06-06 18:15:51,264: INFO/MainProcess] Received task: initial_task[d6784642-ecfb-4be4-991c-bd42c9e4b2d1]  
[2022-06-06 18:15:51,265: INFO/ForkPoolWorker-8] initial_task[d6784642-ecfb-4be4-991c-bd42c9e4b2d1]: creating group
[2022-06-06 18:15:52,335: INFO/MainProcess] beat: Shutting down...
[2022-06-06 18:16:17,658: INFO/Beat] beat: Starting...
[2022-06-06 18:16:17,669: INFO/MainProcess] Connected to amqp://guest:**@127.0.0.1:5672//
[2022-06-06 18:16:17,675: INFO/MainProcess] mingle: searching for neighbors
[2022-06-06 18:16:18,691: INFO/MainProcess] mingle: all alone
[2022-06-06 18:16:18,706: INFO/MainProcess] celery@Brad-Olson's-MacBook-Pro ready.
[2022-06-06 18:16:21,280: INFO/Beat] Scheduler: Sending due task action-initial-task (initial_task)
[2022-06-06 18:16:21,288: INFO/MainProcess] Received task: initial_task[73042c18-7219-49de-b3cf-5e8db3e99404]  
[2022-06-06 18:16:21,291: INFO/ForkPoolWorker-9] initial_task[73042c18-7219-49de-b3cf-5e8db3e99404]: creating group
[2022-06-06 18:16:21,313: WARNING/ForkPoolWorker-9] /Users/bradolson/.pyenv/versions/3.9.12/lib/python3.9/site-packages/celery/app/trace.py:615: RuntimeWarning: Exception raised outside body: ConnectionError('Error 8 connecting to redis:6379. nodename nor servname provided, or not known.'):
Traceback (most recent call last):
  File "/Users/bradolson/.pyenv/versions/3.9.12/lib/python3.9/site-packages/redis/connection.py", line 609, in connect
    sock = self.retry.call_with_retry(
  File "/Users/bradolson/.pyenv/versions/3.9.12/lib/python3.9/site-packages/redis/retry.py", line 46, in call_with_retry
    return do()
  File "/Users/bradolson/.pyenv/versions/3.9.12/lib/python3.9/site-packages/redis/connection.py", line 610, in <lambda>
    lambda: self._connect(), lambda error: self.disconnect(error)
  File "/Users/bradolson/.pyenv/versions/3.9.12/lib/python3.9/site-packages/redis/connection.py", line 643, in _connect
    for res in socket.getaddrinfo(
  File "/Users/bradolson/.pyenv/versions/3.9.12/lib/python3.9/socket.py", line 954, in getaddrinfo
    for res in _socket.getaddrinfo(host, port, family, type, proto, flags):
socket.gaierror: [Errno 8] nodename nor servname provided, or not known

During handling of the above exception, another exception occurred:

Traceback (most recent call last):
  File "/Users/bradolson/.pyenv/versions/3.9.12/lib/python3.9/site-packages/celery/app/trace.py", line 472, in trace_task
    mark_as_done(
  File "/Users/bradolson/.pyenv/versions/3.9.12/lib/python3.9/site-packages/celery/backends/base.py", line 154, in mark_as_done
    self.store_result(task_id, result, state, request=request)
  File "/Users/bradolson/.pyenv/versions/3.9.12/lib/python3.9/site-packages/celery/backends/base.py", line 434, in store_result
    self._store_result(task_id, result, state, traceback,
  File "/Users/bradolson/.pyenv/versions/3.9.12/lib/python3.9/site-packages/celery/backends/base.py", line 851, in _store_result
    current_meta = self._get_task_meta_for(task_id)
  File "/Users/bradolson/.pyenv/versions/3.9.12/lib/python3.9/site-packages/celery/backends/base.py", line 869, in _get_task_meta_for
    meta = self.get(self.get_key_for_task(task_id))
  File "/Users/bradolson/.pyenv/versions/3.9.12/lib/python3.9/site-packages/celery/backends/redis.py", line 346, in get
    return self.client.get(key)
  File "/Users/bradolson/.pyenv/versions/3.9.12/lib/python3.9/site-packages/redis/commands/core.py", line 1699, in get
    return self.execute_command("GET", name)
  File "/Users/bradolson/.pyenv/versions/3.9.12/lib/python3.9/site-packages/redis/client.py", line 1232, in execute_command
    conn = self.connection or pool.get_connection(command_name, **options)
  File "/Users/bradolson/.pyenv/versions/3.9.12/lib/python3.9/site-packages/redis/connection.py", line 1383, in get_connection
    connection.connect()
  File "/Users/bradolson/.pyenv/versions/3.9.12/lib/python3.9/site-packages/redis/connection.py", line 615, in connect
    raise ConnectionError(self._error_message(e))
redis.exceptions.ConnectionError: Error 8 connecting to redis:6379. nodename nor servname provided, or not known.

  warn(RuntimeWarning(

[2022-06-06 18:16:21,318: WARNING/ForkPoolWorker-9] /Users/bradolson/.pyenv/versions/3.9.12/lib/python3.9/site-packages/celery/app/trace.py:615: RuntimeWarning: Exception raised outside body: ConnectionError('Error 8 connecting to redis:6379. nodename nor servname provided, or not known.'):
Traceback (most recent call last):
  File "/Users/bradolson/.pyenv/versions/3.9.12/lib/python3.9/site-packages/redis/connection.py", line 609, in connect
    sock = self.retry.call_with_retry(
  File "/Users/bradolson/.pyenv/versions/3.9.12/lib/python3.9/site-packages/redis/retry.py", line 46, in call_with_retry
    return do()
  File "/Users/bradolson/.pyenv/versions/3.9.12/lib/python3.9/site-packages/redis/connection.py", line 610, in <lambda>
    lambda: self._connect(), lambda error: self.disconnect(error)
  File "/Users/bradolson/.pyenv/versions/3.9.12/lib/python3.9/site-packages/redis/connection.py", line 643, in _connect
    for res in socket.getaddrinfo(
  File "/Users/bradolson/.pyenv/versions/3.9.12/lib/python3.9/socket.py", line 954, in getaddrinfo
    for res in _socket.getaddrinfo(host, port, family, type, proto, flags):
socket.gaierror: [Errno 8] nodename nor servname provided, or not known

During handling of the above exception, another exception occurred:

Traceback (most recent call last):
  File "/Users/bradolson/.pyenv/versions/3.9.12/lib/python3.9/site-packages/celery/app/trace.py", line 472, in trace_task
    mark_as_done(
  File "/Users/bradolson/.pyenv/versions/3.9.12/lib/python3.9/site-packages/celery/backends/base.py", line 154, in mark_as_done
    self.store_result(task_id, result, state, request=request)
  File "/Users/bradolson/.pyenv/versions/3.9.12/lib/python3.9/site-packages/celery/backends/base.py", line 434, in store_result
    self._store_result(task_id, result, state, traceback,
  File "/Users/bradolson/.pyenv/versions/3.9.12/lib/python3.9/site-packages/celery/backends/base.py", line 851, in _store_result
    current_meta = self._get_task_meta_for(task_id)
  File "/Users/bradolson/.pyenv/versions/3.9.12/lib/python3.9/site-packages/celery/backends/base.py", line 869, in _get_task_meta_for
    meta = self.get(self.get_key_for_task(task_id))
  File "/Users/bradolson/.pyenv/versions/3.9.12/lib/python3.9/site-packages/celery/backends/redis.py", line 346, in get
    return self.client.get(key)
  File "/Users/bradolson/.pyenv/versions/3.9.12/lib/python3.9/site-packages/redis/commands/core.py", line 1699, in get
    return self.execute_command("GET", name)
  File "/Users/bradolson/.pyenv/versions/3.9.12/lib/python3.9/site-packages/redis/client.py", line 1232, in execute_command
    conn = self.connection or pool.get_connection(command_name, **options)
  File "/Users/bradolson/.pyenv/versions/3.9.12/lib/python3.9/site-packages/redis/connection.py", line 1383, in get_connection
    connection.connect()
  File "/Users/bradolson/.pyenv/versions/3.9.12/lib/python3.9/site-packages/redis/connection.py", line 615, in connect
    raise ConnectionError(self._error_message(e))
redis.exceptions.ConnectionError: Error 8 connecting to redis:6379. nodename nor servname provided, or not known.

During handling of the above exception, another exception occurred:

Traceback (most recent call last):
  File "/Users/bradolson/.pyenv/versions/3.9.12/lib/python3.9/site-packages/redis/connection.py", line 609, in connect
    sock = self.retry.call_with_retry(
  File "/Users/bradolson/.pyenv/versions/3.9.12/lib/python3.9/site-packages/redis/retry.py", line 46, in call_with_retry
    return do()
  File "/Users/bradolson/.pyenv/versions/3.9.12/lib/python3.9/site-packages/redis/connection.py", line 610, in <lambda>
    lambda: self._connect(), lambda error: self.disconnect(error)
  File "/Users/bradolson/.pyenv/versions/3.9.12/lib/python3.9/site-packages/redis/connection.py", line 643, in _connect
    for res in socket.getaddrinfo(
  File "/Users/bradolson/.pyenv/versions/3.9.12/lib/python3.9/socket.py", line 954, in getaddrinfo
    for res in _socket.getaddrinfo(host, port, family, type, proto, flags):
socket.gaierror: [Errno 8] nodename nor servname provided, or not known

During handling of the above exception, another exception occurred:

Traceback (most recent call last):
  File "/Users/bradolson/.pyenv/versions/3.9.12/lib/python3.9/site-packages/celery/app/trace.py", line 536, in trace_task
    return task.__trace__(uuid, args, kwargs, request)
  File "/Users/bradolson/.pyenv/versions/3.9.12/lib/python3.9/site-packages/celery/app/trace.py", line 524, in trace_task
    I, _, _, _ = on_error(task_request, exc, uuid)
  File "/Users/bradolson/.pyenv/versions/3.9.12/lib/python3.9/site-packages/celery/app/trace.py", line 358, in on_error
    R = I.handle_error_state(
  File "/Users/bradolson/.pyenv/versions/3.9.12/lib/python3.9/site-packages/celery/app/trace.py", line 165, in handle_error_state
    return {
  File "/Users/bradolson/.pyenv/versions/3.9.12/lib/python3.9/site-packages/celery/app/trace.py", line 212, in handle_failure
    task.backend.mark_as_failure(
  File "/Users/bradolson/.pyenv/versions/3.9.12/lib/python3.9/site-packages/celery/backends/base.py", line 164, in mark_as_failure
    self.store_result(task_id, exc, state,
  File "/Users/bradolson/.pyenv/versions/3.9.12/lib/python3.9/site-packages/celery/backends/base.py", line 434, in store_result
    self._store_result(task_id, result, state, traceback,
  File "/Users/bradolson/.pyenv/versions/3.9.12/lib/python3.9/site-packages/celery/backends/base.py", line 851, in _store_result
    current_meta = self._get_task_meta_for(task_id)
  File "/Users/bradolson/.pyenv/versions/3.9.12/lib/python3.9/site-packages/celery/backends/base.py", line 869, in _get_task_meta_for
    meta = self.get(self.get_key_for_task(task_id))
  File "/Users/bradolson/.pyenv/versions/3.9.12/lib/python3.9/site-packages/celery/backends/redis.py", line 346, in get
    return self.client.get(key)
  File "/Users/bradolson/.pyenv/versions/3.9.12/lib/python3.9/site-packages/redis/commands/core.py", line 1699, in get
    return self.execute_command("GET", name)
  File "/Users/bradolson/.pyenv/versions/3.9.12/lib/python3.9/site-packages/redis/client.py", line 1232, in execute_command
    conn = self.connection or pool.get_connection(command_name, **options)
  File "/Users/bradolson/.pyenv/versions/3.9.12/lib/python3.9/site-packages/redis/connection.py", line 1383, in get_connection
    connection.connect()
  File "/Users/bradolson/.pyenv/versions/3.9.12/lib/python3.9/site-packages/redis/connection.py", line 615, in connect
    raise ConnectionError(self._error_message(e))
redis.exceptions.ConnectionError: Error 8 connecting to redis:6379. nodename nor servname provided, or not known.

  warn(RuntimeWarning(

[2022-06-06 18:16:31,262: INFO/Beat] Scheduler: Sending due task action-initial-task (initial_task)
[2022-06-06 18:16:31,265: INFO/MainProcess] Received task: initial_task[45ea2ef4-868a-49ed-b4e0-4fe579e72f00]  
[2022-06-06 18:16:31,266: INFO/ForkPoolWorker-9] initial_task[45ea2ef4-868a-49ed-b4e0-4fe579e72f00]: creating group
[2022-06-06 18:16:41,262: INFO/Beat] Scheduler: Sending due task action-initial-task (initial_task)
[2022-06-06 18:16:41,265: INFO/MainProcess] Received task: initial_task[d33996bc-5ed0-4ab6-9a9f-bb03cea19e2b]  
[2022-06-06 18:16:41,266: INFO/ForkPoolWorker-9] initial_task[d33996bc-5ed0-4ab6-9a9f-bb03cea19e2b]: creating group
[2022-06-06 18:16:48,382: INFO/MainProcess] beat: Shutting down...
[2022-06-06 18:16:57,921: INFO/MainProcess] Connected to amqp://guest:**@127.0.0.1:5672//
[2022-06-06 18:16:57,929: INFO/MainProcess] mingle: searching for neighbors
[2022-06-06 18:16:58,950: INFO/MainProcess] mingle: all alone
[2022-06-06 18:16:58,964: INFO/MainProcess] celery@Brad-Olson's-MacBook-Pro ready.
[2022-06-06 18:17:14,381: INFO/Beat] beat: Starting...
[2022-06-06 18:17:14,435: INFO/Beat] Scheduler: Sending due task action-initial-task (initial_task)
[2022-06-06 18:17:14,714: INFO/MainProcess] Connected to amqp://guest:**@127.0.0.1:5672//
[2022-06-06 18:17:14,724: INFO/MainProcess] mingle: searching for neighbors
[2022-06-06 18:17:15,743: INFO/MainProcess] mingle: all alone
[2022-06-06 18:17:15,757: INFO/MainProcess] celery@Brad-Olson's-MacBook-Pro ready.
[2022-06-06 18:17:15,758: INFO/MainProcess] Received task: initial_task[973f5b15-000c-47a0-b924-b1cdaa0d67bd]  
[2022-06-06 18:17:15,866: INFO/ForkPoolWorker-8] initial_task[973f5b15-000c-47a0-b924-b1cdaa0d67bd]: creating group
[2022-06-06 18:17:15,887: WARNING/ForkPoolWorker-8] /Users/bradolson/.pyenv/versions/3.9.12/lib/python3.9/site-packages/celery/app/trace.py:615: RuntimeWarning: Exception raised outside body: ConnectionError('Error 8 connecting to redis:6379. nodename nor servname provided, or not known.'):
Traceback (most recent call last):
  File "/Users/bradolson/.pyenv/versions/3.9.12/lib/python3.9/site-packages/redis/connection.py", line 609, in connect
    sock = self.retry.call_with_retry(
  File "/Users/bradolson/.pyenv/versions/3.9.12/lib/python3.9/site-packages/redis/retry.py", line 46, in call_with_retry
    return do()
  File "/Users/bradolson/.pyenv/versions/3.9.12/lib/python3.9/site-packages/redis/connection.py", line 610, in <lambda>
    lambda: self._connect(), lambda error: self.disconnect(error)
  File "/Users/bradolson/.pyenv/versions/3.9.12/lib/python3.9/site-packages/redis/connection.py", line 643, in _connect
    for res in socket.getaddrinfo(
  File "/Users/bradolson/.pyenv/versions/3.9.12/lib/python3.9/socket.py", line 954, in getaddrinfo
    for res in _socket.getaddrinfo(host, port, family, type, proto, flags):
socket.gaierror: [Errno 8] nodename nor servname provided, or not known

During handling of the above exception, another exception occurred:

Traceback (most recent call last):
  File "/Users/bradolson/.pyenv/versions/3.9.12/lib/python3.9/site-packages/celery/app/trace.py", line 472, in trace_task
    mark_as_done(
  File "/Users/bradolson/.pyenv/versions/3.9.12/lib/python3.9/site-packages/celery/backends/base.py", line 154, in mark_as_done
    self.store_result(task_id, result, state, request=request)
  File "/Users/bradolson/.pyenv/versions/3.9.12/lib/python3.9/site-packages/celery/backends/base.py", line 434, in store_result
    self._store_result(task_id, result, state, traceback,
  File "/Users/bradolson/.pyenv/versions/3.9.12/lib/python3.9/site-packages/celery/backends/base.py", line 851, in _store_result
    current_meta = self._get_task_meta_for(task_id)
  File "/Users/bradolson/.pyenv/versions/3.9.12/lib/python3.9/site-packages/celery/backends/base.py", line 869, in _get_task_meta_for
    meta = self.get(self.get_key_for_task(task_id))
  File "/Users/bradolson/.pyenv/versions/3.9.12/lib/python3.9/site-packages/celery/backends/redis.py", line 346, in get
    return self.client.get(key)
  File "/Users/bradolson/.pyenv/versions/3.9.12/lib/python3.9/site-packages/redis/commands/core.py", line 1699, in get
    return self.execute_command("GET", name)
  File "/Users/bradolson/.pyenv/versions/3.9.12/lib/python3.9/site-packages/redis/client.py", line 1232, in execute_command
    conn = self.connection or pool.get_connection(command_name, **options)
  File "/Users/bradolson/.pyenv/versions/3.9.12/lib/python3.9/site-packages/redis/connection.py", line 1383, in get_connection
    connection.connect()
  File "/Users/bradolson/.pyenv/versions/3.9.12/lib/python3.9/site-packages/redis/connection.py", line 615, in connect
    raise ConnectionError(self._error_message(e))
redis.exceptions.ConnectionError: Error 8 connecting to redis:6379. nodename nor servname provided, or not known.

  warn(RuntimeWarning(

[2022-06-06 18:17:15,893: WARNING/ForkPoolWorker-8] /Users/bradolson/.pyenv/versions/3.9.12/lib/python3.9/site-packages/celery/app/trace.py:615: RuntimeWarning: Exception raised outside body: ConnectionError('Error 8 connecting to redis:6379. nodename nor servname provided, or not known.'):
Traceback (most recent call last):
  File "/Users/bradolson/.pyenv/versions/3.9.12/lib/python3.9/site-packages/redis/connection.py", line 609, in connect
    sock = self.retry.call_with_retry(
  File "/Users/bradolson/.pyenv/versions/3.9.12/lib/python3.9/site-packages/redis/retry.py", line 46, in call_with_retry
    return do()
  File "/Users/bradolson/.pyenv/versions/3.9.12/lib/python3.9/site-packages/redis/connection.py", line 610, in <lambda>
    lambda: self._connect(), lambda error: self.disconnect(error)
  File "/Users/bradolson/.pyenv/versions/3.9.12/lib/python3.9/site-packages/redis/connection.py", line 643, in _connect
    for res in socket.getaddrinfo(
  File "/Users/bradolson/.pyenv/versions/3.9.12/lib/python3.9/socket.py", line 954, in getaddrinfo
    for res in _socket.getaddrinfo(host, port, family, type, proto, flags):
socket.gaierror: [Errno 8] nodename nor servname provided, or not known

During handling of the above exception, another exception occurred:

Traceback (most recent call last):
  File "/Users/bradolson/.pyenv/versions/3.9.12/lib/python3.9/site-packages/celery/app/trace.py", line 472, in trace_task
    mark_as_done(
  File "/Users/bradolson/.pyenv/versions/3.9.12/lib/python3.9/site-packages/celery/backends/base.py", line 154, in mark_as_done
    self.store_result(task_id, result, state, request=request)
  File "/Users/bradolson/.pyenv/versions/3.9.12/lib/python3.9/site-packages/celery/backends/base.py", line 434, in store_result
    self._store_result(task_id, result, state, traceback,
  File "/Users/bradolson/.pyenv/versions/3.9.12/lib/python3.9/site-packages/celery/backends/base.py", line 851, in _store_result
    current_meta = self._get_task_meta_for(task_id)
  File "/Users/bradolson/.pyenv/versions/3.9.12/lib/python3.9/site-packages/celery/backends/base.py", line 869, in _get_task_meta_for
    meta = self.get(self.get_key_for_task(task_id))
  File "/Users/bradolson/.pyenv/versions/3.9.12/lib/python3.9/site-packages/celery/backends/redis.py", line 346, in get
    return self.client.get(key)
  File "/Users/bradolson/.pyenv/versions/3.9.12/lib/python3.9/site-packages/redis/commands/core.py", line 1699, in get
    return self.execute_command("GET", name)
  File "/Users/bradolson/.pyenv/versions/3.9.12/lib/python3.9/site-packages/redis/client.py", line 1232, in execute_command
    conn = self.connection or pool.get_connection(command_name, **options)
  File "/Users/bradolson/.pyenv/versions/3.9.12/lib/python3.9/site-packages/redis/connection.py", line 1383, in get_connection
    connection.connect()
  File "/Users/bradolson/.pyenv/versions/3.9.12/lib/python3.9/site-packages/redis/connection.py", line 615, in connect
    raise ConnectionError(self._error_message(e))
redis.exceptions.ConnectionError: Error 8 connecting to redis:6379. nodename nor servname provided, or not known.

During handling of the above exception, another exception occurred:

Traceback (most recent call last):
  File "/Users/bradolson/.pyenv/versions/3.9.12/lib/python3.9/site-packages/redis/connection.py", line 609, in connect
    sock = self.retry.call_with_retry(
  File "/Users/bradolson/.pyenv/versions/3.9.12/lib/python3.9/site-packages/redis/retry.py", line 46, in call_with_retry
    return do()
  File "/Users/bradolson/.pyenv/versions/3.9.12/lib/python3.9/site-packages/redis/connection.py", line 610, in <lambda>
    lambda: self._connect(), lambda error: self.disconnect(error)
  File "/Users/bradolson/.pyenv/versions/3.9.12/lib/python3.9/site-packages/redis/connection.py", line 643, in _connect
    for res in socket.getaddrinfo(
  File "/Users/bradolson/.pyenv/versions/3.9.12/lib/python3.9/socket.py", line 954, in getaddrinfo
    for res in _socket.getaddrinfo(host, port, family, type, proto, flags):
socket.gaierror: [Errno 8] nodename nor servname provided, or not known

During handling of the above exception, another exception occurred:

Traceback (most recent call last):
  File "/Users/bradolson/.pyenv/versions/3.9.12/lib/python3.9/site-packages/celery/app/trace.py", line 536, in trace_task
    return task.__trace__(uuid, args, kwargs, request)
  File "/Users/bradolson/.pyenv/versions/3.9.12/lib/python3.9/site-packages/celery/app/trace.py", line 524, in trace_task
    I, _, _, _ = on_error(task_request, exc, uuid)
  File "/Users/bradolson/.pyenv/versions/3.9.12/lib/python3.9/site-packages/celery/app/trace.py", line 358, in on_error
    R = I.handle_error_state(
  File "/Users/bradolson/.pyenv/versions/3.9.12/lib/python3.9/site-packages/celery/app/trace.py", line 165, in handle_error_state
    return {
  File "/Users/bradolson/.pyenv/versions/3.9.12/lib/python3.9/site-packages/celery/app/trace.py", line 212, in handle_failure
    task.backend.mark_as_failure(
  File "/Users/bradolson/.pyenv/versions/3.9.12/lib/python3.9/site-packages/celery/backends/base.py", line 164, in mark_as_failure
    self.store_result(task_id, exc, state,
  File "/Users/bradolson/.pyenv/versions/3.9.12/lib/python3.9/site-packages/celery/backends/base.py", line 434, in store_result
    self._store_result(task_id, result, state, traceback,
  File "/Users/bradolson/.pyenv/versions/3.9.12/lib/python3.9/site-packages/celery/backends/base.py", line 851, in _store_result
    current_meta = self._get_task_meta_for(task_id)
  File "/Users/bradolson/.pyenv/versions/3.9.12/lib/python3.9/site-packages/celery/backends/base.py", line 869, in _get_task_meta_for
    meta = self.get(self.get_key_for_task(task_id))
  File "/Users/bradolson/.pyenv/versions/3.9.12/lib/python3.9/site-packages/celery/backends/redis.py", line 346, in get
    return self.client.get(key)
  File "/Users/bradolson/.pyenv/versions/3.9.12/lib/python3.9/site-packages/redis/commands/core.py", line 1699, in get
    return self.execute_command("GET", name)
  File "/Users/bradolson/.pyenv/versions/3.9.12/lib/python3.9/site-packages/redis/client.py", line 1232, in execute_command
    conn = self.connection or pool.get_connection(command_name, **options)
  File "/Users/bradolson/.pyenv/versions/3.9.12/lib/python3.9/site-packages/redis/connection.py", line 1383, in get_connection
    connection.connect()
  File "/Users/bradolson/.pyenv/versions/3.9.12/lib/python3.9/site-packages/redis/connection.py", line 615, in connect
    raise ConnectionError(self._error_message(e))
redis.exceptions.ConnectionError: Error 8 connecting to redis:6379. nodename nor servname provided, or not known.

  warn(RuntimeWarning(

[2022-06-06 18:17:24,260: INFO/MainProcess] beat: Shutting down...
[2022-06-06 18:17:26,954: INFO/Beat] beat: Starting...
[2022-06-06 18:17:26,965: INFO/MainProcess] Connected to amqp://guest:**@127.0.0.1:5672//
[2022-06-06 18:17:26,973: INFO/MainProcess] mingle: searching for neighbors
[2022-06-06 18:17:26,985: INFO/Beat] Scheduler: Sending due task action-initial-task (initial_task)
[2022-06-06 18:17:27,991: INFO/MainProcess] mingle: all alone
[2022-06-06 18:17:28,006: INFO/MainProcess] celery@Brad-Olson's-MacBook-Pro ready.
[2022-06-06 18:17:28,007: INFO/MainProcess] Received task: initial_task[7c7d50c9-ae02-4a6b-bd0a-718158b1211d]  
[2022-06-06 18:17:28,116: INFO/ForkPoolWorker-9] initial_task[7c7d50c9-ae02-4a6b-bd0a-718158b1211d]: creating group
[2022-06-06 18:17:28,137: WARNING/ForkPoolWorker-9] /Users/bradolson/.pyenv/versions/3.9.12/lib/python3.9/site-packages/celery/app/trace.py:615: RuntimeWarning: Exception raised outside body: ConnectionError('Error 8 connecting to redis:6379. nodename nor servname provided, or not known.'):
Traceback (most recent call last):
  File "/Users/bradolson/.pyenv/versions/3.9.12/lib/python3.9/site-packages/redis/connection.py", line 609, in connect
    sock = self.retry.call_with_retry(
  File "/Users/bradolson/.pyenv/versions/3.9.12/lib/python3.9/site-packages/redis/retry.py", line 46, in call_with_retry
    return do()
  File "/Users/bradolson/.pyenv/versions/3.9.12/lib/python3.9/site-packages/redis/connection.py", line 610, in <lambda>
    lambda: self._connect(), lambda error: self.disconnect(error)
  File "/Users/bradolson/.pyenv/versions/3.9.12/lib/python3.9/site-packages/redis/connection.py", line 643, in _connect
    for res in socket.getaddrinfo(
  File "/Users/bradolson/.pyenv/versions/3.9.12/lib/python3.9/socket.py", line 954, in getaddrinfo
    for res in _socket.getaddrinfo(host, port, family, type, proto, flags):
socket.gaierror: [Errno 8] nodename nor servname provided, or not known

During handling of the above exception, another exception occurred:

Traceback (most recent call last):
  File "/Users/bradolson/.pyenv/versions/3.9.12/lib/python3.9/site-packages/celery/app/trace.py", line 472, in trace_task
    mark_as_done(
  File "/Users/bradolson/.pyenv/versions/3.9.12/lib/python3.9/site-packages/celery/backends/base.py", line 154, in mark_as_done
    self.store_result(task_id, result, state, request=request)
  File "/Users/bradolson/.pyenv/versions/3.9.12/lib/python3.9/site-packages/celery/backends/base.py", line 434, in store_result
    self._store_result(task_id, result, state, traceback,
  File "/Users/bradolson/.pyenv/versions/3.9.12/lib/python3.9/site-packages/celery/backends/base.py", line 851, in _store_result
    current_meta = self._get_task_meta_for(task_id)
  File "/Users/bradolson/.pyenv/versions/3.9.12/lib/python3.9/site-packages/celery/backends/base.py", line 869, in _get_task_meta_for
    meta = self.get(self.get_key_for_task(task_id))
  File "/Users/bradolson/.pyenv/versions/3.9.12/lib/python3.9/site-packages/celery/backends/redis.py", line 346, in get
    return self.client.get(key)
  File "/Users/bradolson/.pyenv/versions/3.9.12/lib/python3.9/site-packages/redis/commands/core.py", line 1699, in get
    return self.execute_command("GET", name)
  File "/Users/bradolson/.pyenv/versions/3.9.12/lib/python3.9/site-packages/redis/client.py", line 1232, in execute_command
    conn = self.connection or pool.get_connection(command_name, **options)
  File "/Users/bradolson/.pyenv/versions/3.9.12/lib/python3.9/site-packages/redis/connection.py", line 1383, in get_connection
    connection.connect()
  File "/Users/bradolson/.pyenv/versions/3.9.12/lib/python3.9/site-packages/redis/connection.py", line 615, in connect
    raise ConnectionError(self._error_message(e))
redis.exceptions.ConnectionError: Error 8 connecting to redis:6379. nodename nor servname provided, or not known.

  warn(RuntimeWarning(

[2022-06-06 18:17:28,143: WARNING/ForkPoolWorker-9] /Users/bradolson/.pyenv/versions/3.9.12/lib/python3.9/site-packages/celery/app/trace.py:615: RuntimeWarning: Exception raised outside body: ConnectionError('Error 8 connecting to redis:6379. nodename nor servname provided, or not known.'):
Traceback (most recent call last):
  File "/Users/bradolson/.pyenv/versions/3.9.12/lib/python3.9/site-packages/redis/connection.py", line 609, in connect
    sock = self.retry.call_with_retry(
  File "/Users/bradolson/.pyenv/versions/3.9.12/lib/python3.9/site-packages/redis/retry.py", line 46, in call_with_retry
    return do()
  File "/Users/bradolson/.pyenv/versions/3.9.12/lib/python3.9/site-packages/redis/connection.py", line 610, in <lambda>
    lambda: self._connect(), lambda error: self.disconnect(error)
  File "/Users/bradolson/.pyenv/versions/3.9.12/lib/python3.9/site-packages/redis/connection.py", line 643, in _connect
    for res in socket.getaddrinfo(
  File "/Users/bradolson/.pyenv/versions/3.9.12/lib/python3.9/socket.py", line 954, in getaddrinfo
    for res in _socket.getaddrinfo(host, port, family, type, proto, flags):
socket.gaierror: [Errno 8] nodename nor servname provided, or not known

During handling of the above exception, another exception occurred:

Traceback (most recent call last):
  File "/Users/bradolson/.pyenv/versions/3.9.12/lib/python3.9/site-packages/celery/app/trace.py", line 472, in trace_task
    mark_as_done(
  File "/Users/bradolson/.pyenv/versions/3.9.12/lib/python3.9/site-packages/celery/backends/base.py", line 154, in mark_as_done
    self.store_result(task_id, result, state, request=request)
  File "/Users/bradolson/.pyenv/versions/3.9.12/lib/python3.9/site-packages/celery/backends/base.py", line 434, in store_result
    self._store_result(task_id, result, state, traceback,
  File "/Users/bradolson/.pyenv/versions/3.9.12/lib/python3.9/site-packages/celery/backends/base.py", line 851, in _store_result
    current_meta = self._get_task_meta_for(task_id)
  File "/Users/bradolson/.pyenv/versions/3.9.12/lib/python3.9/site-packages/celery/backends/base.py", line 869, in _get_task_meta_for
    meta = self.get(self.get_key_for_task(task_id))
  File "/Users/bradolson/.pyenv/versions/3.9.12/lib/python3.9/site-packages/celery/backends/redis.py", line 346, in get
    return self.client.get(key)
  File "/Users/bradolson/.pyenv/versions/3.9.12/lib/python3.9/site-packages/redis/commands/core.py", line 1699, in get
    return self.execute_command("GET", name)
  File "/Users/bradolson/.pyenv/versions/3.9.12/lib/python3.9/site-packages/redis/client.py", line 1232, in execute_command
    conn = self.connection or pool.get_connection(command_name, **options)
  File "/Users/bradolson/.pyenv/versions/3.9.12/lib/python3.9/site-packages/redis/connection.py", line 1383, in get_connection
    connection.connect()
  File "/Users/bradolson/.pyenv/versions/3.9.12/lib/python3.9/site-packages/redis/connection.py", line 615, in connect
    raise ConnectionError(self._error_message(e))
redis.exceptions.ConnectionError: Error 8 connecting to redis:6379. nodename nor servname provided, or not known.

During handling of the above exception, another exception occurred:

Traceback (most recent call last):
  File "/Users/bradolson/.pyenv/versions/3.9.12/lib/python3.9/site-packages/redis/connection.py", line 609, in connect
    sock = self.retry.call_with_retry(
  File "/Users/bradolson/.pyenv/versions/3.9.12/lib/python3.9/site-packages/redis/retry.py", line 46, in call_with_retry
    return do()
  File "/Users/bradolson/.pyenv/versions/3.9.12/lib/python3.9/site-packages/redis/connection.py", line 610, in <lambda>
    lambda: self._connect(), lambda error: self.disconnect(error)
  File "/Users/bradolson/.pyenv/versions/3.9.12/lib/python3.9/site-packages/redis/connection.py", line 643, in _connect
    for res in socket.getaddrinfo(
  File "/Users/bradolson/.pyenv/versions/3.9.12/lib/python3.9/socket.py", line 954, in getaddrinfo
    for res in _socket.getaddrinfo(host, port, family, type, proto, flags):
socket.gaierror: [Errno 8] nodename nor servname provided, or not known

During handling of the above exception, another exception occurred:

Traceback (most recent call last):
  File "/Users/bradolson/.pyenv/versions/3.9.12/lib/python3.9/site-packages/celery/app/trace.py", line 536, in trace_task
    return task.__trace__(uuid, args, kwargs, request)
  File "/Users/bradolson/.pyenv/versions/3.9.12/lib/python3.9/site-packages/celery/app/trace.py", line 524, in trace_task
    I, _, _, _ = on_error(task_request, exc, uuid)
  File "/Users/bradolson/.pyenv/versions/3.9.12/lib/python3.9/site-packages/celery/app/trace.py", line 358, in on_error
    R = I.handle_error_state(
  File "/Users/bradolson/.pyenv/versions/3.9.12/lib/python3.9/site-packages/celery/app/trace.py", line 165, in handle_error_state
    return {
  File "/Users/bradolson/.pyenv/versions/3.9.12/lib/python3.9/site-packages/celery/app/trace.py", line 212, in handle_failure
    task.backend.mark_as_failure(
  File "/Users/bradolson/.pyenv/versions/3.9.12/lib/python3.9/site-packages/celery/backends/base.py", line 164, in mark_as_failure
    self.store_result(task_id, exc, state,
  File "/Users/bradolson/.pyenv/versions/3.9.12/lib/python3.9/site-packages/celery/backends/base.py", line 434, in store_result
    self._store_result(task_id, result, state, traceback,
  File "/Users/bradolson/.pyenv/versions/3.9.12/lib/python3.9/site-packages/celery/backends/base.py", line 851, in _store_result
    current_meta = self._get_task_meta_for(task_id)
  File "/Users/bradolson/.pyenv/versions/3.9.12/lib/python3.9/site-packages/celery/backends/base.py", line 869, in _get_task_meta_for
    meta = self.get(self.get_key_for_task(task_id))
  File "/Users/bradolson/.pyenv/versions/3.9.12/lib/python3.9/site-packages/celery/backends/redis.py", line 346, in get
    return self.client.get(key)
  File "/Users/bradolson/.pyenv/versions/3.9.12/lib/python3.9/site-packages/redis/commands/core.py", line 1699, in get
    return self.execute_command("GET", name)
  File "/Users/bradolson/.pyenv/versions/3.9.12/lib/python3.9/site-packages/redis/client.py", line 1232, in execute_command
    conn = self.connection or pool.get_connection(command_name, **options)
  File "/Users/bradolson/.pyenv/versions/3.9.12/lib/python3.9/site-packages/redis/connection.py", line 1383, in get_connection
    connection.connect()
  File "/Users/bradolson/.pyenv/versions/3.9.12/lib/python3.9/site-packages/redis/connection.py", line 615, in connect
    raise ConnectionError(self._error_message(e))
redis.exceptions.ConnectionError: Error 8 connecting to redis:6379. nodename nor servname provided, or not known.

  warn(RuntimeWarning(

[2022-06-06 18:17:36,972: INFO/Beat] Scheduler: Sending due task action-initial-task (initial_task)
[2022-06-06 18:17:36,974: INFO/MainProcess] Received task: initial_task[ef950b84-5464-426b-ad33-c8fc2881cceb]  
[2022-06-06 18:17:36,975: INFO/ForkPoolWorker-9] initial_task[ef950b84-5464-426b-ad33-c8fc2881cceb]: creating group
[2022-06-06 18:17:46,972: INFO/Beat] Scheduler: Sending due task action-initial-task (initial_task)
[2022-06-06 18:17:46,974: INFO/MainProcess] Received task: initial_task[3063a526-89c0-4ca8-847b-e2bfb5f5009d]  
[2022-06-06 18:17:46,975: INFO/ForkPoolWorker-9] initial_task[3063a526-89c0-4ca8-847b-e2bfb5f5009d]: creating group
[2022-06-06 18:17:49,189: INFO/MainProcess] beat: Shutting down...
[2022-06-06 18:17:53,639: INFO/Beat] beat: Starting...
[2022-06-06 18:17:53,652: INFO/MainProcess] Connected to amqp://guest:**@127.0.0.1:5672//
[2022-06-06 18:17:53,658: INFO/MainProcess] mingle: searching for neighbors
[2022-06-06 18:17:54,677: INFO/MainProcess] mingle: all alone
[2022-06-06 18:17:54,693: INFO/MainProcess] celery@Brad-Olson's-MacBook-Pro ready.
[2022-06-06 18:17:56,986: INFO/Beat] Scheduler: Sending due task action-initial-task (initial_task)
[2022-06-06 18:17:56,994: INFO/MainProcess] Received task: initial_task[c972284c-2d30-49f7-9e1b-a75444b722bf]  
[2022-06-06 18:17:56,996: INFO/ForkPoolWorker-9] initial_task[c972284c-2d30-49f7-9e1b-a75444b722bf]: creating group
[2022-06-06 18:17:57,037: WARNING/ForkPoolWorker-9] /Users/bradolson/.pyenv/versions/3.9.12/lib/python3.9/site-packages/celery/app/trace.py:615: RuntimeWarning: Exception raised outside body: ConnectionError('Error 8 connecting to redis:6379. nodename nor servname provided, or not known.'):
Traceback (most recent call last):
  File "/Users/bradolson/.pyenv/versions/3.9.12/lib/python3.9/site-packages/redis/connection.py", line 609, in connect
    sock = self.retry.call_with_retry(
  File "/Users/bradolson/.pyenv/versions/3.9.12/lib/python3.9/site-packages/redis/retry.py", line 46, in call_with_retry
    return do()
  File "/Users/bradolson/.pyenv/versions/3.9.12/lib/python3.9/site-packages/redis/connection.py", line 610, in <lambda>
    lambda: self._connect(), lambda error: self.disconnect(error)
  File "/Users/bradolson/.pyenv/versions/3.9.12/lib/python3.9/site-packages/redis/connection.py", line 643, in _connect
    for res in socket.getaddrinfo(
  File "/Users/bradolson/.pyenv/versions/3.9.12/lib/python3.9/socket.py", line 954, in getaddrinfo
    for res in _socket.getaddrinfo(host, port, family, type, proto, flags):
socket.gaierror: [Errno 8] nodename nor servname provided, or not known

During handling of the above exception, another exception occurred:

Traceback (most recent call last):
  File "/Users/bradolson/.pyenv/versions/3.9.12/lib/python3.9/site-packages/celery/app/trace.py", line 472, in trace_task
    mark_as_done(
  File "/Users/bradolson/.pyenv/versions/3.9.12/lib/python3.9/site-packages/celery/backends/base.py", line 154, in mark_as_done
    self.store_result(task_id, result, state, request=request)
  File "/Users/bradolson/.pyenv/versions/3.9.12/lib/python3.9/site-packages/celery/backends/base.py", line 434, in store_result
    self._store_result(task_id, result, state, traceback,
  File "/Users/bradolson/.pyenv/versions/3.9.12/lib/python3.9/site-packages/celery/backends/base.py", line 851, in _store_result
    current_meta = self._get_task_meta_for(task_id)
  File "/Users/bradolson/.pyenv/versions/3.9.12/lib/python3.9/site-packages/celery/backends/base.py", line 869, in _get_task_meta_for
    meta = self.get(self.get_key_for_task(task_id))
  File "/Users/bradolson/.pyenv/versions/3.9.12/lib/python3.9/site-packages/celery/backends/redis.py", line 346, in get
    return self.client.get(key)
  File "/Users/bradolson/.pyenv/versions/3.9.12/lib/python3.9/site-packages/redis/commands/core.py", line 1699, in get
    return self.execute_command("GET", name)
  File "/Users/bradolson/.pyenv/versions/3.9.12/lib/python3.9/site-packages/redis/client.py", line 1232, in execute_command
    conn = self.connection or pool.get_connection(command_name, **options)
  File "/Users/bradolson/.pyenv/versions/3.9.12/lib/python3.9/site-packages/redis/connection.py", line 1383, in get_connection
    connection.connect()
  File "/Users/bradolson/.pyenv/versions/3.9.12/lib/python3.9/site-packages/redis/connection.py", line 615, in connect
    raise ConnectionError(self._error_message(e))
redis.exceptions.ConnectionError: Error 8 connecting to redis:6379. nodename nor servname provided, or not known.

  warn(RuntimeWarning(

[2022-06-06 18:17:57,044: WARNING/ForkPoolWorker-9] /Users/bradolson/.pyenv/versions/3.9.12/lib/python3.9/site-packages/celery/app/trace.py:615: RuntimeWarning: Exception raised outside body: ConnectionError('Error 8 connecting to redis:6379. nodename nor servname provided, or not known.'):
Traceback (most recent call last):
  File "/Users/bradolson/.pyenv/versions/3.9.12/lib/python3.9/site-packages/redis/connection.py", line 609, in connect
    sock = self.retry.call_with_retry(
  File "/Users/bradolson/.pyenv/versions/3.9.12/lib/python3.9/site-packages/redis/retry.py", line 46, in call_with_retry
    return do()
  File "/Users/bradolson/.pyenv/versions/3.9.12/lib/python3.9/site-packages/redis/connection.py", line 610, in <lambda>
    lambda: self._connect(), lambda error: self.disconnect(error)
  File "/Users/bradolson/.pyenv/versions/3.9.12/lib/python3.9/site-packages/redis/connection.py", line 643, in _connect
    for res in socket.getaddrinfo(
  File "/Users/bradolson/.pyenv/versions/3.9.12/lib/python3.9/socket.py", line 954, in getaddrinfo
    for res in _socket.getaddrinfo(host, port, family, type, proto, flags):
socket.gaierror: [Errno 8] nodename nor servname provided, or not known

During handling of the above exception, another exception occurred:

Traceback (most recent call last):
  File "/Users/bradolson/.pyenv/versions/3.9.12/lib/python3.9/site-packages/celery/app/trace.py", line 472, in trace_task
    mark_as_done(
  File "/Users/bradolson/.pyenv/versions/3.9.12/lib/python3.9/site-packages/celery/backends/base.py", line 154, in mark_as_done
    self.store_result(task_id, result, state, request=request)
  File "/Users/bradolson/.pyenv/versions/3.9.12/lib/python3.9/site-packages/celery/backends/base.py", line 434, in store_result
    self._store_result(task_id, result, state, traceback,
  File "/Users/bradolson/.pyenv/versions/3.9.12/lib/python3.9/site-packages/celery/backends/base.py", line 851, in _store_result
    current_meta = self._get_task_meta_for(task_id)
  File "/Users/bradolson/.pyenv/versions/3.9.12/lib/python3.9/site-packages/celery/backends/base.py", line 869, in _get_task_meta_for
    meta = self.get(self.get_key_for_task(task_id))
  File "/Users/bradolson/.pyenv/versions/3.9.12/lib/python3.9/site-packages/celery/backends/redis.py", line 346, in get
    return self.client.get(key)
  File "/Users/bradolson/.pyenv/versions/3.9.12/lib/python3.9/site-packages/redis/commands/core.py", line 1699, in get
    return self.execute_command("GET", name)
  File "/Users/bradolson/.pyenv/versions/3.9.12/lib/python3.9/site-packages/redis/client.py", line 1232, in execute_command
    conn = self.connection or pool.get_connection(command_name, **options)
  File "/Users/bradolson/.pyenv/versions/3.9.12/lib/python3.9/site-packages/redis/connection.py", line 1383, in get_connection
    connection.connect()
  File "/Users/bradolson/.pyenv/versions/3.9.12/lib/python3.9/site-packages/redis/connection.py", line 615, in connect
    raise ConnectionError(self._error_message(e))
redis.exceptions.ConnectionError: Error 8 connecting to redis:6379. nodename nor servname provided, or not known.

During handling of the above exception, another exception occurred:

Traceback (most recent call last):
  File "/Users/bradolson/.pyenv/versions/3.9.12/lib/python3.9/site-packages/redis/connection.py", line 609, in connect
    sock = self.retry.call_with_retry(
  File "/Users/bradolson/.pyenv/versions/3.9.12/lib/python3.9/site-packages/redis/retry.py", line 46, in call_with_retry
    return do()
  File "/Users/bradolson/.pyenv/versions/3.9.12/lib/python3.9/site-packages/redis/connection.py", line 610, in <lambda>
    lambda: self._connect(), lambda error: self.disconnect(error)
  File "/Users/bradolson/.pyenv/versions/3.9.12/lib/python3.9/site-packages/redis/connection.py", line 643, in _connect
    for res in socket.getaddrinfo(
  File "/Users/bradolson/.pyenv/versions/3.9.12/lib/python3.9/socket.py", line 954, in getaddrinfo
    for res in _socket.getaddrinfo(host, port, family, type, proto, flags):
socket.gaierror: [Errno 8] nodename nor servname provided, or not known

During handling of the above exception, another exception occurred:

Traceback (most recent call last):
  File "/Users/bradolson/.pyenv/versions/3.9.12/lib/python3.9/site-packages/celery/app/trace.py", line 536, in trace_task
    return task.__trace__(uuid, args, kwargs, request)
  File "/Users/bradolson/.pyenv/versions/3.9.12/lib/python3.9/site-packages/celery/app/trace.py", line 524, in trace_task
    I, _, _, _ = on_error(task_request, exc, uuid)
  File "/Users/bradolson/.pyenv/versions/3.9.12/lib/python3.9/site-packages/celery/app/trace.py", line 358, in on_error
    R = I.handle_error_state(
  File "/Users/bradolson/.pyenv/versions/3.9.12/lib/python3.9/site-packages/celery/app/trace.py", line 165, in handle_error_state
    return {
  File "/Users/bradolson/.pyenv/versions/3.9.12/lib/python3.9/site-packages/celery/app/trace.py", line 212, in handle_failure
    task.backend.mark_as_failure(
  File "/Users/bradolson/.pyenv/versions/3.9.12/lib/python3.9/site-packages/celery/backends/base.py", line 164, in mark_as_failure
    self.store_result(task_id, exc, state,
  File "/Users/bradolson/.pyenv/versions/3.9.12/lib/python3.9/site-packages/celery/backends/base.py", line 434, in store_result
    self._store_result(task_id, result, state, traceback,
  File "/Users/bradolson/.pyenv/versions/3.9.12/lib/python3.9/site-packages/celery/backends/base.py", line 851, in _store_result
    current_meta = self._get_task_meta_for(task_id)
  File "/Users/bradolson/.pyenv/versions/3.9.12/lib/python3.9/site-packages/celery/backends/base.py", line 869, in _get_task_meta_for
    meta = self.get(self.get_key_for_task(task_id))
  File "/Users/bradolson/.pyenv/versions/3.9.12/lib/python3.9/site-packages/celery/backends/redis.py", line 346, in get
    return self.client.get(key)
  File "/Users/bradolson/.pyenv/versions/3.9.12/lib/python3.9/site-packages/redis/commands/core.py", line 1699, in get
    return self.execute_command("GET", name)
  File "/Users/bradolson/.pyenv/versions/3.9.12/lib/python3.9/site-packages/redis/client.py", line 1232, in execute_command
    conn = self.connection or pool.get_connection(command_name, **options)
  File "/Users/bradolson/.pyenv/versions/3.9.12/lib/python3.9/site-packages/redis/connection.py", line 1383, in get_connection
    connection.connect()
  File "/Users/bradolson/.pyenv/versions/3.9.12/lib/python3.9/site-packages/redis/connection.py", line 615, in connect
    raise ConnectionError(self._error_message(e))
redis.exceptions.ConnectionError: Error 8 connecting to redis:6379. nodename nor servname provided, or not known.

  warn(RuntimeWarning(

[2022-06-06 18:18:06,972: INFO/Beat] Scheduler: Sending due task action-initial-task (initial_task)
[2022-06-06 18:18:06,974: INFO/MainProcess] Received task: initial_task[5f56ce8a-508c-4296-8e00-fd66aca84757]  
[2022-06-06 18:18:06,975: INFO/ForkPoolWorker-9] initial_task[5f56ce8a-508c-4296-8e00-fd66aca84757]: creating group
[2022-06-06 18:18:16,972: INFO/Beat] Scheduler: Sending due task action-initial-task (initial_task)
[2022-06-06 18:18:16,974: INFO/MainProcess] Received task: initial_task[3db2473b-f6d9-48dc-9455-d451ed3d1fc3]  
[2022-06-06 18:18:16,975: INFO/ForkPoolWorker-9] initial_task[3db2473b-f6d9-48dc-9455-d451ed3d1fc3]: creating group
[2022-06-06 18:18:26,972: INFO/Beat] Scheduler: Sending due task action-initial-task (initial_task)
[2022-06-06 18:18:26,974: INFO/MainProcess] Received task: initial_task[19c3f756-0d6f-4b54-aebe-15c1405c8379]  
[2022-06-06 18:18:26,975: INFO/ForkPoolWorker-9] initial_task[19c3f756-0d6f-4b54-aebe-15c1405c8379]: creating group
[2022-06-06 18:18:36,972: INFO/Beat] Scheduler: Sending due task action-initial-task (initial_task)
[2022-06-06 18:18:36,974: INFO/MainProcess] Received task: initial_task[bc102e52-5732-4129-8959-7e944c9c161a]  
[2022-06-06 18:18:36,975: INFO/ForkPoolWorker-9] initial_task[bc102e52-5732-4129-8959-7e944c9c161a]: creating group
[2022-06-06 18:18:46,972: INFO/Beat] Scheduler: Sending due task action-initial-task (initial_task)
[2022-06-06 18:18:46,975: INFO/MainProcess] Received task: initial_task[a8da7ddc-03ab-44a0-8589-98c69b673afa]  
[2022-06-06 18:18:46,976: INFO/ForkPoolWorker-9] initial_task[a8da7ddc-03ab-44a0-8589-98c69b673afa]: creating group
[2022-06-06 18:18:56,972: INFO/Beat] Scheduler: Sending due task action-initial-task (initial_task)
[2022-06-06 18:18:56,974: INFO/MainProcess] Received task: initial_task[567124f5-e958-4e2f-871a-fcd04ea3b4fc]  
[2022-06-06 18:18:56,975: INFO/ForkPoolWorker-9] initial_task[567124f5-e958-4e2f-871a-fcd04ea3b4fc]: creating group
[2022-06-06 18:19:06,972: INFO/Beat] Scheduler: Sending due task action-initial-task (initial_task)
[2022-06-06 18:19:06,974: INFO/MainProcess] Received task: initial_task[fb67df47-5874-46c8-aed6-6b1c61553062]  
[2022-06-06 18:19:06,975: INFO/ForkPoolWorker-9] initial_task[fb67df47-5874-46c8-aed6-6b1c61553062]: creating group
[2022-06-06 18:19:07,031: INFO/MainProcess] beat: Shutting down...
[2022-06-06 18:19:09,960: CRITICAL/MainProcess] Unrecoverable error: ValueError("Port could not be cast to integer value as 'redis:6379'")
Traceback (most recent call last):
  File "/Users/bradolson/.pyenv/versions/3.9.12/lib/python3.9/site-packages/celery/worker/worker.py", line 203, in start
    self.blueprint.start(self)
  File "/Users/bradolson/.pyenv/versions/3.9.12/lib/python3.9/site-packages/celery/bootsteps.py", line 112, in start
    self.on_start()
  File "/Users/bradolson/.pyenv/versions/3.9.12/lib/python3.9/site-packages/celery/apps/worker.py", line 136, in on_start
    self.emit_banner()
  File "/Users/bradolson/.pyenv/versions/3.9.12/lib/python3.9/site-packages/celery/apps/worker.py", line 170, in emit_banner
    ' \n', self.startup_info(artlines=not use_image))),
  File "/Users/bradolson/.pyenv/versions/3.9.12/lib/python3.9/site-packages/celery/apps/worker.py", line 232, in startup_info
    results=self.app.backend.as_uri(),
  File "/Users/bradolson/.pyenv/versions/3.9.12/lib/python3.9/site-packages/celery/app/base.py", line 1213, in backend
    self._local.backend = new_backend = self._get_backend()
  File "/Users/bradolson/.pyenv/versions/3.9.12/lib/python3.9/site-packages/celery/app/base.py", line 919, in _get_backend
    return backend(app=self, url=url)
  File "/Users/bradolson/.pyenv/versions/3.9.12/lib/python3.9/site-packages/celery/backends/redis.py", line 242, in __init__
    self.connparams = self._params_from_url(url, self.connparams)
  File "/Users/bradolson/.pyenv/versions/3.9.12/lib/python3.9/site-packages/celery/backends/redis.py", line 278, in _params_from_url
    scheme, host, port, _, password, path, query = _parse_url(url)
  File "/Users/bradolson/.pyenv/versions/3.9.12/lib/python3.9/site-packages/kombu/utils/url.py", line 68, in url_to_parts
    parts.port,
  File "/Users/bradolson/.pyenv/versions/3.9.12/lib/python3.9/urllib/parse.py", line 178, in port
    raise ValueError(message) from None
ValueError: Port could not be cast to integer value as 'redis:6379'
[2022-06-06 18:19:59,510: INFO/Beat] beat: Starting...
[2022-06-06 18:19:59,565: INFO/Beat] Scheduler: Sending due task action-initial-task (initial_task)
[2022-06-06 18:19:59,871: INFO/MainProcess] Connected to amqp://guest:**@127.0.0.1:5672//
[2022-06-06 18:19:59,878: INFO/MainProcess] mingle: searching for neighbors
[2022-06-06 18:20:00,899: INFO/MainProcess] mingle: all alone
[2022-06-06 18:20:00,915: INFO/MainProcess] celery@Brad-Olson's-MacBook-Pro ready.
[2022-06-06 18:20:00,916: INFO/MainProcess] Received task: initial_task[34b05c4a-f13c-45df-b7d4-839b3dd4ea74]  
[2022-06-06 18:20:01,023: INFO/ForkPoolWorker-8] initial_task[34b05c4a-f13c-45df-b7d4-839b3dd4ea74]: creating group
[2022-06-06 18:20:01,038: INFO/ForkPoolWorker-8] Task initial_task[34b05c4a-f13c-45df-b7d4-839b3dd4ea74] succeeded in 0.014809368000000322s: 'test'
[2022-06-06 18:20:10,345: INFO/MainProcess] beat: Shutting down...
[2022-06-06 18:20:22,097: INFO/MainProcess] Connected to amqp://guest:**@127.0.0.1:5672//
[2022-06-06 18:20:22,105: INFO/MainProcess] mingle: searching for neighbors
[2022-06-06 18:20:23,121: INFO/MainProcess] mingle: all alone
[2022-06-06 18:20:23,136: INFO/MainProcess] celery@Brad-Olson's-MacBook-Pro ready.
[2022-06-06 18:20:23,973: INFO/MainProcess] Received task: initial_task[83f9e382-f761-4dba-b9ed-f739a775a7e6]  
[2022-06-06 18:20:23,975: INFO/ForkPoolWorker-8] initial_task[83f9e382-f761-4dba-b9ed-f739a775a7e6]: creating group
[2022-06-06 18:20:23,988: INFO/ForkPoolWorker-8] Task initial_task[83f9e382-f761-4dba-b9ed-f739a775a7e6] succeeded in 0.013386520999999707s: 'test'
[2022-06-06 18:20:33,955: INFO/MainProcess] Received task: initial_task[617a0ae7-0ddb-4696-9773-f4861ee76737]  
[2022-06-06 18:20:33,957: INFO/ForkPoolWorker-8] initial_task[617a0ae7-0ddb-4696-9773-f4861ee76737]: creating group
[2022-06-06 18:20:33,959: INFO/ForkPoolWorker-8] Task initial_task[617a0ae7-0ddb-4696-9773-f4861ee76737] succeeded in 0.0021598299999983084s: 'test'
[2022-06-06 18:20:43,954: INFO/MainProcess] Received task: initial_task[575458da-ec28-4f29-a62d-00b0fce04def]  
[2022-06-06 18:20:43,956: INFO/ForkPoolWorker-8] initial_task[575458da-ec28-4f29-a62d-00b0fce04def]: creating group
[2022-06-06 18:20:43,957: INFO/ForkPoolWorker-8] Task initial_task[575458da-ec28-4f29-a62d-00b0fce04def] succeeded in 0.0012858810000011545s: 'test'
[2022-06-06 18:20:53,954: INFO/MainProcess] Received task: initial_task[7916cf74-c2c7-483a-b9ce-ff71b7bc5834]  
[2022-06-06 18:20:53,955: INFO/ForkPoolWorker-8] initial_task[7916cf74-c2c7-483a-b9ce-ff71b7bc5834]: creating group
[2022-06-06 18:20:53,957: INFO/ForkPoolWorker-8] Task initial_task[7916cf74-c2c7-483a-b9ce-ff71b7bc5834] succeeded in 0.0013108340000016483s: 'test'
[2022-06-06 18:21:03,955: INFO/MainProcess] Received task: initial_task[ed564c29-3ccc-4071-bed9-1072f18dc1d6]  
[2022-06-06 18:21:03,956: INFO/ForkPoolWorker-8] initial_task[ed564c29-3ccc-4071-bed9-1072f18dc1d6]: creating group
[2022-06-06 18:21:03,957: INFO/ForkPoolWorker-8] Task initial_task[ed564c29-3ccc-4071-bed9-1072f18dc1d6] succeeded in 0.0015814089999963699s: 'test'
[2022-06-06 18:21:13,955: INFO/MainProcess] Received task: initial_task[5bc26f12-6bc4-4b02-ac7b-9a684bb91ec6]  
[2022-06-06 18:21:13,956: INFO/ForkPoolWorker-8] initial_task[5bc26f12-6bc4-4b02-ac7b-9a684bb91ec6]: creating group
[2022-06-06 18:21:13,957: INFO/ForkPoolWorker-8] Task initial_task[5bc26f12-6bc4-4b02-ac7b-9a684bb91ec6] succeeded in 0.0013112259999985554s: 'test'
[2022-06-06 18:21:23,955: INFO/MainProcess] Received task: initial_task[af184932-66e4-4b46-9459-fe3a3a787579]  
[2022-06-06 18:21:23,956: INFO/ForkPoolWorker-8] initial_task[af184932-66e4-4b46-9459-fe3a3a787579]: creating group
[2022-06-06 18:21:23,957: INFO/ForkPoolWorker-8] Task initial_task[af184932-66e4-4b46-9459-fe3a3a787579] succeeded in 0.0013520019999972988s: 'test'
[2022-06-06 18:21:33,954: INFO/MainProcess] Received task: initial_task[eba8e464-bea5-4f8b-9ab5-4aa1cf940092]  
[2022-06-06 18:21:33,955: INFO/ForkPoolWorker-8] initial_task[eba8e464-bea5-4f8b-9ab5-4aa1cf940092]: creating group
[2022-06-06 18:21:33,957: INFO/ForkPoolWorker-8] Task initial_task[eba8e464-bea5-4f8b-9ab5-4aa1cf940092] succeeded in 0.0013019560000060437s: 'test'
[2022-06-06 18:21:43,955: INFO/MainProcess] Received task: initial_task[be6415da-aa27-4d74-9488-e2bd1d902551]  
[2022-06-06 18:21:43,956: INFO/ForkPoolWorker-8] initial_task[be6415da-aa27-4d74-9488-e2bd1d902551]: creating group
[2022-06-06 18:21:43,957: INFO/ForkPoolWorker-8] Task initial_task[be6415da-aa27-4d74-9488-e2bd1d902551] succeeded in 0.001293797000002428s: 'test'
[2022-06-06 18:21:53,955: INFO/MainProcess] Received task: initial_task[648e88e4-9e81-4ea3-b3a4-a094be8d14c9]  
[2022-06-06 18:21:53,956: INFO/ForkPoolWorker-8] initial_task[648e88e4-9e81-4ea3-b3a4-a094be8d14c9]: creating group
[2022-06-06 18:21:53,957: INFO/ForkPoolWorker-8] Task initial_task[648e88e4-9e81-4ea3-b3a4-a094be8d14c9] succeeded in 0.0013329900000087491s: 'test'
[2022-06-06 18:22:03,955: INFO/MainProcess] Received task: initial_task[bd7a816c-3f02-4704-baff-def561b8f530]  
[2022-06-06 18:22:03,957: INFO/ForkPoolWorker-8] initial_task[bd7a816c-3f02-4704-baff-def561b8f530]: creating group
[2022-06-06 18:22:03,959: INFO/ForkPoolWorker-8] Task initial_task[bd7a816c-3f02-4704-baff-def561b8f530] succeeded in 0.002235577000007538s: 'test'
[2022-06-06 18:22:13,955: INFO/MainProcess] Received task: initial_task[eaa0b940-3c83-409a-8a6b-70e49a2956bd]  
[2022-06-06 18:22:13,956: INFO/ForkPoolWorker-8] initial_task[eaa0b940-3c83-409a-8a6b-70e49a2956bd]: creating group
[2022-06-06 18:22:13,957: INFO/ForkPoolWorker-8] Task initial_task[eaa0b940-3c83-409a-8a6b-70e49a2956bd] succeeded in 0.001306491999997661s: 'test'
[2022-06-06 18:22:23,955: INFO/MainProcess] Received task: initial_task[d7b3aa5a-eaed-4410-ace2-cc9490d399a8]  
[2022-06-06 18:22:23,956: INFO/ForkPoolWorker-8] initial_task[d7b3aa5a-eaed-4410-ace2-cc9490d399a8]: creating group
[2022-06-06 18:22:23,957: INFO/ForkPoolWorker-8] Task initial_task[d7b3aa5a-eaed-4410-ace2-cc9490d399a8] succeeded in 0.0013054570000008425s: 'test'
[2022-06-06 18:22:33,955: INFO/MainProcess] Received task: initial_task[6f7b5da0-a7c6-47d6-aba5-068597db3601]  
[2022-06-06 18:22:33,956: INFO/ForkPoolWorker-8] initial_task[6f7b5da0-a7c6-47d6-aba5-068597db3601]: creating group
[2022-06-06 18:22:33,957: INFO/ForkPoolWorker-8] Task initial_task[6f7b5da0-a7c6-47d6-aba5-068597db3601] succeeded in 0.0012879100000020571s: 'test'
[2022-06-06 18:22:43,955: INFO/MainProcess] Received task: initial_task[2e9ff87b-4c67-49d3-83dc-d3be23e22967]  
[2022-06-06 18:22:43,956: INFO/ForkPoolWorker-8] initial_task[2e9ff87b-4c67-49d3-83dc-d3be23e22967]: creating group
[2022-06-06 18:22:43,957: INFO/ForkPoolWorker-8] Task initial_task[2e9ff87b-4c67-49d3-83dc-d3be23e22967] succeeded in 0.0012350450000155888s: 'test'
[2022-06-06 18:22:53,955: INFO/MainProcess] Received task: initial_task[3329f0c8-42d1-40b6-b788-f6e1101acb88]  
[2022-06-06 18:22:53,974: INFO/ForkPoolWorker-8] initial_task[3329f0c8-42d1-40b6-b788-f6e1101acb88]: creating group
[2022-06-06 18:22:53,976: INFO/ForkPoolWorker-8] Task initial_task[3329f0c8-42d1-40b6-b788-f6e1101acb88] succeeded in 0.001386235000012448s: 'test'
[2022-06-06 18:23:03,955: INFO/MainProcess] Received task: initial_task[b1fc8370-ef6e-4055-829e-612e3d7939c5]  
[2022-06-06 18:23:03,956: INFO/ForkPoolWorker-8] initial_task[b1fc8370-ef6e-4055-829e-612e3d7939c5]: creating group
[2022-06-06 18:23:03,957: INFO/ForkPoolWorker-8] Task initial_task[b1fc8370-ef6e-4055-829e-612e3d7939c5] succeeded in 0.0012879699999928107s: 'test'
[2022-06-06 18:23:13,955: INFO/MainProcess] Received task: initial_task[da22fb71-dd5d-4186-848b-ae6391154be4]  
[2022-06-06 18:23:13,956: INFO/ForkPoolWorker-8] initial_task[da22fb71-dd5d-4186-848b-ae6391154be4]: creating group
[2022-06-06 18:23:13,957: INFO/ForkPoolWorker-8] Task initial_task[da22fb71-dd5d-4186-848b-ae6391154be4] succeeded in 0.0014058809999824007s: 'test'
[2022-06-06 18:23:23,955: INFO/MainProcess] Received task: initial_task[35ab97a6-010c-4861-b32a-810396800dca]  
[2022-06-06 18:23:23,956: INFO/ForkPoolWorker-8] initial_task[35ab97a6-010c-4861-b32a-810396800dca]: creating group
[2022-06-06 18:23:23,957: INFO/ForkPoolWorker-8] Task initial_task[35ab97a6-010c-4861-b32a-810396800dca] succeeded in 0.0013070580000089649s: 'test'
[2022-06-06 18:23:33,995: INFO/MainProcess] Received task: initial_task[1734f9ff-7b2a-4034-b639-2d5bd3d27ceb]  
[2022-06-06 18:23:33,996: INFO/ForkPoolWorker-8] initial_task[1734f9ff-7b2a-4034-b639-2d5bd3d27ceb]: creating group
[2022-06-06 18:23:33,998: INFO/ForkPoolWorker-8] Task initial_task[1734f9ff-7b2a-4034-b639-2d5bd3d27ceb] succeeded in 0.0014374509999868224s: 'test'
[2022-06-06 18:23:43,955: INFO/MainProcess] Received task: initial_task[f29d18fb-c9ad-48cf-8602-fd5ea65d440b]  
[2022-06-06 18:23:43,956: INFO/ForkPoolWorker-8] initial_task[f29d18fb-c9ad-48cf-8602-fd5ea65d440b]: creating group
[2022-06-06 18:23:43,958: INFO/ForkPoolWorker-8] Task initial_task[f29d18fb-c9ad-48cf-8602-fd5ea65d440b] succeeded in 0.0013277259999995294s: 'test'
[2022-06-06 18:23:53,956: INFO/MainProcess] Received task: initial_task[158dd99a-826d-427b-ad46-15b89b43e0bf]  
[2022-06-06 18:23:53,957: INFO/ForkPoolWorker-8] initial_task[158dd99a-826d-427b-ad46-15b89b43e0bf]: creating group
[2022-06-06 18:23:53,958: INFO/ForkPoolWorker-8] Task initial_task[158dd99a-826d-427b-ad46-15b89b43e0bf] succeeded in 0.001360919999996213s: 'test'
[2022-06-06 18:24:03,955: INFO/MainProcess] Received task: initial_task[67c6421a-f276-4967-bf83-980e34c3abac]  
[2022-06-06 18:24:03,956: INFO/ForkPoolWorker-8] initial_task[67c6421a-f276-4967-bf83-980e34c3abac]: creating group
[2022-06-06 18:24:03,958: INFO/ForkPoolWorker-8] Task initial_task[67c6421a-f276-4967-bf83-980e34c3abac] succeeded in 0.0013869359999887365s: 'test'
[2022-06-06 18:24:13,955: INFO/MainProcess] Received task: initial_task[fcec624e-e707-4d3a-9d51-85049eabd65a]  
[2022-06-06 18:24:13,956: INFO/ForkPoolWorker-8] initial_task[fcec624e-e707-4d3a-9d51-85049eabd65a]: creating group
[2022-06-06 18:24:13,957: INFO/ForkPoolWorker-8] Task initial_task[fcec624e-e707-4d3a-9d51-85049eabd65a] succeeded in 0.0014894830000002912s: 'test'
[2022-06-06 18:24:23,955: INFO/MainProcess] Received task: initial_task[c95d7264-e8c2-4dac-86d5-85d4bd41dec2]  
[2022-06-06 18:24:23,956: INFO/ForkPoolWorker-8] initial_task[c95d7264-e8c2-4dac-86d5-85d4bd41dec2]: creating group
[2022-06-06 18:24:23,957: INFO/ForkPoolWorker-8] Task initial_task[c95d7264-e8c2-4dac-86d5-85d4bd41dec2] succeeded in 0.001286907999997311s: 'test'
[2022-06-06 18:27:12,568: INFO/MainProcess] Received task: initial_task[a856d1ca-8214-4375-8d85-dba0c14fb0f2]  
[2022-06-06 18:27:12,570: INFO/ForkPoolWorker-8] initial_task[a856d1ca-8214-4375-8d85-dba0c14fb0f2]: creating group
[2022-06-06 18:27:12,571: INFO/ForkPoolWorker-8] Task initial_task[a856d1ca-8214-4375-8d85-dba0c14fb0f2] succeeded in 0.0015477510000323491s: 'test'
[2022-06-06 18:27:22,535: INFO/MainProcess] Received task: initial_task[f90c5377-9825-4189-a534-90dbb8ea82a9]  
[2022-06-06 18:27:22,536: INFO/ForkPoolWorker-8] initial_task[f90c5377-9825-4189-a534-90dbb8ea82a9]: creating group
[2022-06-06 18:27:22,538: INFO/ForkPoolWorker-8] Task initial_task[f90c5377-9825-4189-a534-90dbb8ea82a9] succeeded in 0.001379412999995111s: 'test'
[2022-06-06 18:27:32,535: INFO/MainProcess] Received task: initial_task[ab8279d6-97e9-4cdc-a7a9-1f303170a499]  
[2022-06-06 18:27:32,536: INFO/ForkPoolWorker-8] initial_task[ab8279d6-97e9-4cdc-a7a9-1f303170a499]: creating group
[2022-06-06 18:27:32,537: INFO/ForkPoolWorker-8] Task initial_task[ab8279d6-97e9-4cdc-a7a9-1f303170a499] succeeded in 0.0013289169999666228s: 'test'
[2022-06-06 18:27:42,535: INFO/MainProcess] Received task: initial_task[50a116a0-6644-4b7b-9ccd-41721493b23b]  
[2022-06-06 18:27:42,537: INFO/ForkPoolWorker-8] initial_task[50a116a0-6644-4b7b-9ccd-41721493b23b]: creating group
[2022-06-06 18:27:42,539: INFO/ForkPoolWorker-8] Task initial_task[50a116a0-6644-4b7b-9ccd-41721493b23b] succeeded in 0.00160602400001153s: 'test'
[2022-06-06 18:27:51,605: INFO/MainProcess] Connected to amqp://guest:**@127.0.0.1:5672//
[2022-06-06 18:27:51,613: INFO/MainProcess] mingle: searching for neighbors
[2022-06-06 18:27:52,631: INFO/MainProcess] mingle: all alone
[2022-06-06 18:27:52,645: INFO/MainProcess] celery@Brad-Olson's-MacBook-Pro ready.
[2022-06-06 18:27:52,645: INFO/MainProcess] Received task: initial_task[3b1b8083-df17-4a27-8cb1-c205e0080ae2]  
[2022-06-06 18:27:52,753: INFO/ForkPoolWorker-8] initial_task[3b1b8083-df17-4a27-8cb1-c205e0080ae2]: creating group
[2022-06-06 18:27:52,755: INFO/ForkPoolWorker-8] initial_task[3b1b8083-df17-4a27-8cb1-c205e0080ae2]: group created, applying async
[2022-06-06 18:27:52,776: INFO/MainProcess] Received task: subsequent_task[686e9f76-b59d-4b34-989e-d578f1cf911c]  
[2022-06-06 18:27:52,778: INFO/ForkPoolWorker-8] initial_task[3b1b8083-df17-4a27-8cb1-c205e0080ae2]: async applied
[2022-06-06 18:27:52,778: INFO/ForkPoolWorker-1] subsequent_task[686e9f76-b59d-4b34-989e-d578f1cf911c]: executing group
[2022-06-06 18:27:52,780: INFO/ForkPoolWorker-8] Task initial_task[3b1b8083-df17-4a27-8cb1-c205e0080ae2] succeeded in 0.02813174399999996s: 'test'
[2022-06-06 18:27:52,794: INFO/ForkPoolWorker-1] Task subsequent_task[686e9f76-b59d-4b34-989e-d578f1cf911c] succeeded in 0.016482700000000072s: 'foo'
[2022-06-06 18:28:02,535: INFO/MainProcess] Received task: initial_task[ed5b0017-0505-4cd6-b8ac-73cead427e87]  
[2022-06-06 18:28:02,536: INFO/ForkPoolWorker-8] initial_task[ed5b0017-0505-4cd6-b8ac-73cead427e87]: creating group
[2022-06-06 18:28:02,537: INFO/ForkPoolWorker-8] initial_task[ed5b0017-0505-4cd6-b8ac-73cead427e87]: group created, applying async
[2022-06-06 18:28:02,539: INFO/ForkPoolWorker-8] initial_task[ed5b0017-0505-4cd6-b8ac-73cead427e87]: async applied
[2022-06-06 18:28:02,539: INFO/MainProcess] Received task: subsequent_task[e48dcf4d-7b3d-4870-81c9-2edb62f00f79]  
[2022-06-06 18:28:02,540: INFO/ForkPoolWorker-8] Task initial_task[ed5b0017-0505-4cd6-b8ac-73cead427e87] succeeded in 0.0038776909999995723s: 'test'
[2022-06-06 18:28:02,540: INFO/ForkPoolWorker-1] subsequent_task[e48dcf4d-7b3d-4870-81c9-2edb62f00f79]: executing group
[2022-06-06 18:28:02,542: INFO/ForkPoolWorker-1] Task subsequent_task[e48dcf4d-7b3d-4870-81c9-2edb62f00f79] succeeded in 0.0017408009999986263s: 'foo'
[2022-06-06 18:28:12,536: INFO/MainProcess] Received task: initial_task[a6be37d9-69ef-4e2e-8dd5-530f0a302a9a]  
[2022-06-06 18:28:12,537: INFO/ForkPoolWorker-8] initial_task[a6be37d9-69ef-4e2e-8dd5-530f0a302a9a]: creating group
[2022-06-06 18:28:12,538: INFO/ForkPoolWorker-8] initial_task[a6be37d9-69ef-4e2e-8dd5-530f0a302a9a]: group created, applying async
[2022-06-06 18:28:12,540: INFO/ForkPoolWorker-8] initial_task[a6be37d9-69ef-4e2e-8dd5-530f0a302a9a]: async applied
[2022-06-06 18:28:12,541: INFO/MainProcess] Received task: subsequent_task[30da219b-4b32-441a-97d6-d534c9cac721]  
[2022-06-06 18:28:12,542: INFO/ForkPoolWorker-8] Task initial_task[a6be37d9-69ef-4e2e-8dd5-530f0a302a9a] succeeded in 0.0043318639999974096s: 'test'
[2022-06-06 18:28:12,542: INFO/ForkPoolWorker-1] subsequent_task[30da219b-4b32-441a-97d6-d534c9cac721]: executing group
[2022-06-06 18:28:12,544: INFO/ForkPoolWorker-1] Task subsequent_task[30da219b-4b32-441a-97d6-d534c9cac721] succeeded in 0.001861668000000094s: 'foo'
[2022-06-06 18:28:22,535: INFO/MainProcess] Received task: initial_task[a3cae065-9241-4696-8c80-276e3c4ac671]  
[2022-06-06 18:28:22,536: INFO/ForkPoolWorker-8] initial_task[a3cae065-9241-4696-8c80-276e3c4ac671]: creating group
[2022-06-06 18:28:22,537: INFO/ForkPoolWorker-8] initial_task[a3cae065-9241-4696-8c80-276e3c4ac671]: group created, applying async
[2022-06-06 18:28:22,539: INFO/ForkPoolWorker-8] initial_task[a3cae065-9241-4696-8c80-276e3c4ac671]: async applied
[2022-06-06 18:28:22,539: INFO/MainProcess] Received task: subsequent_task[32645d97-9e6d-4551-802d-b33b50b8268e]  
[2022-06-06 18:28:22,540: INFO/ForkPoolWorker-8] Task initial_task[a3cae065-9241-4696-8c80-276e3c4ac671] succeeded in 0.004024863000005041s: 'test'
[2022-06-06 18:28:22,540: INFO/ForkPoolWorker-1] subsequent_task[32645d97-9e6d-4551-802d-b33b50b8268e]: executing group
[2022-06-06 18:28:22,542: INFO/ForkPoolWorker-1] Task subsequent_task[32645d97-9e6d-4551-802d-b33b50b8268e] succeeded in 0.0013749019999949041s: 'foo'
[2022-06-06 18:28:32,535: INFO/MainProcess] Received task: initial_task[3d8099c3-9294-42da-bac5-5e5363f90224]  
[2022-06-06 18:28:32,536: INFO/ForkPoolWorker-8] initial_task[3d8099c3-9294-42da-bac5-5e5363f90224]: creating group
[2022-06-06 18:28:32,537: INFO/ForkPoolWorker-8] initial_task[3d8099c3-9294-42da-bac5-5e5363f90224]: group created, applying async
[2022-06-06 18:28:32,539: INFO/ForkPoolWorker-8] initial_task[3d8099c3-9294-42da-bac5-5e5363f90224]: async applied
[2022-06-06 18:28:32,539: INFO/MainProcess] Received task: subsequent_task[9da02ede-39eb-4e53-b1f6-fa13843a2764]  
[2022-06-06 18:28:32,540: INFO/ForkPoolWorker-8] Task initial_task[3d8099c3-9294-42da-bac5-5e5363f90224] succeeded in 0.0035395029999989447s: 'test'
[2022-06-06 18:28:32,540: INFO/ForkPoolWorker-1] subsequent_task[9da02ede-39eb-4e53-b1f6-fa13843a2764]: executing group
[2022-06-06 18:28:32,541: INFO/ForkPoolWorker-1] Task subsequent_task[9da02ede-39eb-4e53-b1f6-fa13843a2764] succeeded in 0.0014211350000010725s: 'foo'
[2022-06-06 18:28:42,535: INFO/MainProcess] Received task: initial_task[888d830e-b96a-45ec-8ae2-31cfb9308c6f]  
[2022-06-06 18:28:42,536: INFO/ForkPoolWorker-8] initial_task[888d830e-b96a-45ec-8ae2-31cfb9308c6f]: creating group
[2022-06-06 18:28:42,537: INFO/ForkPoolWorker-8] initial_task[888d830e-b96a-45ec-8ae2-31cfb9308c6f]: group created, applying async
[2022-06-06 18:28:42,540: INFO/MainProcess] Received task: subsequent_task[2faa7e86-ff9e-45bf-8966-ab9626517a3e]  
[2022-06-06 18:28:42,539: INFO/ForkPoolWorker-8] initial_task[888d830e-b96a-45ec-8ae2-31cfb9308c6f]: async applied
[2022-06-06 18:28:42,541: INFO/ForkPoolWorker-8] Task initial_task[888d830e-b96a-45ec-8ae2-31cfb9308c6f] succeeded in 0.004223700000004271s: 'test'
[2022-06-06 18:28:42,541: INFO/ForkPoolWorker-1] subsequent_task[2faa7e86-ff9e-45bf-8966-ab9626517a3e]: executing group
[2022-06-06 18:28:42,542: INFO/ForkPoolWorker-1] Task subsequent_task[2faa7e86-ff9e-45bf-8966-ab9626517a3e] succeeded in 0.0015473620000037158s: 'foo'
[2022-06-06 18:28:52,536: INFO/MainProcess] Received task: initial_task[a06b88cd-2c28-4e1a-8dbc-23432abfbf91]  
[2022-06-06 18:28:52,537: INFO/ForkPoolWorker-8] initial_task[a06b88cd-2c28-4e1a-8dbc-23432abfbf91]: creating group
[2022-06-06 18:28:52,538: INFO/ForkPoolWorker-8] initial_task[a06b88cd-2c28-4e1a-8dbc-23432abfbf91]: group created, applying async
[2022-06-06 18:28:52,541: INFO/MainProcess] Received task: subsequent_task[c604c5a4-c686-441b-beb1-00bf08baa53d]  
[2022-06-06 18:28:52,540: INFO/ForkPoolWorker-8] initial_task[a06b88cd-2c28-4e1a-8dbc-23432abfbf91]: async applied
[2022-06-06 18:28:52,542: INFO/ForkPoolWorker-8] Task initial_task[a06b88cd-2c28-4e1a-8dbc-23432abfbf91] succeeded in 0.0050118979999993485s: 'test'
[2022-06-06 18:28:52,542: INFO/ForkPoolWorker-1] subsequent_task[c604c5a4-c686-441b-beb1-00bf08baa53d]: executing group
[2022-06-06 18:28:52,544: INFO/ForkPoolWorker-1] Task subsequent_task[c604c5a4-c686-441b-beb1-00bf08baa53d] succeeded in 0.0018477359999948817s: 'foo'
[2022-06-06 18:29:02,535: INFO/MainProcess] Received task: initial_task[b79a87ac-dcd9-4e2e-a442-1796477a4618]  
[2022-06-06 18:29:02,536: INFO/ForkPoolWorker-8] initial_task[b79a87ac-dcd9-4e2e-a442-1796477a4618]: creating group
[2022-06-06 18:29:02,537: INFO/ForkPoolWorker-8] initial_task[b79a87ac-dcd9-4e2e-a442-1796477a4618]: group created, applying async
[2022-06-06 18:29:02,539: INFO/ForkPoolWorker-8] initial_task[b79a87ac-dcd9-4e2e-a442-1796477a4618]: async applied
[2022-06-06 18:29:02,539: INFO/MainProcess] Received task: subsequent_task[2bf74267-4d4d-4823-a947-e45e509f461a]  
[2022-06-06 18:29:02,540: INFO/ForkPoolWorker-8] Task initial_task[b79a87ac-dcd9-4e2e-a442-1796477a4618] succeeded in 0.004042646000002037s: 'test'
[2022-06-06 18:29:02,541: INFO/ForkPoolWorker-1] subsequent_task[2bf74267-4d4d-4823-a947-e45e509f461a]: executing group
[2022-06-06 18:29:02,542: INFO/ForkPoolWorker-1] Task subsequent_task[2bf74267-4d4d-4823-a947-e45e509f461a] succeeded in 0.0018645739999954003s: 'foo'
[2022-06-06 18:29:12,535: INFO/MainProcess] Received task: initial_task[e7e71bab-d55e-4ba9-9c9c-b64f5fd88f97]  
[2022-06-06 18:29:12,536: INFO/ForkPoolWorker-8] initial_task[e7e71bab-d55e-4ba9-9c9c-b64f5fd88f97]: creating group
[2022-06-06 18:29:12,537: INFO/ForkPoolWorker-8] initial_task[e7e71bab-d55e-4ba9-9c9c-b64f5fd88f97]: group created, applying async
[2022-06-06 18:29:12,538: INFO/ForkPoolWorker-8] initial_task[e7e71bab-d55e-4ba9-9c9c-b64f5fd88f97]: async applied
[2022-06-06 18:29:12,539: INFO/MainProcess] Received task: subsequent_task[5316a2cd-8d5b-4bbf-bd66-2daccf2f2b2f]  
[2022-06-06 18:29:12,540: INFO/ForkPoolWorker-8] Task initial_task[e7e71bab-d55e-4ba9-9c9c-b64f5fd88f97] succeeded in 0.0034538180000112106s: 'test'
[2022-06-06 18:29:12,540: INFO/ForkPoolWorker-1] subsequent_task[5316a2cd-8d5b-4bbf-bd66-2daccf2f2b2f]: executing group
[2022-06-06 18:29:12,541: INFO/ForkPoolWorker-1] Task subsequent_task[5316a2cd-8d5b-4bbf-bd66-2daccf2f2b2f] succeeded in 0.0016508679999986953s: 'foo'
[2022-06-06 18:29:22,535: INFO/MainProcess] Received task: initial_task[44dba885-9819-4d44-b534-02b6eee9042a]  
[2022-06-06 18:29:22,536: INFO/ForkPoolWorker-8] initial_task[44dba885-9819-4d44-b534-02b6eee9042a]: creating group
[2022-06-06 18:29:22,537: INFO/ForkPoolWorker-8] initial_task[44dba885-9819-4d44-b534-02b6eee9042a]: group created, applying async
[2022-06-06 18:29:22,539: INFO/MainProcess] Received task: subsequent_task[b135b9b3-06ed-4509-aaa3-4f436692266f]  
[2022-06-06 18:29:22,539: INFO/ForkPoolWorker-8] initial_task[44dba885-9819-4d44-b534-02b6eee9042a]: async applied
[2022-06-06 18:29:22,540: INFO/ForkPoolWorker-8] Task initial_task[44dba885-9819-4d44-b534-02b6eee9042a] succeeded in 0.0034978079999916645s: 'test'
[2022-06-06 18:29:22,540: INFO/ForkPoolWorker-1] subsequent_task[b135b9b3-06ed-4509-aaa3-4f436692266f]: executing group
[2022-06-06 18:29:22,541: INFO/ForkPoolWorker-1] Task subsequent_task[b135b9b3-06ed-4509-aaa3-4f436692266f] succeeded in 0.0013469379999975217s: 'foo'
[2022-06-06 18:29:32,535: INFO/MainProcess] Received task: initial_task[fc0d321d-6aae-41d3-bd56-5ad6c9ef9fea]  
[2022-06-06 18:29:32,536: INFO/ForkPoolWorker-8] initial_task[fc0d321d-6aae-41d3-bd56-5ad6c9ef9fea]: creating group
[2022-06-06 18:29:32,537: INFO/ForkPoolWorker-8] initial_task[fc0d321d-6aae-41d3-bd56-5ad6c9ef9fea]: group created, applying async
[2022-06-06 18:29:32,539: INFO/MainProcess] Received task: subsequent_task[4e4737ff-3120-439e-90a3-37058316776a]  
[2022-06-06 18:29:32,538: INFO/ForkPoolWorker-8] initial_task[fc0d321d-6aae-41d3-bd56-5ad6c9ef9fea]: async applied
[2022-06-06 18:29:32,540: INFO/ForkPoolWorker-8] Task initial_task[fc0d321d-6aae-41d3-bd56-5ad6c9ef9fea] succeeded in 0.0035791669999980513s: 'test'
[2022-06-06 18:29:32,540: INFO/ForkPoolWorker-1] subsequent_task[4e4737ff-3120-439e-90a3-37058316776a]: executing group
[2022-06-06 18:29:32,541: INFO/ForkPoolWorker-1] Task subsequent_task[4e4737ff-3120-439e-90a3-37058316776a] succeeded in 0.001214222999990966s: 'foo'
[2022-06-06 18:29:46,880: INFO/MainProcess] Connected to amqp://guest:**@127.0.0.1:5672//
[2022-06-06 18:29:46,889: INFO/MainProcess] mingle: searching for neighbors
[2022-06-06 18:29:47,905: INFO/MainProcess] mingle: all alone
[2022-06-06 18:29:47,918: INFO/MainProcess] celery@Brad-Olson's-MacBook-Pro ready.
[2022-06-06 18:29:47,919: INFO/MainProcess] Received task: initial_task[2e99163c-cfc6-4c67-84b5-67c76c0eb513]  
[2022-06-06 18:29:48,027: INFO/ForkPoolWorker-8] initial_task[2e99163c-cfc6-4c67-84b5-67c76c0eb513]: creating group
[2022-06-06 18:29:48,029: INFO/ForkPoolWorker-8] initial_task[2e99163c-cfc6-4c67-84b5-67c76c0eb513]: group created, applying async
[2022-06-06 18:29:48,049: INFO/MainProcess] Received task: subsequent_task[de294dff-28f0-4e09-9715-3c0640c4b7d8]  
[2022-06-06 18:29:48,051: INFO/ForkPoolWorker-1] subsequent_task[de294dff-28f0-4e09-9715-3c0640c4b7d8]: executing group
[2022-06-06 18:29:48,054: INFO/ForkPoolWorker-8] Task initial_task[2e99163c-cfc6-4c67-84b5-67c76c0eb513] succeeded in 0.02752417600000001s: None
[2022-06-06 18:29:48,065: INFO/ForkPoolWorker-1] Task subsequent_task[de294dff-28f0-4e09-9715-3c0640c4b7d8] succeeded in 0.013959208000000167s: None
[2022-06-06 18:29:57,360: INFO/MainProcess] Received task: initial_task[e735fd6a-412f-4db5-9d5f-ec39a25e4fc3]  
[2022-06-06 18:29:57,361: INFO/ForkPoolWorker-8] initial_task[e735fd6a-412f-4db5-9d5f-ec39a25e4fc3]: creating group
[2022-06-06 18:29:57,362: INFO/ForkPoolWorker-8] initial_task[e735fd6a-412f-4db5-9d5f-ec39a25e4fc3]: group created, applying async
[2022-06-06 18:29:57,364: INFO/MainProcess] Received task: subsequent_task[f12916d1-7f28-4b55-b899-5a5e3e1fd534]  
[2022-06-06 18:29:57,364: INFO/ForkPoolWorker-8] Task initial_task[e735fd6a-412f-4db5-9d5f-ec39a25e4fc3] succeeded in 0.0029583339999987857s: None
[2022-06-06 18:29:57,365: INFO/ForkPoolWorker-1] subsequent_task[f12916d1-7f28-4b55-b899-5a5e3e1fd534]: executing group
[2022-06-06 18:29:57,367: INFO/ForkPoolWorker-1] Task subsequent_task[f12916d1-7f28-4b55-b899-5a5e3e1fd534] succeeded in 0.0014035460000005884s: None
[2022-06-06 18:30:07,360: INFO/MainProcess] Received task: initial_task[95a65291-8a06-45ca-92c4-2feea2377905]  
[2022-06-06 18:30:07,361: INFO/ForkPoolWorker-8] initial_task[95a65291-8a06-45ca-92c4-2feea2377905]: creating group
[2022-06-06 18:30:07,362: INFO/ForkPoolWorker-8] initial_task[95a65291-8a06-45ca-92c4-2feea2377905]: group created, applying async
[2022-06-06 18:30:07,364: INFO/MainProcess] Received task: subsequent_task[47c15986-f772-42ac-9674-f7e46fed864a]  
[2022-06-06 18:30:07,364: INFO/ForkPoolWorker-8] Task initial_task[95a65291-8a06-45ca-92c4-2feea2377905] succeeded in 0.0028512419999984218s: None
[2022-06-06 18:30:07,365: INFO/ForkPoolWorker-1] subsequent_task[47c15986-f772-42ac-9674-f7e46fed864a]: executing group
[2022-06-06 18:30:07,367: INFO/ForkPoolWorker-1] Task subsequent_task[47c15986-f772-42ac-9674-f7e46fed864a] succeeded in 0.0013915580000016803s: None
[2022-06-06 18:30:17,361: INFO/MainProcess] Received task: initial_task[1b9c4257-8c73-4180-b773-685d3235af6c]  
[2022-06-06 18:30:17,362: INFO/ForkPoolWorker-8] initial_task[1b9c4257-8c73-4180-b773-685d3235af6c]: creating group
[2022-06-06 18:30:17,363: INFO/ForkPoolWorker-8] initial_task[1b9c4257-8c73-4180-b773-685d3235af6c]: group created, applying async
[2022-06-06 18:30:17,366: INFO/MainProcess] Received task: subsequent_task[3445b812-bb2b-4ea1-81e6-fbd06b603d40]  
[2022-06-06 18:30:17,366: INFO/ForkPoolWorker-8] Task initial_task[1b9c4257-8c73-4180-b773-685d3235af6c] succeeded in 0.004112133000003126s: None
[2022-06-06 18:30:17,367: INFO/ForkPoolWorker-1] subsequent_task[3445b812-bb2b-4ea1-81e6-fbd06b603d40]: executing group
[2022-06-06 18:30:17,368: INFO/ForkPoolWorker-1] Task subsequent_task[3445b812-bb2b-4ea1-81e6-fbd06b603d40] succeeded in 0.001357618000000116s: None
[2022-06-06 18:30:27,361: INFO/MainProcess] Received task: initial_task[19283506-4bc9-4f59-a1d7-f32541b44891]  
[2022-06-06 18:30:27,362: INFO/ForkPoolWorker-8] initial_task[19283506-4bc9-4f59-a1d7-f32541b44891]: creating group
[2022-06-06 18:30:27,363: INFO/ForkPoolWorker-8] initial_task[19283506-4bc9-4f59-a1d7-f32541b44891]: group created, applying async
[2022-06-06 18:30:27,365: INFO/MainProcess] Received task: subsequent_task[d06794c8-ea73-49cd-928b-46bac92c6dea]  
[2022-06-06 18:30:27,366: INFO/ForkPoolWorker-8] Task initial_task[19283506-4bc9-4f59-a1d7-f32541b44891] succeeded in 0.003321270000000709s: None
[2022-06-06 18:30:27,366: INFO/ForkPoolWorker-1] subsequent_task[d06794c8-ea73-49cd-928b-46bac92c6dea]: executing group
[2022-06-06 18:30:27,368: INFO/ForkPoolWorker-1] Task subsequent_task[d06794c8-ea73-49cd-928b-46bac92c6dea] succeeded in 0.0013047090000029016s: None
[2022-06-06 18:30:37,361: INFO/MainProcess] Received task: initial_task[2983172d-67bf-4fa8-8317-420e62fd3753]  
[2022-06-06 18:30:37,362: INFO/ForkPoolWorker-8] initial_task[2983172d-67bf-4fa8-8317-420e62fd3753]: creating group
[2022-06-06 18:30:37,362: INFO/ForkPoolWorker-8] initial_task[2983172d-67bf-4fa8-8317-420e62fd3753]: group created, applying async
[2022-06-06 18:30:37,364: INFO/MainProcess] Received task: subsequent_task[f6f00fdb-7098-4aef-8a54-030cef7fdfa0]  
[2022-06-06 18:30:37,364: INFO/ForkPoolWorker-8] Task initial_task[2983172d-67bf-4fa8-8317-420e62fd3753] succeeded in 0.0027103329999960124s: None
[2022-06-06 18:30:37,365: INFO/ForkPoolWorker-1] subsequent_task[f6f00fdb-7098-4aef-8a54-030cef7fdfa0]: executing group
[2022-06-06 18:30:37,367: INFO/ForkPoolWorker-1] Task subsequent_task[f6f00fdb-7098-4aef-8a54-030cef7fdfa0] succeeded in 0.0013064899999974955s: None
[2022-06-06 18:30:47,360: INFO/MainProcess] Received task: initial_task[485ff065-ba51-4223-a3eb-b8bfa32b314d]  
[2022-06-06 18:30:47,361: INFO/ForkPoolWorker-8] initial_task[485ff065-ba51-4223-a3eb-b8bfa32b314d]: creating group
[2022-06-06 18:30:47,362: INFO/ForkPoolWorker-8] initial_task[485ff065-ba51-4223-a3eb-b8bfa32b314d]: group created, applying async
[2022-06-06 18:30:47,364: INFO/MainProcess] Received task: subsequent_task[e39e13e3-0241-4e03-b2e4-55d75804dc53]  
[2022-06-06 18:30:47,364: INFO/ForkPoolWorker-8] Task initial_task[485ff065-ba51-4223-a3eb-b8bfa32b314d] succeeded in 0.002678345999996168s: None
[2022-06-06 18:30:47,365: INFO/ForkPoolWorker-1] subsequent_task[e39e13e3-0241-4e03-b2e4-55d75804dc53]: executing group
[2022-06-06 18:30:47,366: INFO/ForkPoolWorker-1] Task subsequent_task[e39e13e3-0241-4e03-b2e4-55d75804dc53] succeeded in 0.0015799020000031305s: None
[2022-06-06 18:31:02,665: INFO/MainProcess] Connected to amqp://guest:**@127.0.0.1:5672//
[2022-06-06 18:31:02,671: INFO/MainProcess] mingle: searching for neighbors
[2022-06-06 18:31:03,692: INFO/MainProcess] mingle: all alone
[2022-06-06 18:31:03,708: INFO/MainProcess] celery@Brad-Olson's-MacBook-Pro ready.
[2022-06-06 18:31:05,950: INFO/MainProcess] Received task: initial_task[d5830669-3fb5-40a4-8999-0e83868685e4]  
[2022-06-06 18:31:05,952: INFO/ForkPoolWorker-8] initial_task[d5830669-3fb5-40a4-8999-0e83868685e4]: creating group
[2022-06-06 18:31:05,954: INFO/ForkPoolWorker-8] initial_task[d5830669-3fb5-40a4-8999-0e83868685e4]: group created, applying async
[2022-06-06 18:31:05,975: INFO/MainProcess] Received task: subsequent_task[44525643-9988-4e9e-8283-46874c480b2f]  
[2022-06-06 18:31:05,977: INFO/ForkPoolWorker-1] subsequent_task[44525643-9988-4e9e-8283-46874c480b2f]: executing subsequent task
[2022-06-06 18:31:05,979: INFO/ForkPoolWorker-8] Task initial_task[d5830669-3fb5-40a4-8999-0e83868685e4] succeeded in 0.027351698999999563s: None
[2022-06-06 18:31:05,991: INFO/ForkPoolWorker-1] Task subsequent_task[44525643-9988-4e9e-8283-46874c480b2f] succeeded in 0.014267511999999982s: None
[2022-06-06 18:31:15,931: INFO/MainProcess] Received task: initial_task[15bc6587-28bc-444f-9625-7b1b9a811a63]  
[2022-06-06 18:31:15,932: INFO/ForkPoolWorker-8] initial_task[15bc6587-28bc-444f-9625-7b1b9a811a63]: creating group
[2022-06-06 18:31:15,933: INFO/ForkPoolWorker-8] initial_task[15bc6587-28bc-444f-9625-7b1b9a811a63]: group created, applying async
[2022-06-06 18:31:15,935: INFO/MainProcess] Received task: subsequent_task[30f54fb7-4e04-4595-b8f7-de27fae355cc]  
[2022-06-06 18:31:15,935: INFO/ForkPoolWorker-8] Task initial_task[15bc6587-28bc-444f-9625-7b1b9a811a63] succeeded in 0.0031850499999990234s: None
[2022-06-06 18:31:15,936: INFO/ForkPoolWorker-8] subsequent_task[30f54fb7-4e04-4595-b8f7-de27fae355cc]: executing subsequent task
[2022-06-06 18:31:15,938: INFO/ForkPoolWorker-8] Task subsequent_task[30f54fb7-4e04-4595-b8f7-de27fae355cc] succeeded in 0.0013442609999998467s: None
[2022-06-06 18:31:25,931: INFO/MainProcess] Received task: initial_task[59a75075-ee7d-4ce7-81af-d1a0659b21b4]  
[2022-06-06 18:31:25,933: INFO/ForkPoolWorker-8] initial_task[59a75075-ee7d-4ce7-81af-d1a0659b21b4]: creating group
[2022-06-06 18:31:25,933: INFO/ForkPoolWorker-8] initial_task[59a75075-ee7d-4ce7-81af-d1a0659b21b4]: group created, applying async
[2022-06-06 18:31:25,937: INFO/MainProcess] Received task: subsequent_task[68e22c01-c970-4bfc-9631-fcced5c4f60f]  
[2022-06-06 18:31:25,938: INFO/ForkPoolWorker-8] Task initial_task[59a75075-ee7d-4ce7-81af-d1a0659b21b4] succeeded in 0.005803656000001212s: None
[2022-06-06 18:31:25,939: INFO/ForkPoolWorker-1] subsequent_task[68e22c01-c970-4bfc-9631-fcced5c4f60f]: executing subsequent task
[2022-06-06 18:31:25,941: INFO/ForkPoolWorker-1] Task subsequent_task[68e22c01-c970-4bfc-9631-fcced5c4f60f] succeeded in 0.0016627699999993695s: None
[2022-06-06 18:31:35,931: INFO/MainProcess] Received task: initial_task[66fc3cd5-ab11-4918-972f-ed368cb587ba]  
[2022-06-06 18:31:35,932: INFO/ForkPoolWorker-8] initial_task[66fc3cd5-ab11-4918-972f-ed368cb587ba]: creating group
[2022-06-06 18:31:35,933: INFO/ForkPoolWorker-8] initial_task[66fc3cd5-ab11-4918-972f-ed368cb587ba]: group created, applying async
[2022-06-06 18:31:35,936: INFO/MainProcess] Received task: subsequent_task[c43c14d7-88cc-4248-9f64-e941abff7952]  
[2022-06-06 18:31:35,936: INFO/ForkPoolWorker-8] Task initial_task[66fc3cd5-ab11-4918-972f-ed368cb587ba] succeeded in 0.0036838039999977923s: None
[2022-06-06 18:31:35,937: INFO/ForkPoolWorker-1] subsequent_task[c43c14d7-88cc-4248-9f64-e941abff7952]: executing subsequent task
[2022-06-06 18:31:35,938: INFO/ForkPoolWorker-1] Task subsequent_task[c43c14d7-88cc-4248-9f64-e941abff7952] succeeded in 0.0012597450000058075s: None
[2022-06-06 18:31:45,931: INFO/MainProcess] Received task: initial_task[0f24aa69-8e7c-4e98-979d-102154fb4020]  
[2022-06-06 18:31:45,932: INFO/ForkPoolWorker-8] initial_task[0f24aa69-8e7c-4e98-979d-102154fb4020]: creating group
[2022-06-06 18:31:45,933: INFO/ForkPoolWorker-8] initial_task[0f24aa69-8e7c-4e98-979d-102154fb4020]: group created, applying async
[2022-06-06 18:31:45,935: INFO/MainProcess] Received task: subsequent_task[c7cdddc7-e092-40ab-8627-52c8e2fc9029]  
[2022-06-06 18:31:45,935: INFO/ForkPoolWorker-8] Task initial_task[0f24aa69-8e7c-4e98-979d-102154fb4020] succeeded in 0.0029036800000028506s: None
[2022-06-06 18:31:45,936: INFO/ForkPoolWorker-1] subsequent_task[c7cdddc7-e092-40ab-8627-52c8e2fc9029]: executing subsequent task
[2022-06-06 18:31:45,937: INFO/ForkPoolWorker-1] Task subsequent_task[c7cdddc7-e092-40ab-8627-52c8e2fc9029] succeeded in 0.0013086379999975861s: None
[2022-06-06 18:31:55,931: INFO/MainProcess] Received task: initial_task[97a4970e-57b4-46d6-b0cf-fb6321f1b1bb]  
[2022-06-06 18:31:55,932: INFO/ForkPoolWorker-8] initial_task[97a4970e-57b4-46d6-b0cf-fb6321f1b1bb]: creating group
[2022-06-06 18:31:55,933: INFO/ForkPoolWorker-8] initial_task[97a4970e-57b4-46d6-b0cf-fb6321f1b1bb]: group created, applying async
[2022-06-06 18:31:55,935: INFO/MainProcess] Received task: subsequent_task[33454dc8-3075-4a03-9aaf-15f1e2f483a9]  
[2022-06-06 18:31:55,935: INFO/ForkPoolWorker-8] Task initial_task[97a4970e-57b4-46d6-b0cf-fb6321f1b1bb] succeeded in 0.0028353980000019874s: None
[2022-06-06 18:31:55,936: INFO/ForkPoolWorker-1] subsequent_task[33454dc8-3075-4a03-9aaf-15f1e2f483a9]: executing subsequent task
[2022-06-06 18:31:55,937: INFO/ForkPoolWorker-1] Task subsequent_task[33454dc8-3075-4a03-9aaf-15f1e2f483a9] succeeded in 0.0013427169999999933s: None
[2022-06-06 18:32:05,931: INFO/MainProcess] Received task: initial_task[ffca89cb-9f02-4248-bfbb-328f5b6c38b7]  
[2022-06-06 18:32:05,932: INFO/ForkPoolWorker-8] initial_task[ffca89cb-9f02-4248-bfbb-328f5b6c38b7]: creating group
[2022-06-06 18:32:05,933: INFO/ForkPoolWorker-8] initial_task[ffca89cb-9f02-4248-bfbb-328f5b6c38b7]: group created, applying async
[2022-06-06 18:32:05,935: INFO/MainProcess] Received task: subsequent_task[818a0ab6-6dba-4d8e-ad92-cc1202bdc8f9]  
[2022-06-06 18:32:05,935: INFO/ForkPoolWorker-8] Task initial_task[ffca89cb-9f02-4248-bfbb-328f5b6c38b7] succeeded in 0.002965607000007253s: None
[2022-06-06 18:32:05,936: INFO/ForkPoolWorker-1] subsequent_task[818a0ab6-6dba-4d8e-ad92-cc1202bdc8f9]: executing subsequent task
[2022-06-06 18:32:05,937: INFO/ForkPoolWorker-1] Task subsequent_task[818a0ab6-6dba-4d8e-ad92-cc1202bdc8f9] succeeded in 0.0014343110000112347s: None
[2022-06-06 18:32:15,931: INFO/MainProcess] Received task: initial_task[74bc34ad-4117-44b2-a3c5-6b073147c17e]  
[2022-06-06 18:32:15,932: INFO/ForkPoolWorker-8] initial_task[74bc34ad-4117-44b2-a3c5-6b073147c17e]: creating group
[2022-06-06 18:32:15,933: INFO/ForkPoolWorker-8] initial_task[74bc34ad-4117-44b2-a3c5-6b073147c17e]: group created, applying async
[2022-06-06 18:32:15,935: INFO/MainProcess] Received task: subsequent_task[5b673a70-ba96-4cac-a831-a832e92e9550]  
[2022-06-06 18:32:15,935: INFO/ForkPoolWorker-8] Task initial_task[74bc34ad-4117-44b2-a3c5-6b073147c17e] succeeded in 0.002934612000004222s: None
[2022-06-06 18:32:15,936: INFO/ForkPoolWorker-1] subsequent_task[5b673a70-ba96-4cac-a831-a832e92e9550]: executing subsequent task
[2022-06-06 18:32:15,938: INFO/ForkPoolWorker-1] Task subsequent_task[5b673a70-ba96-4cac-a831-a832e92e9550] succeeded in 0.0019530370000069297s: None
[2022-06-06 18:32:25,931: INFO/MainProcess] Received task: initial_task[0e485afd-62bb-4a76-b03b-cb3de422eac5]  
[2022-06-06 18:32:25,932: INFO/ForkPoolWorker-8] initial_task[0e485afd-62bb-4a76-b03b-cb3de422eac5]: creating group
[2022-06-06 18:32:25,933: INFO/ForkPoolWorker-8] initial_task[0e485afd-62bb-4a76-b03b-cb3de422eac5]: group created, applying async
[2022-06-06 18:32:25,935: INFO/MainProcess] Received task: subsequent_task[bb05d5a7-2b07-45a8-be29-68dfe5c28f43]  
[2022-06-06 18:32:25,935: INFO/ForkPoolWorker-8] Task initial_task[0e485afd-62bb-4a76-b03b-cb3de422eac5] succeeded in 0.003070286999999894s: None
[2022-06-06 18:32:25,936: INFO/ForkPoolWorker-1] subsequent_task[bb05d5a7-2b07-45a8-be29-68dfe5c28f43]: executing subsequent task
[2022-06-06 18:32:25,938: INFO/ForkPoolWorker-1] Task subsequent_task[bb05d5a7-2b07-45a8-be29-68dfe5c28f43] succeeded in 0.0013328790000031177s: None
[2022-06-06 18:32:35,932: INFO/MainProcess] Received task: initial_task[5d001fe8-609b-45af-a86d-af3fe9db030f]  
[2022-06-06 18:32:35,933: INFO/ForkPoolWorker-8] initial_task[5d001fe8-609b-45af-a86d-af3fe9db030f]: creating group
[2022-06-06 18:32:35,933: INFO/ForkPoolWorker-8] initial_task[5d001fe8-609b-45af-a86d-af3fe9db030f]: group created, applying async
[2022-06-06 18:32:35,935: INFO/MainProcess] Received task: subsequent_task[51876495-f3e0-44db-8707-1ac6e93a5382]  
[2022-06-06 18:32:35,936: INFO/ForkPoolWorker-8] Task initial_task[5d001fe8-609b-45af-a86d-af3fe9db030f] succeeded in 0.0031245679999898357s: None
[2022-06-06 18:32:35,937: INFO/ForkPoolWorker-1] subsequent_task[51876495-f3e0-44db-8707-1ac6e93a5382]: executing subsequent task
[2022-06-06 18:32:35,938: INFO/ForkPoolWorker-1] Task subsequent_task[51876495-f3e0-44db-8707-1ac6e93a5382] succeeded in 0.0013770449999981338s: None
[2022-06-06 18:32:45,932: INFO/MainProcess] Received task: initial_task[459dc33a-97a2-41f2-a0ce-efec5c995a89]  
[2022-06-06 18:32:45,933: INFO/ForkPoolWorker-8] initial_task[459dc33a-97a2-41f2-a0ce-efec5c995a89]: creating group
[2022-06-06 18:32:45,933: INFO/ForkPoolWorker-8] initial_task[459dc33a-97a2-41f2-a0ce-efec5c995a89]: group created, applying async
[2022-06-06 18:32:45,935: INFO/MainProcess] Received task: subsequent_task[84986144-89d5-4558-9589-4a017dd28108]  
[2022-06-06 18:32:45,936: INFO/ForkPoolWorker-8] Task initial_task[459dc33a-97a2-41f2-a0ce-efec5c995a89] succeeded in 0.002723912999996969s: None
[2022-06-06 18:32:45,936: INFO/ForkPoolWorker-1] subsequent_task[84986144-89d5-4558-9589-4a017dd28108]: executing subsequent task
[2022-06-06 18:32:45,937: INFO/ForkPoolWorker-1] Task subsequent_task[84986144-89d5-4558-9589-4a017dd28108] succeeded in 0.0012988179999950944s: None
